Unexpected keys (head.head_dist.bn.num_batches_tracked, head.head_dist.bn.bias, head.head_dist.bn.running_mean, head.head_dist.bn.running_var, head.head_dist.bn.weight) found while loading pretrained weights. This may be expected if model is being adapted.
[env] torch=2.14.0+cu126 timm=1.0.29 cuda=True device=cuda | python=3.14.5
[label] K=37 | 0=Abyssinian | 1=American Bulldog | 36=Yorkshire Terrier
[data] train=2940 val=740 test=3669 | 类别覆盖 train=37/val=37/test=37 (K=37)
[data] root=data/oxford-iiit-pet train_list=datasets/lists/pet_train.txt val_list=datasets/lists/pet_val.txt test_list=datasets/lists/pet_test.txt
[model] name=repvit_m0_9 tag=dist_300e_in1k hf_hub_id=timm/repvit_m0_9.dist_300e_in1k distillation=False
[model] 参数量 total=4,732,805 trainable=4,732,805 head=15,013
[model] 口径：未融合、单头、C=37 = 4,732,805（≈4.73M），本任务应命中此值；timm 裸 create_model 的未融合蒸馏双头 C=1000 = 5,489,328（≈5.49M）；未融合、单头、C=1000 = 5,103,560（≈5.10M）；融合后单头 = 5,067,056（C=1000，融合后单头）/ 4,696,301（C=37，融合后单头），净减 36,504，以本机实测为准
[optim] group=backbone_decay     n_params=126  lr=5.000e-05 wd=0.05
[optim] group=backbone_no_decay  n_params=255  lr=5.000e-05 wd=0.0
[optim] group=head_no_decay      n_params=3    lr=1.000e-03 wd=0.0
[optim] group=head_decay         n_params=1    lr=1.000e-03 wd=0.05
[eval] n=740 loss=3.6490 top1=1.62% top5=11.62% macroF1=1.64% balAcc=1.62% (37 类随机水平 2.70%)
[Epoch 000/039] train_loss=3.6506 train_acc1=1.88% | val_loss=3.6490 val_top1=1.62% val_top5=11.62% macroF1=0.0164 | lr_bb=1.70e-05 lr_head=3.40e-04 | gnorm=2.05 | 61.2s | best=0.0164(ep0) | no_improve=0
[eval] n=740 loss=2.9453 top1=63.78% top5=90.54% macroF1=62.41% balAcc=63.78% (37 类随机水平 2.70%)
[Epoch 001/039] train_loss=3.3660 train_acc1=28.16% | val_loss=2.9453 val_top1=63.78% val_top5=90.54% macroF1=0.6241 | lr_bb=3.35e-05 lr_head=6.70e-04 | gnorm=1.97 | 6.4s | best=0.6241(ep1) | no_improve=0
[eval] n=740 loss=1.6459 top1=81.89% top5=99.59% macroF1=80.96% balAcc=81.89% (37 类随机水平 2.70%)
[Epoch 002/039] train_loss=2.5714 train_acc1=70.66% | val_loss=1.6459 val_top1=81.89% val_top5=99.59% macroF1=0.8096 | lr_bb=5.00e-05 lr_head=1.00e-03 | gnorm=2.32 | 6.6s | best=0.8096(ep2) | no_improve=0
[eval] n=740 loss=0.6526 top1=88.78% top5=99.86% macroF1=88.67% balAcc=88.78% (37 类随机水平 2.70%)
[Epoch 003/039] train_loss=1.6006 train_acc1=83.06% | val_loss=0.6526 val_top1=88.78% val_top5=99.86% macroF1=0.8867 | lr_bb=4.99e-05 lr_head=9.98e-04 | gnorm=2.37 | 6.1s | best=0.8867(ep3) | no_improve=0
[eval] n=740 loss=0.4531 top1=90.54% top5=99.86% macroF1=90.46% balAcc=90.54% (37 类随机水平 2.70%)
[Epoch 004/039] train_loss=1.1671 train_acc1=88.23% | val_loss=0.4531 val_top1=90.54% val_top5=99.86% macroF1=0.9046 | lr_bb=4.97e-05 lr_head=9.93e-04 | gnorm=2.40 | 7.0s | best=0.9046(ep4) | no_improve=0
[eval] n=740 loss=0.3883 top1=91.35% top5=99.86% macroF1=91.28% balAcc=91.35% (37 类随机水平 2.70%)
[Epoch 005/039] train_loss=1.0300 train_acc1=91.08% | val_loss=0.3883 val_top1=91.35% val_top5=99.86% macroF1=0.9128 | lr_bb=4.94e-05 lr_head=9.84e-04 | gnorm=2.25 | 7.1s | best=0.9128(ep5) | no_improve=0
[eval] n=740 loss=0.3591 top1=92.43% top5=99.86% macroF1=92.41% balAcc=92.43% (37 类随机水平 2.70%)
[Epoch 006/039] train_loss=0.9768 train_acc1=92.57% | val_loss=0.3591 val_top1=92.43% val_top5=99.86% macroF1=0.9241 | lr_bb=4.89e-05 lr_head=9.72e-04 | gnorm=2.38 | 7.5s | best=0.9241(ep6) | no_improve=0
[eval] n=740 loss=0.3574 top1=91.62% top5=99.86% macroF1=91.57% balAcc=91.62% (37 类随机水平 2.70%)
[Epoch 007/039] train_loss=0.9436 train_acc1=93.61% | val_loss=0.3574 val_top1=91.62% val_top5=99.86% macroF1=0.9157 | lr_bb=4.82e-05 lr_head=9.56e-04 | gnorm=2.26 | 6.9s | best=0.9241(ep6) | no_improve=1
[eval] n=740 loss=0.3386 top1=92.57% top5=99.86% macroF1=92.51% balAcc=92.57% (37 类随机水平 2.70%)
[Epoch 008/039] train_loss=0.9061 train_acc1=94.86% | val_loss=0.3386 val_top1=92.57% val_top5=99.86% macroF1=0.9251 | lr_bb=4.75e-05 lr_head=9.37e-04 | gnorm=2.22 | 7.1s | best=0.9251(ep8) | no_improve=0
[eval] n=740 loss=0.3410 top1=92.70% top5=99.86% macroF1=92.67% balAcc=92.70% (37 类随机水平 2.70%)
[Epoch 009/039] train_loss=0.8904 train_acc1=95.24% | val_loss=0.3410 val_top1=92.70% val_top5=99.86% macroF1=0.9267 | lr_bb=4.66e-05 lr_head=9.15e-04 | gnorm=2.05 | 7.1s | best=0.9267(ep9) | no_improve=0
[eval] n=740 loss=0.3378 top1=92.43% top5=99.86% macroF1=92.41% balAcc=92.43% (37 类随机水平 2.70%)
[Epoch 010/039] train_loss=0.8705 train_acc1=96.11% | val_loss=0.3378 val_top1=92.43% val_top5=99.86% macroF1=0.9241 | lr_bb=4.56e-05 lr_head=8.90e-04 | gnorm=2.07 | 6.9s | best=0.9267(ep9) | no_improve=1
[eval] n=740 loss=0.3433 top1=93.38% top5=99.86% macroF1=93.35% balAcc=93.38% (37 类随机水平 2.70%)
[Epoch 011/039] train_loss=0.8512 train_acc1=96.63% | val_loss=0.3433 val_top1=93.38% val_top5=99.86% macroF1=0.9335 | lr_bb=4.44e-05 lr_head=8.62e-04 | gnorm=1.98 | 6.8s | best=0.9335(ep11) | no_improve=0
[eval] n=740 loss=0.3379 top1=93.92% top5=99.86% macroF1=93.95% balAcc=93.92% (37 类随机水平 2.70%)
[Epoch 012/039] train_loss=0.8430 train_acc1=97.01% | val_loss=0.3379 val_top1=93.92% val_top5=99.86% macroF1=0.9395 | lr_bb=4.32e-05 lr_head=8.32e-04 | gnorm=1.97 | 6.7s | best=0.9395(ep12) | no_improve=0
[eval] n=740 loss=0.3330 top1=93.24% top5=99.86% macroF1=93.23% balAcc=93.24% (37 类随机水平 2.70%)
[Epoch 013/039] train_loss=0.8260 train_acc1=97.85% | val_loss=0.3330 val_top1=93.24% val_top5=99.86% macroF1=0.9323 | lr_bb=4.19e-05 lr_head=7.99e-04 | gnorm=1.80 | 6.8s | best=0.9395(ep12) | no_improve=1
[eval] n=740 loss=0.3283 top1=93.78% top5=99.86% macroF1=93.80% balAcc=93.78% (37 类随机水平 2.70%)
[Epoch 014/039] train_loss=0.8246 train_acc1=97.71% | val_loss=0.3283 val_top1=93.78% val_top5=99.86% macroF1=0.9380 | lr_bb=4.05e-05 lr_head=7.65e-04 | gnorm=1.84 | 6.8s | best=0.9395(ep12) | no_improve=2
[eval] n=740 loss=0.3303 top1=94.19% top5=99.86% macroF1=94.21% balAcc=94.19% (37 类随机水平 2.70%)
[Epoch 015/039] train_loss=0.8195 train_acc1=97.81% | val_loss=0.3303 val_top1=94.19% val_top5=99.86% macroF1=0.9421 | lr_bb=3.90e-05 lr_head=7.28e-04 | gnorm=1.82 | 6.8s | best=0.9421(ep15) | no_improve=0
[eval] n=740 loss=0.3305 top1=93.78% top5=99.73% macroF1=93.79% balAcc=93.78% (37 类随机水平 2.70%)
[Epoch 016/039] train_loss=0.8106 train_acc1=98.23% | val_loss=0.3305 val_top1=93.78% val_top5=99.73% macroF1=0.9379 | lr_bb=3.75e-05 lr_head=6.90e-04 | gnorm=1.76 | 6.7s | best=0.9421(ep15) | no_improve=1
[eval] n=740 loss=0.3316 top1=93.65% top5=99.73% macroF1=93.67% balAcc=93.65% (37 类随机水平 2.70%)
[Epoch 017/039] train_loss=0.8041 train_acc1=98.30% | val_loss=0.3316 val_top1=93.65% val_top5=99.73% macroF1=0.9367 | lr_bb=3.59e-05 lr_head=6.50e-04 | gnorm=1.76 | 6.8s | best=0.9421(ep15) | no_improve=2
[eval] n=740 loss=0.3296 top1=93.78% top5=99.73% macroF1=93.81% balAcc=93.78% (37 类随机水平 2.70%)
[Epoch 018/039] train_loss=0.7954 train_acc1=98.54% | val_loss=0.3296 val_top1=93.78% val_top5=99.73% macroF1=0.9381 | lr_bb=3.42e-05 lr_head=6.09e-04 | gnorm=1.61 | 6.8s | best=0.9421(ep15) | no_improve=3
[eval] n=740 loss=0.3311 top1=94.05% top5=99.73% macroF1=94.08% balAcc=94.05% (37 类随机水平 2.70%)
[Epoch 019/039] train_loss=0.7890 train_acc1=98.82% | val_loss=0.3311 val_top1=94.05% val_top5=99.73% macroF1=0.9408 | lr_bb=3.25e-05 lr_head=5.68e-04 | gnorm=1.67 | 6.7s | best=0.9421(ep15) | no_improve=4
[eval] n=740 loss=0.3394 top1=93.92% top5=99.73% macroF1=93.90% balAcc=93.92% (37 类随机水平 2.70%)
[Epoch 020/039] train_loss=0.7926 train_acc1=98.37% | val_loss=0.3394 val_top1=93.92% val_top5=99.73% macroF1=0.9390 | lr_bb=3.08e-05 lr_head=5.26e-04 | gnorm=1.72 | 6.9s | best=0.9421(ep15) | no_improve=5
[eval] n=740 loss=0.3221 top1=93.92% top5=99.59% macroF1=93.94% balAcc=93.92% (37 类随机水平 2.70%)
[Epoch 021/039] train_loss=0.7883 train_acc1=98.68% | val_loss=0.3221 val_top1=93.92% val_top5=99.59% macroF1=0.9394 | lr_bb=2.92e-05 lr_head=4.84e-04 | gnorm=1.66 | 6.7s | best=0.9421(ep15) | no_improve=6
[eval] n=740 loss=0.3351 top1=93.92% top5=99.59% macroF1=93.91% balAcc=93.92% (37 类随机水平 2.70%)
[Epoch 022/039] train_loss=0.7832 train_acc1=98.99% | val_loss=0.3351 val_top1=93.92% val_top5=99.59% macroF1=0.9391 | lr_bb=2.75e-05 lr_head=4.42e-04 | gnorm=1.48 | 6.9s | best=0.9421(ep15) | no_improve=7
[eval] n=740 loss=0.3351 top1=94.19% top5=99.73% macroF1=94.17% balAcc=94.19% (37 类随机水平 2.70%)
[Epoch 023/039] train_loss=0.7801 train_acc1=98.78% | val_loss=0.3351 val_top1=94.19% val_top5=99.73% macroF1=0.9417 | lr_bb=2.58e-05 lr_head=4.01e-04 | gnorm=1.69 | 6.6s | best=0.9421(ep15) | no_improve=8
[eval] n=740 loss=0.3434 top1=93.51% top5=99.32% macroF1=93.54% balAcc=93.51% (37 类随机水平 2.70%)
[Epoch 024/039] train_loss=0.7766 train_acc1=98.65% | val_loss=0.3434 val_top1=93.51% val_top5=99.32% macroF1=0.9354 | lr_bb=2.41e-05 lr_head=3.60e-04 | gnorm=1.61 | 7.2s | best=0.9421(ep15) | no_improve=9
[eval] n=740 loss=0.3417 top1=94.05% top5=99.59% macroF1=94.06% balAcc=94.05% (37 类随机水平 2.70%)
[Epoch 025/039] train_loss=0.7753 train_acc1=98.61% | val_loss=0.3417 val_top1=94.05% val_top5=99.59% macroF1=0.9406 | lr_bb=2.25e-05 lr_head=3.20e-04 | gnorm=1.46 | 7.4s | best=0.9421(ep15) | no_improve=10
[eval] n=740 loss=0.3344 top1=93.92% top5=99.59% macroF1=93.92% balAcc=93.92% (37 类随机水平 2.70%)
[Epoch 026/039] train_loss=0.7683 train_acc1=98.92% | val_loss=0.3344 val_top1=93.92% val_top5=99.59% macroF1=0.9392 | lr_bb=2.10e-05 lr_head=2.82e-04 | gnorm=1.54 | 6.8s | best=0.9421(ep15) | no_improve=11
[eval] n=740 loss=0.3333 top1=93.51% top5=99.46% macroF1=93.53% balAcc=93.51% (37 类随机水平 2.70%)
[Epoch 027/039] train_loss=0.7762 train_acc1=98.65% | val_loss=0.3333 val_top1=93.51% val_top5=99.46% macroF1=0.9353 | lr_bb=1.95e-05 lr_head=2.45e-04 | gnorm=1.63 | 6.8s | best=0.9421(ep15) | no_improve=12
[eval] n=740 loss=0.3380 top1=93.92% top5=99.46% macroF1=93.94% balAcc=93.92% (37 类随机水平 2.70%)
[Epoch 028/039] train_loss=0.7706 train_acc1=98.61% | val_loss=0.3380 val_top1=93.92% val_top5=99.46% macroF1=0.9394 | lr_bb=1.81e-05 lr_head=2.11e-04 | gnorm=1.66 | 6.8s | best=0.9421(ep15) | no_improve=13
[eval] n=740 loss=0.3368 top1=93.78% top5=99.59% macroF1=93.81% balAcc=93.78% (37 类随机水平 2.70%)
[Epoch 029/039] train_loss=0.7683 train_acc1=99.13% | val_loss=0.3368 val_top1=93.78% val_top5=99.59% macroF1=0.9381 | lr_bb=1.68e-05 lr_head=1.78e-04 | gnorm=1.51 | 7.4s | best=0.9421(ep15) | no_improve=14
[eval] n=740 loss=0.3363 top1=93.92% top5=99.59% macroF1=93.92% balAcc=93.92% (37 类随机水平 2.70%)
[Epoch 030/039] train_loss=0.7657 train_acc1=99.13% | val_loss=0.3363 val_top1=93.92% val_top5=99.59% macroF1=0.9392 | lr_bb=1.56e-05 lr_head=1.48e-04 | gnorm=1.31 | 6.8s | best=0.9421(ep15) | no_improve=15
[eval] n=740 loss=0.3282 top1=94.19% top5=99.59% macroF1=94.20% balAcc=94.19% (37 类随机水平 2.70%)
[Epoch 031/039] train_loss=0.7641 train_acc1=99.17% | val_loss=0.3282 val_top1=94.19% val_top5=99.59% macroF1=0.9420 | lr_bb=1.44e-05 lr_head=1.20e-04 | gnorm=1.39 | 7.3s | best=0.9421(ep15) | no_improve=16
[eval] n=740 loss=0.3351 top1=94.19% top5=99.46% macroF1=94.19% balAcc=94.19% (37 类随机水平 2.70%)
[Epoch 032/039] train_loss=0.7613 train_acc1=99.10% | val_loss=0.3351 val_top1=94.19% val_top5=99.46% macroF1=0.9419 | lr_bb=1.34e-05 lr_head=9.49e-05 | gnorm=1.34 | 6.9s | best=0.9421(ep15) | no_improve=17
[eval] n=740 loss=0.3328 top1=93.78% top5=99.46% macroF1=93.79% balAcc=93.78% (37 类随机水平 2.70%)
[Epoch 033/039] train_loss=0.7656 train_acc1=98.89% | val_loss=0.3328 val_top1=93.78% val_top5=99.46% macroF1=0.9379 | lr_bb=1.25e-05 lr_head=7.29e-05 | gnorm=1.37 | 6.8s | best=0.9421(ep15) | no_improve=18
[eval] n=740 loss=0.3421 top1=93.78% top5=99.59% macroF1=93.81% balAcc=93.78% (37 类随机水平 2.70%)
[Epoch 034/039] train_loss=0.7655 train_acc1=99.10% | val_loss=0.3421 val_top1=93.78% val_top5=99.59% macroF1=0.9381 | lr_bb=1.18e-05 lr_head=5.39e-05 | gnorm=1.47 | 7.3s | best=0.9421(ep15) | no_improve=19
[eval] n=740 loss=0.3426 top1=94.05% top5=99.46% macroF1=94.07% balAcc=94.05% (37 类随机水平 2.70%)
[Epoch 035/039] train_loss=0.7602 train_acc1=99.20% | val_loss=0.3426 val_top1=94.05% val_top5=99.46% macroF1=0.9407 | lr_bb=1.11e-05 lr_head=3.83e-05 | gnorm=1.33 | 7.0s | best=0.9421(ep15) | no_improve=20
[eval] n=740 loss=0.3486 top1=93.92% top5=99.46% macroF1=93.93% balAcc=93.92% (37 类随机水平 2.70%)
[Epoch 036/039] train_loss=0.7604 train_acc1=99.10% | val_loss=0.3486 val_top1=93.92% val_top5=99.46% macroF1=0.9393 | lr_bb=1.06e-05 lr_head=2.60e-05 | gnorm=1.35 | 7.0s | best=0.9421(ep15) | no_improve=21
[eval] n=740 loss=0.3446 top1=93.65% top5=99.59% macroF1=93.66% balAcc=93.65% (37 类随机水平 2.70%)
[Epoch 037/039] train_loss=0.7560 train_acc1=99.27% | val_loss=0.3446 val_top1=93.65% val_top5=99.59% macroF1=0.9366 | lr_bb=1.03e-05 lr_head=1.71e-05 | gnorm=1.24 | 7.1s | best=0.9421(ep15) | no_improve=22
[eval] n=740 loss=0.3428 top1=93.78% top5=99.59% macroF1=93.78% balAcc=93.78% (37 类随机水平 2.70%)
[Epoch 038/039] train_loss=0.7580 train_acc1=99.03% | val_loss=0.3428 val_top1=93.78% val_top5=99.59% macroF1=0.9378 | lr_bb=1.01e-05 lr_head=1.18e-05 | gnorm=1.37 | 6.5s | best=0.9421(ep15) | no_improve=23
[eval] n=740 loss=0.3491 top1=93.51% top5=99.59% macroF1=93.53% balAcc=93.51% (37 类随机水平 2.70%)
[Epoch 039/039] train_loss=0.7611 train_acc1=99.03% | val_loss=0.3491 val_top1=93.51% val_top5=99.59% macroF1=0.9353 | lr_bb=1.00e-05 lr_head=1.00e-05 | gnorm=1.43 | 6.6s | best=0.9421(ep15) | no_improve=24
[eval] n=3669 loss=0.4005 top1=92.18% top5=99.48% macroF1=92.09% balAcc=92.13% (37 类随机水平 2.70%)
[done] test Top-1=92.18% Top-5=99.48% Macro-F1=92.09% | 结果写入 outputs\metrics\opt_abl_b_test.json
