Unexpected keys (head.head_dist.bn.num_batches_tracked, head.head_dist.bn.bias, head.head_dist.bn.running_mean, head.head_dist.bn.running_var, head.head_dist.bn.weight) found while loading pretrained weights. This may be expected if model is being adapted.
[env] torch=2.14.0+cu126 timm=1.0.29 cuda=True device=cuda | python=3.14.5
[label] K=37 | 0=Abyssinian | 1=American Bulldog | 36=Yorkshire Terrier
[data] train=2940 val=740 test=3669 | 类别覆盖 train=37/val=37/test=37 (K=37)
[data] root=data/oxford-iiit-pet train_list=datasets/lists/pet_train.txt val_list=datasets/lists/pet_val.txt test_list=datasets/lists/pet_test.txt
[model] name=repvit_m0_9 tag=dist_300e_in1k hf_hub_id=timm/repvit_m0_9.dist_300e_in1k distillation=False
[model] 参数量 total=4,732,805 trainable=4,732,805 head=15,013
[model] 口径：未融合、单头、C=37 = 4,732,805（≈4.73M），本任务应命中此值；timm 裸 create_model 的未融合蒸馏双头 C=1000 = 5,489,328（≈5.49M）；未融合、单头、C=1000 = 5,103,560（≈5.10M）；融合后单头 = 5,067,056（C=1000，融合后单头）/ 4,696,301（C=37，融合后单头），净减 36,504，以本机实测为准
[optim] group=backbone_decay     n_params=126  lr=1.000e-04 wd=0.05
[optim] group=backbone_no_decay  n_params=255  lr=1.000e-04 wd=0.0
[optim] group=head_no_decay      n_params=3    lr=1.000e-03 wd=0.0
[optim] group=head_decay         n_params=1    lr=1.000e-03 wd=0.05
[eval] n=740 loss=3.6468 top1=1.62% top5=11.62% macroF1=1.65% balAcc=1.62% (37 类随机水平 2.70%)
[Epoch 000/039] train_loss=3.6501 train_acc1=1.74% | val_loss=3.6468 val_top1=1.62% val_top5=11.62% macroF1=0.0165 | lr_bb=3.40e-05 lr_head=3.40e-04 | gnorm=2.04 | 51.9s | best=0.0165(ep0) | no_improve=0
[eval] n=740 loss=2.8773 top1=66.22% top5=91.62% macroF1=65.06% balAcc=66.22% (37 类随机水平 2.70%)
[Epoch 001/039] train_loss=3.3403 train_acc1=29.97% | val_loss=2.8773 val_top1=66.22% val_top5=91.62% macroF1=0.6506 | lr_bb=6.70e-05 lr_head=6.70e-04 | gnorm=2.04 | 6.0s | best=0.6506(ep1) | no_improve=0
[eval] n=740 loss=1.3185 top1=84.59% top5=99.59% macroF1=83.97% balAcc=84.59% (37 类随机水平 2.70%)
[Epoch 002/039] train_loss=2.4175 train_acc1=73.75% | val_loss=1.3185 val_top1=84.59% val_top5=99.59% macroF1=0.8397 | lr_bb=1.00e-04 lr_head=1.00e-03 | gnorm=2.22 | 5.9s | best=0.8397(ep2) | no_improve=0
[eval] n=740 loss=0.5146 top1=89.46% top5=99.86% macroF1=89.38% balAcc=89.46% (37 类随机水平 2.70%)
[Epoch 003/039] train_loss=1.3996 train_acc1=85.94% | val_loss=0.5146 val_top1=89.46% val_top5=99.86% macroF1=0.8938 | lr_bb=9.98e-05 lr_head=9.98e-04 | gnorm=2.12 | 5.8s | best=0.8938(ep3) | no_improve=0
[eval] n=740 loss=0.4031 top1=91.62% top5=99.73% macroF1=91.58% balAcc=91.62% (37 类随机水平 2.70%)
[Epoch 004/039] train_loss=1.0660 train_acc1=89.76% | val_loss=0.4031 val_top1=91.62% val_top5=99.73% macroF1=0.9158 | lr_bb=9.94e-05 lr_head=9.93e-04 | gnorm=2.34 | 5.8s | best=0.9158(ep4) | no_improve=0
[eval] n=740 loss=0.3637 top1=92.30% top5=100.00% macroF1=92.24% balAcc=92.30% (37 类随机水平 2.70%)
[Epoch 005/039] train_loss=0.9586 train_acc1=93.30% | val_loss=0.3637 val_top1=92.30% val_top5=100.00% macroF1=0.9224 | lr_bb=9.85e-05 lr_head=9.84e-04 | gnorm=2.17 | 5.9s | best=0.9224(ep5) | no_improve=0
[eval] n=740 loss=0.3420 top1=92.97% top5=99.86% macroF1=92.97% balAcc=92.97% (37 类随机水平 2.70%)
[Epoch 006/039] train_loss=0.9140 train_acc1=94.55% | val_loss=0.3420 val_top1=92.97% val_top5=99.86% macroF1=0.9297 | lr_bb=9.74e-05 lr_head=9.72e-04 | gnorm=2.12 | 6.0s | best=0.9297(ep6) | no_improve=0
[eval] n=740 loss=0.3413 top1=93.11% top5=99.86% macroF1=93.10% balAcc=93.11% (37 类随机水平 2.70%)
[Epoch 007/039] train_loss=0.8835 train_acc1=95.24% | val_loss=0.3413 val_top1=93.11% val_top5=99.86% macroF1=0.9310 | lr_bb=9.60e-05 lr_head=9.56e-04 | gnorm=2.09 | 5.8s | best=0.9310(ep7) | no_improve=0
[eval] n=740 loss=0.3338 top1=92.97% top5=99.86% macroF1=92.95% balAcc=92.97% (37 类随机水平 2.70%)
[Epoch 008/039] train_loss=0.8504 train_acc1=96.60% | val_loss=0.3338 val_top1=92.97% val_top5=99.86% macroF1=0.9295 | lr_bb=9.43e-05 lr_head=9.37e-04 | gnorm=1.85 | 5.9s | best=0.9310(ep7) | no_improve=1
[eval] n=740 loss=0.3369 top1=93.11% top5=99.86% macroF1=93.10% balAcc=93.11% (37 类随机水平 2.70%)
[Epoch 009/039] train_loss=0.8382 train_acc1=96.84% | val_loss=0.3369 val_top1=93.11% val_top5=99.86% macroF1=0.9310 | lr_bb=9.23e-05 lr_head=9.15e-04 | gnorm=1.88 | 5.8s | best=0.9310(ep9) | no_improve=0
[eval] n=740 loss=0.3463 top1=93.24% top5=99.86% macroF1=93.18% balAcc=93.24% (37 类随机水平 2.70%)
[Epoch 010/039] train_loss=0.8190 train_acc1=97.43% | val_loss=0.3463 val_top1=93.24% val_top5=99.86% macroF1=0.9318 | lr_bb=9.00e-05 lr_head=8.90e-04 | gnorm=1.77 | 6.1s | best=0.9318(ep10) | no_improve=0
[eval] n=740 loss=0.3477 top1=93.65% top5=99.86% macroF1=93.65% balAcc=93.65% (37 类随机水平 2.70%)
[Epoch 011/039] train_loss=0.8033 train_acc1=98.06% | val_loss=0.3477 val_top1=93.65% val_top5=99.86% macroF1=0.9365 | lr_bb=8.75e-05 lr_head=8.62e-04 | gnorm=1.69 | 5.9s | best=0.9365(ep11) | no_improve=0
[eval] n=740 loss=0.3343 top1=93.51% top5=100.00% macroF1=93.53% balAcc=93.51% (37 类随机水平 2.70%)
[Epoch 012/039] train_loss=0.7972 train_acc1=98.02% | val_loss=0.3343 val_top1=93.51% val_top5=100.00% macroF1=0.9353 | lr_bb=8.47e-05 lr_head=8.32e-04 | gnorm=1.71 | 6.0s | best=0.9365(ep11) | no_improve=1
[eval] n=740 loss=0.3361 top1=93.92% top5=99.86% macroF1=93.92% balAcc=93.92% (37 类随机水平 2.70%)
[Epoch 013/039] train_loss=0.7827 train_acc1=98.85% | val_loss=0.3361 val_top1=93.92% val_top5=99.86% macroF1=0.9392 | lr_bb=8.18e-05 lr_head=7.99e-04 | gnorm=1.51 | 5.8s | best=0.9392(ep13) | no_improve=0
[eval] n=740 loss=0.3266 top1=93.78% top5=99.86% macroF1=93.82% balAcc=93.78% (37 类随机水平 2.70%)
[Epoch 014/039] train_loss=0.7853 train_acc1=98.19% | val_loss=0.3266 val_top1=93.78% val_top5=99.86% macroF1=0.9382 | lr_bb=7.86e-05 lr_head=7.65e-04 | gnorm=1.59 | 5.9s | best=0.9392(ep13) | no_improve=1
[eval] n=740 loss=0.3301 top1=94.19% top5=99.86% macroF1=94.21% balAcc=94.19% (37 类随机水平 2.70%)
[Epoch 015/039] train_loss=0.7819 train_acc1=98.26% | val_loss=0.3301 val_top1=94.19% val_top5=99.86% macroF1=0.9421 | lr_bb=7.53e-05 lr_head=7.28e-04 | gnorm=1.50 | 6.1s | best=0.9421(ep15) | no_improve=0
[eval] n=740 loss=0.3443 top1=93.51% top5=99.86% macroF1=93.50% balAcc=93.51% (37 类随机水平 2.70%)
[Epoch 016/039] train_loss=0.7731 train_acc1=98.85% | val_loss=0.3443 val_top1=93.51% val_top5=99.86% macroF1=0.9350 | lr_bb=7.18e-05 lr_head=6.90e-04 | gnorm=1.45 | 5.9s | best=0.9421(ep15) | no_improve=1
[eval] n=740 loss=0.3338 top1=93.38% top5=100.00% macroF1=93.38% balAcc=93.38% (37 类随机水平 2.70%)
[Epoch 017/039] train_loss=0.7706 train_acc1=98.58% | val_loss=0.3338 val_top1=93.38% val_top5=100.00% macroF1=0.9338 | lr_bb=6.82e-05 lr_head=6.50e-04 | gnorm=1.42 | 6.1s | best=0.9421(ep15) | no_improve=2
[eval] n=740 loss=0.3341 top1=93.92% top5=99.59% macroF1=93.96% balAcc=93.92% (37 类随机水平 2.70%)
[Epoch 018/039] train_loss=0.7623 train_acc1=98.92% | val_loss=0.3341 val_top1=93.92% val_top5=99.59% macroF1=0.9396 | lr_bb=6.45e-05 lr_head=6.09e-04 | gnorm=1.32 | 6.0s | best=0.9421(ep15) | no_improve=3
[eval] n=740 loss=0.3382 top1=93.92% top5=99.73% macroF1=93.95% balAcc=93.92% (37 类随机水平 2.70%)
[Epoch 019/039] train_loss=0.7564 train_acc1=98.96% | val_loss=0.3382 val_top1=93.92% val_top5=99.73% macroF1=0.9395 | lr_bb=6.07e-05 lr_head=5.68e-04 | gnorm=1.26 | 6.0s | best=0.9421(ep15) | no_improve=4
[eval] n=740 loss=0.3543 top1=93.78% top5=99.73% macroF1=93.77% balAcc=93.78% (37 类随机水平 2.70%)
[Epoch 020/039] train_loss=0.7597 train_acc1=98.75% | val_loss=0.3543 val_top1=93.78% val_top5=99.73% macroF1=0.9377 | lr_bb=5.69e-05 lr_head=5.26e-04 | gnorm=1.34 | 6.0s | best=0.9421(ep15) | no_improve=5
[eval] n=740 loss=0.3283 top1=93.78% top5=99.73% macroF1=93.82% balAcc=93.78% (37 类随机水平 2.70%)
[Epoch 021/039] train_loss=0.7568 train_acc1=98.82% | val_loss=0.3283 val_top1=93.78% val_top5=99.73% macroF1=0.9382 | lr_bb=5.31e-05 lr_head=4.84e-04 | gnorm=1.44 | 5.9s | best=0.9421(ep15) | no_improve=6
[eval] n=740 loss=0.3498 top1=93.78% top5=99.86% macroF1=93.79% balAcc=93.78% (37 类随机水平 2.70%)
[Epoch 022/039] train_loss=0.7508 train_acc1=99.24% | val_loss=0.3498 val_top1=93.78% val_top5=99.86% macroF1=0.9379 | lr_bb=4.93e-05 lr_head=4.42e-04 | gnorm=1.16 | 5.9s | best=0.9421(ep15) | no_improve=7
[eval] n=740 loss=0.3500 top1=94.05% top5=99.73% macroF1=94.05% balAcc=94.05% (37 类随机水平 2.70%)
[Epoch 023/039] train_loss=0.7516 train_acc1=98.92% | val_loss=0.3500 val_top1=94.05% val_top5=99.73% macroF1=0.9405 | lr_bb=4.55e-05 lr_head=4.01e-04 | gnorm=1.33 | 5.9s | best=0.9421(ep15) | no_improve=8
[eval] n=740 loss=0.3482 top1=93.38% top5=99.73% macroF1=93.37% balAcc=93.38% (37 类随机水平 2.70%)
[Epoch 024/039] train_loss=0.7469 train_acc1=99.13% | val_loss=0.3482 val_top1=93.38% val_top5=99.73% macroF1=0.9337 | lr_bb=4.18e-05 lr_head=3.60e-04 | gnorm=1.26 | 5.9s | best=0.9421(ep15) | no_improve=9
[eval] n=740 loss=0.3494 top1=94.19% top5=99.73% macroF1=94.21% balAcc=94.19% (37 类随机水平 2.70%)
[Epoch 025/039] train_loss=0.7456 train_acc1=99.24% | val_loss=0.3494 val_top1=94.19% val_top5=99.73% macroF1=0.9421 | lr_bb=3.82e-05 lr_head=3.20e-04 | gnorm=1.15 | 6.1s | best=0.9421(ep15) | no_improve=10
[eval] n=740 loss=0.3420 top1=93.51% top5=100.00% macroF1=93.52% balAcc=93.51% (37 类随机水平 2.70%)
[Epoch 026/039] train_loss=0.7407 train_acc1=99.24% | val_loss=0.3420 val_top1=93.51% val_top5=100.00% macroF1=0.9352 | lr_bb=3.47e-05 lr_head=2.82e-04 | gnorm=1.18 | 6.1s | best=0.9421(ep15) | no_improve=11
[eval] n=740 loss=0.3473 top1=93.78% top5=100.00% macroF1=93.82% balAcc=93.78% (37 类随机水平 2.70%)
[Epoch 027/039] train_loss=0.7462 train_acc1=98.75% | val_loss=0.3473 val_top1=93.78% val_top5=100.00% macroF1=0.9382 | lr_bb=3.14e-05 lr_head=2.45e-04 | gnorm=1.24 | 6.0s | best=0.9421(ep15) | no_improve=12
[eval] n=740 loss=0.3462 top1=94.05% top5=100.00% macroF1=94.07% balAcc=94.05% (37 类随机水平 2.70%)
[Epoch 028/039] train_loss=0.7417 train_acc1=99.24% | val_loss=0.3462 val_top1=94.05% val_top5=100.00% macroF1=0.9407 | lr_bb=2.82e-05 lr_head=2.11e-04 | gnorm=1.23 | 6.0s | best=0.9421(ep15) | no_improve=13
[eval] n=740 loss=0.3430 top1=93.65% top5=100.00% macroF1=93.67% balAcc=93.65% (37 类随机水平 2.70%)
[Epoch 029/039] train_loss=0.7390 train_acc1=99.38% | val_loss=0.3430 val_top1=93.65% val_top5=100.00% macroF1=0.9367 | lr_bb=2.53e-05 lr_head=1.78e-04 | gnorm=1.11 | 6.1s | best=0.9421(ep15) | no_improve=14
[eval] n=740 loss=0.3457 top1=94.05% top5=99.86% macroF1=94.06% balAcc=94.05% (37 类随机水平 2.70%)
[Epoch 030/039] train_loss=0.7375 train_acc1=99.44% | val_loss=0.3457 val_top1=94.05% val_top5=99.86% macroF1=0.9406 | lr_bb=2.25e-05 lr_head=1.48e-04 | gnorm=1.04 | 5.9s | best=0.9421(ep15) | no_improve=15
[eval] n=740 loss=0.3389 top1=94.19% top5=100.00% macroF1=94.22% balAcc=94.19% (37 类随机水平 2.70%)
[Epoch 031/039] train_loss=0.7367 train_acc1=99.51% | val_loss=0.3389 val_top1=94.19% val_top5=100.00% macroF1=0.9422 | lr_bb=2.00e-05 lr_head=1.20e-04 | gnorm=1.07 | 6.0s | best=0.9422(ep31) | no_improve=0
[eval] n=740 loss=0.3461 top1=93.92% top5=100.00% macroF1=93.94% balAcc=93.92% (37 类随机水平 2.70%)
[Epoch 032/039] train_loss=0.7339 train_acc1=99.48% | val_loss=0.3461 val_top1=93.92% val_top5=100.00% macroF1=0.9394 | lr_bb=1.77e-05 lr_head=9.49e-05 | gnorm=1.03 | 6.1s | best=0.9422(ep31) | no_improve=1
[eval] n=740 loss=0.3398 top1=94.46% top5=99.86% macroF1=94.46% balAcc=94.46% (37 类随机水平 2.70%)
[Epoch 033/039] train_loss=0.7392 train_acc1=99.13% | val_loss=0.3398 val_top1=94.46% val_top5=99.86% macroF1=0.9446 | lr_bb=1.57e-05 lr_head=7.29e-05 | gnorm=1.08 | 5.9s | best=0.9446(ep33) | no_improve=0
[eval] n=740 loss=0.3467 top1=94.59% top5=99.86% macroF1=94.62% balAcc=94.59% (37 类随机水平 2.70%)
[Epoch 034/039] train_loss=0.7397 train_acc1=99.27% | val_loss=0.3467 val_top1=94.59% val_top5=99.86% macroF1=0.9462 | lr_bb=1.40e-05 lr_head=5.39e-05 | gnorm=1.17 | 6.0s | best=0.9462(ep34) | no_improve=0
[eval] n=740 loss=0.3433 top1=94.19% top5=99.73% macroF1=94.22% balAcc=94.19% (37 类随机水平 2.70%)
[Epoch 035/039] train_loss=0.7339 train_acc1=99.48% | val_loss=0.3433 val_top1=94.19% val_top5=99.73% macroF1=0.9422 | lr_bb=1.26e-05 lr_head=3.83e-05 | gnorm=0.99 | 6.0s | best=0.9462(ep34) | no_improve=1
[eval] n=740 loss=0.3527 top1=93.65% top5=99.86% macroF1=93.67% balAcc=93.65% (37 类随机水平 2.70%)
[Epoch 036/039] train_loss=0.7335 train_acc1=99.48% | val_loss=0.3527 val_top1=93.65% val_top5=99.86% macroF1=0.9367 | lr_bb=1.15e-05 lr_head=2.60e-05 | gnorm=1.06 | 6.0s | best=0.9462(ep34) | no_improve=2
[eval] n=740 loss=0.3510 top1=94.19% top5=99.59% macroF1=94.21% balAcc=94.19% (37 类随机水平 2.70%)
[Epoch 037/039] train_loss=0.7300 train_acc1=99.34% | val_loss=0.3510 val_top1=94.19% val_top5=99.59% macroF1=0.9421 | lr_bb=1.06e-05 lr_head=1.71e-05 | gnorm=1.00 | 6.0s | best=0.9462(ep34) | no_improve=3
[eval] n=740 loss=0.3480 top1=94.05% top5=99.73% macroF1=94.06% balAcc=94.05% (37 类随机水平 2.70%)
[Epoch 038/039] train_loss=0.7314 train_acc1=99.38% | val_loss=0.3480 val_top1=94.05% val_top5=99.73% macroF1=0.9406 | lr_bb=1.02e-05 lr_head=1.18e-05 | gnorm=1.00 | 6.0s | best=0.9462(ep34) | no_improve=4
[eval] n=740 loss=0.3523 top1=94.05% top5=99.73% macroF1=94.07% balAcc=94.05% (37 类随机水平 2.70%)
[Epoch 039/039] train_loss=0.7361 train_acc1=99.34% | val_loss=0.3523 val_top1=94.05% val_top5=99.73% macroF1=0.9407 | lr_bb=1.00e-05 lr_head=1.00e-05 | gnorm=1.14 | 5.8s | best=0.9462(ep34) | no_improve=5
[eval] n=3669 loss=0.4198 top1=92.34% top5=99.26% macroF1=92.22% balAcc=92.27% (37 类随机水平 2.70%)
[done] test Top-1=92.34% Top-5=99.26% Macro-F1=92.22% | 结果写入 outputs\metrics\baseline_test.json
