Warning: You are sending unauthenticated requests to the HF Hub. Please set a HF_TOKEN to enable higher rate limits and faster downloads.
Unexpected keys (head.head_dist.bn.num_batches_tracked, head.head_dist.bn.bias, head.head_dist.bn.running_mean, head.head_dist.bn.running_var, head.head_dist.bn.weight) found while loading pretrained weights. This may be expected if model is being adapted.
Traceback (most recent call last):
  File "<string>", line 1, in <module>
    from multiprocessing.spawn import spawn_main; spawn_main(parent_pid=36744, pipe_handle=1888)
                                                  ~~~~~~~~~~^^^^^^^^^^^^^^^^^^^^^^^^^^^^^^^^^^^^
  File "C:\Python314\Lib\multiprocessing\spawn.py", line 122, in spawn_main
    exitcode = _main(fd, parent_sentinel)
  File "C:\Python314\Lib\multiprocessing\spawn.py", line 131, in _main
    prepare(preparation_data)
    ~~~~~~~^^^^^^^^^^^^^^^^^^
  File "C:\Python314\Lib\multiprocessing\spawn.py", line 246, in prepare
    _fixup_main_from_path(data['init_main_from_path'])
    ~~~~~~~~~~~~~~~~~~~~~^^^^^^^^^^^^^^^^^^^^^^^^^^^^^
  File "C:\Python314\Lib\multiprocessing\spawn.py", line 297, in _fixup_main_from_path
    main_content = runpy.run_path(main_path,
                                  run_name="__mp_main__")
  File "<frozen runpy>", line 294, in run_path
  File "<frozen runpy>", line 98, in _run_module_code
  File "<frozen runpy>", line 88, in _run_code
  File "C:\Users\14675\Desktop\one团队秋招ai算法\RepViT-Reproduction\tools\train.py", line 29, in <module>
    import timm
  File "C:\Users\14675\AppData\Roaming\Python\Python314\site-packages\timm\__init__.py", line 2, in <module>
    from .layers import (
    ...<4 lines>...
    )
  File "C:\Users\14675\AppData\Roaming\Python\Python314\site-packages\timm\layers\__init__.py", line 1, in <module>
    from ._fx import (
    ...<8 lines>...
    )
  File "C:\Users\14675\AppData\Roaming\Python\Python314\site-packages\timm\layers\_fx.py", line 3, in <module>
    import torch
  File "C:\Users\14675\AppData\Roaming\Python\Python314\site-packages\torch\__init__.py", line 309, in <module>
    _load_dll_libraries()
    ~~~~~~~~~~~~~~~~~~~^^
  File "C:\Users\14675\AppData\Roaming\Python\Python314\site-packages\torch\__init__.py", line 292, in _load_dll_libraries
    raise err
OSError: [WinError 1455] 页面文件太小，无法完成操作。 Error loading "C:\Users\14675\AppData\Roaming\Python\Python314\site-packages\torch\lib\cublas64_12.dll" or one of its dependencies.
OpenBLAS error: Memory aOpenBLAS error: Memory allocatOpenBLAS error: Memory allocation still failllocation still failed after 10ed after 10 retries, giving up.
ion still failed after 10 retries, giving up.
 retries, giving up.
OpenBLAS error:OpenBLAS error: MemOp Memory allocation still failed after 10 retries, giving up.
OpenBLAS eorror: Memory allocation ry allocation sstill failed after 1till failed after 10 retries, giving up.
OpenBLAS error: Memory allocation still failed after 10 retries, giving up.
OpenBLAS error: Memory allocation still failed after 10 retries, giving up.
OpenBLAS error: Memory allocation still failed after 10 retries, giving up.
OpenBLAS error: Memory allocation still failed after 10 retries, giving up.
OpenBLAS error: Memory allocation still failed after 10 retries, giving up.
Op[env] torch=2.14.0+cu126 timm=1.0.29 cuda=True device=cuda | python=3.14.5
[label] K=37 | 0=Abyssinian | 1=American Bulldog | 36=Yorkshire Terrier
[data] train=2940 val=740 test=3669 | 类别覆盖 train=37/val=37/test=37 (K=37)
[data] root=data/oxford-iiit-pet train_list=datasets/lists/pet_train.txt val_list=datasets/lists/pet_val.txt test_list=datasets/lists/pet_test.txt
[model] name=repvit_m0_9 tag=dist_300e_in1k hf_hub_id=timm/repvit_m0_9.dist_300e_in1k distillation=False
[model] 参数量 total=4,732,805 trainable=4,732,805 head=15,013
[model] 口径：未融合、单头、C=37 = 4,732,805（≈4.73M），本任务应命中此值；timm 裸 create_model 的未融合蒸馏双头 C=1000 = 5,489,328（≈5.49M）；未融合、单头、C=1000 = 5,103,560（≈5.10M）；融合后单头 = 5,067,056（C=1000，融合后单头）/ 4,696,301（C=37，融合后单头），净减 36,504，以本机实测为准
[optim] group=backbone_decay     n_params=126  lr=1.000e-04 wd=0.05
[optim] group=backbone_no_decay  n_params=255  lr=1.000e-04 wd=0.0
[optim] group=head_no_decay      n_params=3    lr=1.000e-03 wd=0.0
[optim] group=head_decay         n_params=1    lr=1.000e-03 wd=0.05
Traceback (most recent call last):
  File "C:\Users\14675\AppData\Roaming\Python\Python314\site-packages\torch\utils\data\dataloader.py", line 1293, in _try_get_data
    data = self._data_queue.get(timeout=timeout)
  File "C:\Python314\Lib\queue.py", line 209, in get
    raise Empty
_queue.Empty

The above exception was the direct cause of the following exception:

Traceback (most recent call last):
  File "C:\Users\14675\Desktop\one团队秋招ai算法\RepViT-Reproduction\tools\train.py", line 798, in <module>
    main()
    ~~~~^^
  File "C:\Users\14675\Desktop\one团队秋招ai算法\RepViT-Reproduction\tools\train.py", line 683, in main
    va = evaluate(model, val_loader, device, K)
  File "C:\Users\14675\AppData\Roaming\Python\Python314\site-packages\torch\utils\_contextlib.py", line 124, in decorate_context
    return func(*args, **kwargs)
  File "C:\Users\14675\Desktop\one团队秋招ai算法\RepViT-Reproduction\tools\train.py", line 454, in evaluate
    for x, y, stem in loader:
                      ^^^^^^
  File "C:\Users\14675\AppData\Roaming\Python\Python314\site-packages\torch\utils\data\dataloader.py", line 725, in __next__
    data = self._next_data()
  File "C:\Users\14675\AppData\Roaming\Python\Python314\site-packages\torch\utils\data\dataloader.py", line 1507, in _next_data
    idx, data = self._get_data()
                ~~~~~~~~~~~~~~^^
  File "C:\Users\14675\AppData\Roaming\Python\Python314\site-packages\torch\utils\data\dataloader.py", line 1456, in _get_data
    success, data = self._try_get_data()
                    ~~~~~~~~~~~~~~~~~~^^
  File "C:\Users\14675\AppData\Roaming\Python\Python314\site-packages\torch\utils\data\dataloader.py", line 1306, in _try_get_data
    raise RuntimeError(
        f"DataLoader worker (pid(s) {pids_str}) exited unexpectedly"
    ) from e
RuntimeError: DataLoader worker (pid(s) 21740, 7568, 34272, 26072) exited unexpectedly
