Warning: You are sending unauthenticated requests to the HF Hub. Please set a HF_TOKEN to enable higher rate limits and faster downloads.
Unexpected keys (head.head_dist.bn.num_batches_tracked, head.head_dist.bn.bias, head.head_dist.bn.running_mean, head.head_dist.bn.running_var, head.head_dist.bn.weight) found while loading pretrained weights. This may be expected if model is being adapted.
[env] torch=2.14.0+cu126 timm=1.0.29 cuda=True device=cuda | python=3.14.5
[label] K=37 | 0=Abyssinian | 1=American Bulldog | 36=Yorkshire Terrier
[data] train=2940 val=740 test=3669 | 类别覆盖 train=37/val=37/test=37 (K=37)
[data] root=data/oxford-iiit-pet train_list=datasets/lists/pet_train.txt val_list=datasets/lists/pet_val.txt test_list=datasets/lists/pet_test.txt
[model] name=repvit_m0_9 tag=dist_300e_in1k hf_hub_id=timm/repvit_m0_9.dist_300e_in1k distillation=False
[model] 参数量 total=4,732,805 trainable=4,732,805 head=15,013
[model] 口径：未融合、单头、C=37 = 4,732,805（≈4.73M），本任务应命中此值；timm 裸 create_model 的未融合蒸馏双头 C=1000 = 5,489,328（≈5.49M）；未融合、单头、C=1000 = 5,103,560（≈5.10M）；融合后单头 = 5,067,056（C=1000，融合后单头）/ 4,696,301（C=37，融合后单头），净减 36,504，以本机实测为准
[optim] group=backbone_decay     n_params=126  lr=1.000e-04 wd=0.05
[optim] group=backbone_no_decay  n_params=255  lr=1.000e-04 wd=0.0
[optim] group=head_no_decay      n_params=3    lr=1.000e-03 wd=0.0
[optim] group=head_decay         n_params=1    lr=1.000e-03 wd=0.05
[eval] n=740 loss=3.6488 top1=1.35% top5=12.43% macroF1=1.48% balAcc=1.35% (37 类随机水平 2.70%)
[Epoch 000/039] train_loss=3.6494 train_acc1=2.05% | val_loss=3.6488 val_top1=1.35% val_top5=12.43% macroF1=0.0148 | lr_bb=3.40e-05 lr_head=3.40e-04 | gnorm=2.00 | 57.9s | best=0.0148(ep0) | no_improve=0
[eval] n=740 loss=2.9420 top1=62.43% top5=91.08% macroF1=60.98% balAcc=62.43% (37 类随机水平 2.70%)
[Epoch 001/039] train_loss=3.3751 train_acc1=25.80% | val_loss=2.9420 val_top1=62.43% val_top5=91.08% macroF1=0.6098 | lr_bb=6.70e-05 lr_head=6.70e-04 | gnorm=2.12 | 8.8s | best=0.6098(ep1) | no_improve=0
[eval] n=740 loss=1.4093 top1=84.59% top5=99.46% macroF1=83.74% balAcc=84.59% (37 类随机水平 2.70%)
[Epoch 002/039] train_loss=2.5461 train_acc1=67.81% | val_loss=1.4093 val_top1=84.59% val_top5=99.46% macroF1=0.8374 | lr_bb=1.00e-04 lr_head=1.00e-03 | gnorm=2.25 | 9.2s | best=0.8374(ep2) | no_improve=0
[eval] n=740 loss=0.5656 top1=89.73% top5=99.86% macroF1=89.58% balAcc=89.73% (37 类随机水平 2.70%)
[Epoch 003/039] train_loss=1.5649 train_acc1=81.56% | val_loss=0.5656 val_top1=89.73% val_top5=99.86% macroF1=0.8958 | lr_bb=9.98e-05 lr_head=9.98e-04 | gnorm=2.60 | 9.5s | best=0.8958(ep3) | no_improve=0
[eval] n=740 loss=0.4328 top1=91.35% top5=99.86% macroF1=91.25% balAcc=91.35% (37 类随机水平 2.70%)
[Epoch 004/039] train_loss=1.1721 train_acc1=86.94% | val_loss=0.4328 val_top1=91.35% val_top5=99.86% macroF1=0.9125 | lr_bb=9.94e-05 lr_head=9.93e-04 | gnorm=2.53 | 10.8s | best=0.9125(ep4) | no_improve=0
[eval] n=740 loss=0.3836 top1=92.16% top5=99.86% macroF1=92.06% balAcc=92.16% (37 类随机水平 2.70%)
[Epoch 005/039] train_loss=1.0755 train_acc1=89.03% | val_loss=0.3836 val_top1=92.16% val_top5=99.86% macroF1=0.9206 | lr_bb=9.85e-05 lr_head=9.84e-04 | gnorm=2.73 | 10.4s | best=0.9206(ep5) | no_improve=0
[eval] n=740 loss=0.3649 top1=92.57% top5=99.86% macroF1=92.47% balAcc=92.57% (37 类随机水平 2.70%)
[Epoch 006/039] train_loss=1.0073 train_acc1=90.87% | val_loss=0.3649 val_top1=92.57% val_top5=99.86% macroF1=0.9247 | lr_bb=9.74e-05 lr_head=9.72e-04 | gnorm=2.60 | 10.6s | best=0.9247(ep6) | no_improve=0
[eval] n=740 loss=0.3547 top1=92.70% top5=99.86% macroF1=92.62% balAcc=92.70% (37 类随机水平 2.70%)
[Epoch 007/039] train_loss=0.9690 train_acc1=92.12% | val_loss=0.3547 val_top1=92.70% val_top5=99.86% macroF1=0.9262 | lr_bb=9.60e-05 lr_head=9.56e-04 | gnorm=2.64 | 9.7s | best=0.9262(ep7) | no_improve=0
[eval] n=740 loss=0.3147 top1=92.84% top5=99.86% macroF1=92.84% balAcc=92.84% (37 类随机水平 2.70%)
[Epoch 008/039] train_loss=0.9341 train_acc1=93.51% | val_loss=0.3147 val_top1=92.84% val_top5=99.86% macroF1=0.9284 | lr_bb=9.43e-05 lr_head=9.37e-04 | gnorm=2.71 | 9.2s | best=0.9284(ep8) | no_improve=0
[eval] n=740 loss=0.3430 top1=94.05% top5=99.86% macroF1=94.05% balAcc=94.05% (37 类随机水平 2.70%)
[Epoch 009/039] train_loss=0.9172 train_acc1=93.82% | val_loss=0.3430 val_top1=94.05% val_top5=99.86% macroF1=0.9405 | lr_bb=9.23e-05 lr_head=9.15e-04 | gnorm=2.62 | 10.5s | best=0.9405(ep9) | no_improve=0
[eval] n=740 loss=0.3297 top1=93.24% top5=99.73% macroF1=93.28% balAcc=93.24% (37 类随机水平 2.70%)
[Epoch 010/039] train_loss=0.9181 train_acc1=93.89% | val_loss=0.3297 val_top1=93.24% val_top5=99.73% macroF1=0.9328 | lr_bb=9.00e-05 lr_head=8.90e-04 | gnorm=2.78 | 10.8s | best=0.9405(ep9) | no_improve=1
[eval] n=740 loss=0.3376 top1=93.65% top5=99.59% macroF1=93.65% balAcc=93.65% (37 类随机水平 2.70%)
[Epoch 011/039] train_loss=0.9009 train_acc1=94.55% | val_loss=0.3376 val_top1=93.65% val_top5=99.59% macroF1=0.9365 | lr_bb=8.75e-05 lr_head=8.62e-04 | gnorm=2.72 | 10.0s | best=0.9405(ep9) | no_improve=2
[eval] n=740 loss=0.3331 top1=94.32% top5=99.59% macroF1=94.39% balAcc=94.32% (37 类随机水平 2.70%)
[Epoch 012/039] train_loss=0.8736 train_acc1=95.69% | val_loss=0.3331 val_top1=94.32% val_top5=99.59% macroF1=0.9439 | lr_bb=8.47e-05 lr_head=8.32e-04 | gnorm=2.40 | 10.0s | best=0.9439(ep12) | no_improve=0
[eval] n=740 loss=0.3323 top1=94.19% top5=99.59% macroF1=94.19% balAcc=94.19% (37 类随机水平 2.70%)
[Epoch 013/039] train_loss=0.8542 train_acc1=96.39% | val_loss=0.3323 val_top1=94.19% val_top5=99.59% macroF1=0.9419 | lr_bb=8.18e-05 lr_head=7.99e-04 | gnorm=2.26 | 10.1s | best=0.9439(ep12) | no_improve=1
[eval] n=740 loss=0.3200 top1=93.92% top5=99.73% macroF1=93.96% balAcc=93.92% (37 类随机水平 2.70%)
[Epoch 014/039] train_loss=0.8440 train_acc1=96.53% | val_loss=0.3200 val_top1=93.92% val_top5=99.73% macroF1=0.9396 | lr_bb=7.86e-05 lr_head=7.65e-04 | gnorm=2.37 | 10.1s | best=0.9439(ep12) | no_improve=2
[eval] n=740 loss=0.3242 top1=94.86% top5=99.73% macroF1=94.91% balAcc=94.86% (37 类随机水平 2.70%)
[Epoch 015/039] train_loss=0.8500 train_acc1=96.42% | val_loss=0.3242 val_top1=94.86% val_top5=99.73% macroF1=0.9491 | lr_bb=7.53e-05 lr_head=7.28e-04 | gnorm=2.49 | 9.6s | best=0.9491(ep15) | no_improve=0
[eval] n=740 loss=0.3256 top1=94.46% top5=100.00% macroF1=94.49% balAcc=94.46% (37 类随机水平 2.70%)
[Epoch 016/039] train_loss=0.8433 train_acc1=96.70% | val_loss=0.3256 val_top1=94.46% val_top5=100.00% macroF1=0.9449 | lr_bb=7.18e-05 lr_head=6.90e-04 | gnorm=2.25 | 9.4s | best=0.9491(ep15) | no_improve=1
[eval] n=740 loss=0.3216 top1=94.46% top5=99.73% macroF1=94.46% balAcc=94.46% (37 类随机水平 2.70%)
[Epoch 017/039] train_loss=0.8351 train_acc1=96.94% | val_loss=0.3216 val_top1=94.46% val_top5=99.73% macroF1=0.9446 | lr_bb=6.82e-05 lr_head=6.50e-04 | gnorm=2.43 | 9.4s | best=0.9491(ep15) | no_improve=2
[eval] n=740 loss=0.3339 top1=94.19% top5=99.59% macroF1=94.19% balAcc=94.19% (37 类随机水平 2.70%)
[Epoch 018/039] train_loss=0.8256 train_acc1=97.12% | val_loss=0.3339 val_top1=94.19% val_top5=99.59% macroF1=0.9419 | lr_bb=6.45e-05 lr_head=6.09e-04 | gnorm=2.02 | 10.3s | best=0.9491(ep15) | no_improve=3
[eval] n=740 loss=0.3345 top1=94.32% top5=99.59% macroF1=94.36% balAcc=94.32% (37 类随机水平 2.70%)
[Epoch 019/039] train_loss=0.8248 train_acc1=97.08% | val_loss=0.3345 val_top1=94.32% val_top5=99.59% macroF1=0.9436 | lr_bb=6.07e-05 lr_head=5.68e-04 | gnorm=2.29 | 9.6s | best=0.9491(ep15) | no_improve=4
[eval] n=740 loss=0.3432 top1=93.92% top5=99.59% macroF1=93.91% balAcc=93.92% (37 类随机水平 2.70%)
[Epoch 020/039] train_loss=0.8221 train_acc1=97.60% | val_loss=0.3432 val_top1=93.92% val_top5=99.59% macroF1=0.9391 | lr_bb=5.69e-05 lr_head=5.26e-04 | gnorm=2.29 | 9.6s | best=0.9491(ep15) | no_improve=5
[eval] n=740 loss=0.3191 top1=94.86% top5=99.73% macroF1=94.89% balAcc=94.86% (37 类随机水平 2.70%)
[Epoch 021/039] train_loss=0.8182 train_acc1=97.19% | val_loss=0.3191 val_top1=94.86% val_top5=99.73% macroF1=0.9489 | lr_bb=5.31e-05 lr_head=4.84e-04 | gnorm=2.28 | 9.5s | best=0.9491(ep15) | no_improve=6
[eval] n=740 loss=0.3284 top1=94.46% top5=99.86% macroF1=94.46% balAcc=94.46% (37 类随机水平 2.70%)
[Epoch 022/039] train_loss=0.8136 train_acc1=97.22% | val_loss=0.3284 val_top1=94.46% val_top5=99.86% macroF1=0.9446 | lr_bb=4.93e-05 lr_head=4.42e-04 | gnorm=2.49 | 10.1s | best=0.9491(ep15) | no_improve=7
[eval] n=740 loss=0.3300 top1=95.00% top5=99.73% macroF1=95.02% balAcc=95.00% (37 类随机水平 2.70%)
[Epoch 023/039] train_loss=0.8095 train_acc1=97.26% | val_loss=0.3300 val_top1=95.00% val_top5=99.73% macroF1=0.9502 | lr_bb=4.55e-05 lr_head=4.01e-04 | gnorm=2.26 | 9.5s | best=0.9502(ep23) | no_improve=0
[eval] n=740 loss=0.3463 top1=94.05% top5=99.59% macroF1=94.04% balAcc=94.05% (37 类随机水平 2.70%)
[Epoch 024/039] train_loss=0.8109 train_acc1=97.57% | val_loss=0.3463 val_top1=94.05% val_top5=99.59% macroF1=0.9404 | lr_bb=4.18e-05 lr_head=3.60e-04 | gnorm=2.41 | 10.1s | best=0.9502(ep23) | no_improve=1
[eval] n=740 loss=0.3262 top1=94.19% top5=99.86% macroF1=94.19% balAcc=94.19% (37 类随机水平 2.70%)
[Epoch 025/039] train_loss=0.8092 train_acc1=97.05% | val_loss=0.3262 val_top1=94.19% val_top5=99.86% macroF1=0.9419 | lr_bb=3.82e-05 lr_head=3.20e-04 | gnorm=2.19 | 10.3s | best=0.9502(ep23) | no_improve=2
[eval] n=740 loss=0.3326 top1=93.65% top5=100.00% macroF1=93.65% balAcc=93.65% (37 类随机水平 2.70%)
[Epoch 026/039] train_loss=0.7945 train_acc1=97.99% | val_loss=0.3326 val_top1=93.65% val_top5=100.00% macroF1=0.9365 | lr_bb=3.47e-05 lr_head=2.82e-04 | gnorm=2.11 | 10.9s | best=0.9502(ep23) | no_improve=3
[eval] n=740 loss=0.3279 top1=94.05% top5=99.59% macroF1=94.05% balAcc=94.05% (37 类随机水平 2.70%)
[Epoch 027/039] train_loss=0.7953 train_acc1=98.09% | val_loss=0.3279 val_top1=94.05% val_top5=99.59% macroF1=0.9405 | lr_bb=3.14e-05 lr_head=2.45e-04 | gnorm=1.98 | 10.2s | best=0.9502(ep23) | no_improve=4
[eval] n=740 loss=0.3338 top1=94.73% top5=99.86% macroF1=94.74% balAcc=94.73% (37 类随机水平 2.70%)
[Epoch 028/039] train_loss=0.7954 train_acc1=97.74% | val_loss=0.3338 val_top1=94.73% val_top5=99.86% macroF1=0.9474 | lr_bb=2.82e-05 lr_head=2.11e-04 | gnorm=2.08 | 10.0s | best=0.9502(ep23) | no_improve=5
[eval] n=740 loss=0.3405 top1=94.46% top5=99.73% macroF1=94.47% balAcc=94.46% (37 类随机水平 2.70%)
[Epoch 029/039] train_loss=0.7921 train_acc1=98.12% | val_loss=0.3405 val_top1=94.46% val_top5=99.73% macroF1=0.9447 | lr_bb=2.53e-05 lr_head=1.78e-04 | gnorm=1.97 | 10.0s | best=0.9502(ep23) | no_improve=6
[eval] n=740 loss=0.3400 top1=94.32% top5=99.73% macroF1=94.34% balAcc=94.32% (37 类随机水平 2.70%)
[Epoch 030/039] train_loss=0.7943 train_acc1=97.85% | val_loss=0.3400 val_top1=94.32% val_top5=99.73% macroF1=0.9434 | lr_bb=2.25e-05 lr_head=1.48e-04 | gnorm=2.08 | 10.8s | best=0.9502(ep23) | no_improve=7
[eval] n=740 loss=0.3360 top1=94.73% top5=100.00% macroF1=94.75% balAcc=94.73% (37 类随机水平 2.70%)
[Epoch 031/039] train_loss=0.7975 train_acc1=97.67% | val_loss=0.3361 val_top1=94.73% val_top5=100.00% macroF1=0.9475 | lr_bb=2.00e-05 lr_head=1.20e-04 | gnorm=2.09 | 10.1s | best=0.9502(ep23) | no_improve=8
[eval] n=740 loss=0.3331 top1=94.59% top5=99.86% macroF1=94.61% balAcc=94.59% (37 类随机水平 2.70%)
[Epoch 032/039] train_loss=0.7852 train_acc1=98.16% | val_loss=0.3331 val_top1=94.59% val_top5=99.86% macroF1=0.9461 | lr_bb=1.77e-05 lr_head=9.49e-05 | gnorm=1.86 | 11.0s | best=0.9502(ep23) | no_improve=9
[eval] n=740 loss=0.3342 top1=94.19% top5=99.86% macroF1=94.20% balAcc=94.19% (37 类随机水平 2.70%)
[Epoch 033/039] train_loss=0.7858 train_acc1=98.16% | val_loss=0.3342 val_top1=94.19% val_top5=99.86% macroF1=0.9420 | lr_bb=1.57e-05 lr_head=7.29e-05 | gnorm=1.76 | 11.9s | best=0.9502(ep23) | no_improve=10
[eval] n=740 loss=0.3317 top1=94.46% top5=99.86% macroF1=94.48% balAcc=94.46% (37 类随机水平 2.70%)
[Epoch 034/039] train_loss=0.7910 train_acc1=97.95% | val_loss=0.3317 val_top1=94.46% val_top5=99.86% macroF1=0.9448 | lr_bb=1.40e-05 lr_head=5.39e-05 | gnorm=1.96 | 11.8s | best=0.9502(ep23) | no_improve=11
[eval] n=740 loss=0.3377 top1=94.46% top5=99.86% macroF1=94.48% balAcc=94.46% (37 类随机水平 2.70%)
[Epoch 035/039] train_loss=0.7862 train_acc1=98.12% | val_loss=0.3377 val_top1=94.46% val_top5=99.86% macroF1=0.9448 | lr_bb=1.26e-05 lr_head=3.83e-05 | gnorm=2.02 | 12.0s | best=0.9502(ep23) | no_improve=12
[eval] n=740 loss=0.3362 top1=94.19% top5=99.86% macroF1=94.20% balAcc=94.19% (37 类随机水平 2.70%)
[Epoch 036/039] train_loss=0.7885 train_acc1=98.26% | val_loss=0.3362 val_top1=94.19% val_top5=99.86% macroF1=0.9420 | lr_bb=1.15e-05 lr_head=2.60e-05 | gnorm=1.79 | 11.2s | best=0.9502(ep23) | no_improve=13
[eval] n=740 loss=0.3336 top1=94.59% top5=100.00% macroF1=94.60% balAcc=94.59% (37 类随机水平 2.70%)
[Epoch 037/039] train_loss=0.7814 train_acc1=98.12% | val_loss=0.3336 val_top1=94.59% val_top5=100.00% macroF1=0.9460 | lr_bb=1.06e-05 lr_head=1.71e-05 | gnorm=1.77 | 11.3s | best=0.9502(ep23) | no_improve=14
[eval] n=740 loss=0.3309 top1=94.59% top5=100.00% macroF1=94.60% balAcc=94.59% (37 类随机水平 2.70%)
[Epoch 038/039] train_loss=0.7845 train_acc1=98.30% | val_loss=0.3309 val_top1=94.59% val_top5=100.00% macroF1=0.9460 | lr_bb=1.02e-05 lr_head=1.18e-05 | gnorm=1.90 | 11.5s | best=0.9502(ep23) | no_improve=15
[eval] n=740 loss=0.3450 top1=94.46% top5=100.00% macroF1=94.49% balAcc=94.46% (37 类随机水平 2.70%)
[Epoch 039/039] train_loss=0.7813 train_acc1=98.16% | val_loss=0.3450 val_top1=94.46% val_top5=100.00% macroF1=0.9449 | lr_bb=1.00e-05 lr_head=1.00e-05 | gnorm=1.77 | 11.2s | best=0.9502(ep23) | no_improve=16
[test][警告] 这是第 2 次 test 评价；请确认没有用 test 选模型/调参（第 26 页硬性限制）
[eval] n=3669 loss=0.4142 top1=92.18% top5=99.35% macroF1=92.06% balAcc=92.13% (37 类随机水平 2.70%)
[done] test Top-1=92.18% Top-5=99.35% Macro-F1=92.06% | 结果写入 outputs\metrics\opt_randaug_test.json
