Unexpected keys (head.head_dist.bn.num_batches_tracked, head.head_dist.bn.bias, head.head_dist.bn.running_mean, head.head_dist.bn.running_var, head.head_dist.bn.weight) found while loading pretrained weights. This may be expected if model is being adapted.
[env] torch=2.14.0+cu126 timm=1.0.29 cuda=True device=cuda | python=3.14.5
[label] K=37 | 0=Abyssinian | 1=American Bulldog | 36=Yorkshire Terrier
[data] train=2940 val=740 test=3669 | 类别覆盖 train=37/val=37/test=37 (K=37)
[data] root=data/oxford-iiit-pet train_list=datasets/lists/pet_train.txt val_list=datasets/lists/pet_val.txt test_list=datasets/lists/pet_test.txt
[model] name=repvit_m0_9 tag=dist_300e_in1k hf_hub_id=timm/repvit_m0_9.dist_300e_in1k distillation=False
[model] 参数量 total=4,732,805 trainable=4,732,805 head=15,013
[model] 口径：未融合、单头、C=37 = 4,732,805（≈4.73M），本任务应命中此值；timm 裸 create_model 的未融合蒸馏双头 C=1000 = 5,489,328（≈5.49M）；未融合、单头、C=1000 = 5,103,560（≈5.10M）；融合后单头 = 5,067,056（C=1000，融合后单头）/ 4,696,301（C=37，融合后单头），净减 36,504，以本机实测为准
[optim] group=backbone_decay     n_params=126  lr=1.000e-04 wd=0.05
[optim] group=backbone_no_decay  n_params=255  lr=1.000e-04 wd=0.0
[optim] group=head_no_decay      n_params=3    lr=1.000e-03 wd=0.0
[optim] group=head_decay         n_params=1    lr=1.000e-03 wd=0.05
[eval] n=740 loss=3.6487 top1=1.35% top5=12.43% macroF1=1.48% balAcc=1.35% (37 类随机水平 2.70%)
[Epoch 000/039] train_loss=3.6494 train_acc1=2.05% | val_loss=3.6487 val_top1=1.35% val_top5=12.43% macroF1=0.0148 | lr_bb=3.40e-05 lr_head=3.40e-04 | gnorm=1.99 | 54.4s | best=0.0148(ep0) | no_improve=0
[eval] n=740 loss=2.9350 top1=63.24% top5=91.22% macroF1=61.67% balAcc=63.24% (37 类随机水平 2.70%)
[Epoch 001/039] train_loss=3.3726 train_acc1=26.11% | val_loss=2.9350 val_top1=63.24% val_top5=91.22% macroF1=0.6167 | lr_bb=6.70e-05 lr_head=6.70e-04 | gnorm=2.07 | 8.6s | best=0.6167(ep1) | no_improve=0
[eval] n=740 loss=1.3982 top1=84.59% top5=99.46% macroF1=83.71% balAcc=84.59% (37 类随机水平 2.70%)
[Epoch 002/039] train_loss=2.5386 train_acc1=67.95% | val_loss=1.3982 val_top1=84.59% val_top5=99.46% macroF1=0.8371 | lr_bb=1.00e-04 lr_head=1.00e-03 | gnorm=2.24 | 8.7s | best=0.8371(ep2) | no_improve=0
[eval] n=740 loss=0.5573 top1=89.86% top5=99.86% macroF1=89.78% balAcc=89.86% (37 类随机水平 2.70%)
[Epoch 003/039] train_loss=1.5519 train_acc1=81.60% | val_loss=0.5573 val_top1=89.86% val_top5=99.86% macroF1=0.8978 | lr_bb=9.98e-05 lr_head=9.98e-04 | gnorm=2.43 | 8.9s | best=0.8978(ep3) | no_improve=0
[eval] n=740 loss=0.4330 top1=91.62% top5=99.86% macroF1=91.51% balAcc=91.62% (37 类随机水平 2.70%)
[Epoch 004/039] train_loss=1.1674 train_acc1=87.12% | val_loss=0.4330 val_top1=91.62% val_top5=99.86% macroF1=0.9151 | lr_bb=9.94e-05 lr_head=9.93e-04 | gnorm=2.64 | 8.7s | best=0.9151(ep4) | no_improve=0
[eval] n=740 loss=0.3821 top1=91.62% top5=99.86% macroF1=91.55% balAcc=91.62% (37 类随机水平 2.70%)
[Epoch 005/039] train_loss=1.0762 train_acc1=88.89% | val_loss=0.3821 val_top1=91.62% val_top5=99.86% macroF1=0.9155 | lr_bb=9.85e-05 lr_head=9.84e-04 | gnorm=2.70 | 8.7s | best=0.9155(ep5) | no_improve=0
[eval] n=740 loss=0.3602 top1=92.43% top5=99.86% macroF1=92.34% balAcc=92.43% (37 类随机水平 2.70%)
[Epoch 006/039] train_loss=1.0080 train_acc1=91.08% | val_loss=0.3602 val_top1=92.43% val_top5=99.86% macroF1=0.9234 | lr_bb=9.74e-05 lr_head=9.72e-04 | gnorm=2.57 | 9.0s | best=0.9234(ep6) | no_improve=0
[eval] n=740 loss=0.3532 top1=92.43% top5=99.73% macroF1=92.35% balAcc=92.43% (37 类随机水平 2.70%)
[Epoch 007/039] train_loss=0.9682 train_acc1=91.98% | val_loss=0.3532 val_top1=92.43% val_top5=99.73% macroF1=0.9235 | lr_bb=9.60e-05 lr_head=9.56e-04 | gnorm=2.71 | 9.4s | best=0.9235(ep7) | no_improve=0
[eval] n=740 loss=0.3148 top1=92.97% top5=99.86% macroF1=92.99% balAcc=92.97% (37 类随机水平 2.70%)
[Epoch 008/039] train_loss=0.9344 train_acc1=93.68% | val_loss=0.3148 val_top1=92.97% val_top5=99.86% macroF1=0.9299 | lr_bb=9.43e-05 lr_head=9.37e-04 | gnorm=2.69 | 9.2s | best=0.9299(ep8) | no_improve=0
[eval] n=740 loss=0.3407 top1=93.78% top5=99.86% macroF1=93.78% balAcc=93.78% (37 类随机水平 2.70%)
[Epoch 009/039] train_loss=0.9191 train_acc1=93.78% | val_loss=0.3407 val_top1=93.78% val_top5=99.86% macroF1=0.9378 | lr_bb=9.23e-05 lr_head=9.15e-04 | gnorm=2.65 | 9.2s | best=0.9378(ep9) | no_improve=0
[eval] n=740 loss=0.3334 top1=93.38% top5=99.73% macroF1=93.42% balAcc=93.38% (37 类随机水平 2.70%)
[Epoch 010/039] train_loss=0.9192 train_acc1=93.89% | val_loss=0.3334 val_top1=93.38% val_top5=99.73% macroF1=0.9342 | lr_bb=9.00e-05 lr_head=8.90e-04 | gnorm=2.52 | 9.5s | best=0.9378(ep9) | no_improve=1
[eval] n=740 loss=0.3368 top1=93.38% top5=99.73% macroF1=93.35% balAcc=93.38% (37 类随机水平 2.70%)
[Epoch 011/039] train_loss=0.9009 train_acc1=94.55% | val_loss=0.3368 val_top1=93.38% val_top5=99.73% macroF1=0.9335 | lr_bb=8.75e-05 lr_head=8.62e-04 | gnorm=2.71 | 9.6s | best=0.9378(ep9) | no_improve=2
[eval] n=740 loss=0.3333 top1=94.73% top5=99.73% macroF1=94.79% balAcc=94.73% (37 类随机水平 2.70%)
[Epoch 012/039] train_loss=0.8735 train_acc1=95.73% | val_loss=0.3333 val_top1=94.73% val_top5=99.73% macroF1=0.9479 | lr_bb=8.47e-05 lr_head=8.32e-04 | gnorm=2.60 | 9.5s | best=0.9479(ep12) | no_improve=0
[eval] n=740 loss=0.3338 top1=93.78% top5=99.59% macroF1=93.77% balAcc=93.78% (37 类随机水平 2.70%)
[Epoch 013/039] train_loss=0.8550 train_acc1=96.46% | val_loss=0.3338 val_top1=93.78% val_top5=99.59% macroF1=0.9377 | lr_bb=8.18e-05 lr_head=7.99e-04 | gnorm=2.36 | 9.1s | best=0.9479(ep12) | no_improve=1
[eval] n=740 loss=0.3180 top1=93.65% top5=99.73% macroF1=93.68% balAcc=93.65% (37 类随机水平 2.70%)
[Epoch 014/039] train_loss=0.8443 train_acc1=96.42% | val_loss=0.3180 val_top1=93.65% val_top5=99.73% macroF1=0.9368 | lr_bb=7.86e-05 lr_head=7.65e-04 | gnorm=2.46 | 9.6s | best=0.9479(ep12) | no_improve=2
[eval] n=740 loss=0.3235 top1=94.73% top5=99.86% macroF1=94.76% balAcc=94.73% (37 类随机水平 2.70%)
[Epoch 015/039] train_loss=0.8503 train_acc1=96.53% | val_loss=0.3235 val_top1=94.73% val_top5=99.86% macroF1=0.9476 | lr_bb=7.53e-05 lr_head=7.28e-04 | gnorm=2.46 | 9.3s | best=0.9479(ep12) | no_improve=3
[eval] n=740 loss=0.3216 top1=94.46% top5=99.73% macroF1=94.45% balAcc=94.46% (37 类随机水平 2.70%)
[Epoch 016/039] train_loss=0.8441 train_acc1=96.63% | val_loss=0.3216 val_top1=94.46% val_top5=99.73% macroF1=0.9445 | lr_bb=7.18e-05 lr_head=6.90e-04 | gnorm=2.38 | 10.2s | best=0.9479(ep12) | no_improve=4
[eval] n=740 loss=0.3133 top1=94.05% top5=99.73% macroF1=94.01% balAcc=94.05% (37 类随机水平 2.70%)
[Epoch 017/039] train_loss=0.8354 train_acc1=97.12% | val_loss=0.3133 val_top1=94.05% val_top5=99.73% macroF1=0.9401 | lr_bb=6.82e-05 lr_head=6.50e-04 | gnorm=2.37 | 9.8s | best=0.9479(ep12) | no_improve=5
[eval] n=740 loss=0.3329 top1=94.32% top5=99.59% macroF1=94.31% balAcc=94.32% (37 类随机水平 2.70%)
[Epoch 018/039] train_loss=0.8249 train_acc1=97.08% | val_loss=0.3329 val_top1=94.32% val_top5=99.59% macroF1=0.9431 | lr_bb=6.45e-05 lr_head=6.09e-04 | gnorm=1.99 | 10.1s | best=0.9479(ep12) | no_improve=6
[eval] n=740 loss=0.3314 top1=94.05% top5=99.73% macroF1=94.08% balAcc=94.05% (37 类随机水平 2.70%)
[Epoch 019/039] train_loss=0.8251 train_acc1=97.12% | val_loss=0.3314 val_top1=94.05% val_top5=99.73% macroF1=0.9408 | lr_bb=6.07e-05 lr_head=5.68e-04 | gnorm=2.31 | 10.6s | best=0.9479(ep12) | no_improve=7
[eval] n=740 loss=0.3310 top1=94.05% top5=99.59% macroF1=94.02% balAcc=94.05% (37 类随机水平 2.70%)
[Epoch 020/039] train_loss=0.8231 train_acc1=97.47% | val_loss=0.3310 val_top1=94.05% val_top5=99.59% macroF1=0.9402 | lr_bb=5.69e-05 lr_head=5.26e-04 | gnorm=2.39 | 14.2s | best=0.9479(ep12) | no_improve=8
[eval] n=740 loss=0.3140 top1=94.73% top5=99.59% macroF1=94.73% balAcc=94.73% (37 类随机水平 2.70%)
[Epoch 021/039] train_loss=0.8181 train_acc1=97.01% | val_loss=0.3140 val_top1=94.73% val_top5=99.59% macroF1=0.9473 | lr_bb=5.31e-05 lr_head=4.84e-04 | gnorm=2.30 | 9.9s | best=0.9479(ep12) | no_improve=9
[eval] n=740 loss=0.3220 top1=94.46% top5=99.86% macroF1=94.46% balAcc=94.46% (37 类随机水平 2.70%)
[Epoch 022/039] train_loss=0.8144 train_acc1=97.33% | val_loss=0.3220 val_top1=94.46% val_top5=99.86% macroF1=0.9446 | lr_bb=4.93e-05 lr_head=4.42e-04 | gnorm=2.61 | 10.4s | best=0.9479(ep12) | no_improve=10
[eval] n=740 loss=0.3218 top1=94.86% top5=99.59% macroF1=94.88% balAcc=94.86% (37 类随机水平 2.70%)
[Epoch 023/039] train_loss=0.8098 train_acc1=97.33% | val_loss=0.3218 val_top1=94.86% val_top5=99.59% macroF1=0.9488 | lr_bb=4.55e-05 lr_head=4.01e-04 | gnorm=2.17 | 10.5s | best=0.9488(ep23) | no_improve=0
[eval] n=740 loss=0.3388 top1=93.92% top5=99.73% macroF1=93.93% balAcc=93.92% (37 类随机水平 2.70%)
[Epoch 024/039] train_loss=0.8113 train_acc1=97.50% | val_loss=0.3388 val_top1=93.92% val_top5=99.73% macroF1=0.9393 | lr_bb=4.18e-05 lr_head=3.60e-04 | gnorm=2.45 | 10.2s | best=0.9488(ep23) | no_improve=1
[eval] n=740 loss=0.3208 top1=94.05% top5=99.86% macroF1=94.05% balAcc=94.05% (37 类随机水平 2.70%)
[Epoch 025/039] train_loss=0.8094 train_acc1=97.26% | val_loss=0.3208 val_top1=94.05% val_top5=99.86% macroF1=0.9405 | lr_bb=3.82e-05 lr_head=3.20e-04 | gnorm=2.10 | 10.1s | best=0.9488(ep23) | no_improve=2
[eval] n=740 loss=0.3250 top1=94.05% top5=99.86% macroF1=94.04% balAcc=94.05% (37 类随机水平 2.70%)
[Epoch 026/039] train_loss=0.7947 train_acc1=97.81% | val_loss=0.3250 val_top1=94.05% val_top5=99.86% macroF1=0.9404 | lr_bb=3.47e-05 lr_head=2.82e-04 | gnorm=2.28 | 10.9s | best=0.9488(ep23) | no_improve=3
[eval] n=740 loss=0.3200 top1=94.05% top5=99.59% macroF1=94.05% balAcc=94.05% (37 类随机水平 2.70%)
[Epoch 027/039] train_loss=0.7962 train_acc1=98.16% | val_loss=0.3200 val_top1=94.05% val_top5=99.59% macroF1=0.9405 | lr_bb=3.14e-05 lr_head=2.45e-04 | gnorm=1.95 | 9.7s | best=0.9488(ep23) | no_improve=4
[eval] n=740 loss=0.3275 top1=94.32% top5=99.86% macroF1=94.34% balAcc=94.32% (37 类随机水平 2.70%)
[Epoch 028/039] train_loss=0.7952 train_acc1=97.71% | val_loss=0.3275 val_top1=94.32% val_top5=99.86% macroF1=0.9434 | lr_bb=2.82e-05 lr_head=2.11e-04 | gnorm=2.07 | 10.0s | best=0.9488(ep23) | no_improve=5
[eval] n=740 loss=0.3291 top1=94.19% top5=99.73% macroF1=94.21% balAcc=94.19% (37 类随机水平 2.70%)
[Epoch 029/039] train_loss=0.7931 train_acc1=97.85% | val_loss=0.3291 val_top1=94.19% val_top5=99.73% macroF1=0.9421 | lr_bb=2.53e-05 lr_head=1.78e-04 | gnorm=1.96 | 10.0s | best=0.9488(ep23) | no_improve=6
[eval] n=740 loss=0.3308 top1=94.59% top5=99.73% macroF1=94.61% balAcc=94.59% (37 类随机水平 2.70%)
[Epoch 030/039] train_loss=0.7953 train_acc1=97.95% | val_loss=0.3308 val_top1=94.59% val_top5=99.73% macroF1=0.9461 | lr_bb=2.25e-05 lr_head=1.48e-04 | gnorm=2.13 | 10.2s | best=0.9488(ep23) | no_improve=7
[eval] n=740 loss=0.3255 top1=94.46% top5=99.73% macroF1=94.48% balAcc=94.46% (37 类随机水平 2.70%)
[Epoch 031/039] train_loss=0.7972 train_acc1=97.67% | val_loss=0.3255 val_top1=94.46% val_top5=99.73% macroF1=0.9448 | lr_bb=2.00e-05 lr_head=1.20e-04 | gnorm=2.00 | 10.3s | best=0.9488(ep23) | no_improve=8
[eval] n=740 loss=0.3243 top1=94.59% top5=99.86% macroF1=94.62% balAcc=94.59% (37 类随机水平 2.70%)
[Epoch 032/039] train_loss=0.7858 train_acc1=98.26% | val_loss=0.3243 val_top1=94.59% val_top5=99.86% macroF1=0.9462 | lr_bb=1.77e-05 lr_head=9.49e-05 | gnorm=1.85 | 10.6s | best=0.9488(ep23) | no_improve=9
[eval] n=740 loss=0.3256 top1=94.46% top5=99.73% macroF1=94.48% balAcc=94.46% (37 类随机水平 2.70%)
[Epoch 033/039] train_loss=0.7861 train_acc1=98.06% | val_loss=0.3256 val_top1=94.46% val_top5=99.73% macroF1=0.9448 | lr_bb=1.57e-05 lr_head=7.29e-05 | gnorm=1.75 | 11.1s | best=0.9488(ep23) | no_improve=10
[eval] n=740 loss=0.3231 top1=94.32% top5=99.86% macroF1=94.34% balAcc=94.32% (37 类随机水平 2.70%)
[Epoch 034/039] train_loss=0.7903 train_acc1=97.99% | val_loss=0.3231 val_top1=94.32% val_top5=99.86% macroF1=0.9434 | lr_bb=1.40e-05 lr_head=5.39e-05 | gnorm=1.99 | 10.3s | best=0.9488(ep23) | no_improve=11
[eval] n=740 loss=0.3291 top1=94.59% top5=99.86% macroF1=94.62% balAcc=94.59% (37 类随机水平 2.70%)
[Epoch 035/039] train_loss=0.7862 train_acc1=98.12% | val_loss=0.3291 val_top1=94.59% val_top5=99.86% macroF1=0.9462 | lr_bb=1.26e-05 lr_head=3.83e-05 | gnorm=1.93 | 10.6s | best=0.9488(ep23) | no_improve=12
[eval] n=740 loss=0.3311 top1=94.32% top5=99.86% macroF1=94.33% balAcc=94.32% (37 类随机水平 2.70%)
[Epoch 036/039] train_loss=0.7886 train_acc1=98.19% | val_loss=0.3311 val_top1=94.32% val_top5=99.86% macroF1=0.9433 | lr_bb=1.15e-05 lr_head=2.60e-05 | gnorm=1.77 | 11.2s | best=0.9488(ep23) | no_improve=13
[eval] n=740 loss=0.3269 top1=94.73% top5=99.86% macroF1=94.74% balAcc=94.73% (37 类随机水平 2.70%)
[Epoch 037/039] train_loss=0.7821 train_acc1=98.19% | val_loss=0.3269 val_top1=94.73% val_top5=99.86% macroF1=0.9474 | lr_bb=1.06e-05 lr_head=1.71e-05 | gnorm=1.77 | 11.1s | best=0.9488(ep23) | no_improve=14
[eval] n=740 loss=0.3245 top1=94.32% top5=100.00% macroF1=94.33% balAcc=94.32% (37 类随机水平 2.70%)
[Epoch 038/039] train_loss=0.7847 train_acc1=98.30% | val_loss=0.3245 val_top1=94.32% val_top5=100.00% macroF1=0.9433 | lr_bb=1.02e-05 lr_head=1.18e-05 | gnorm=1.90 | 10.6s | best=0.9488(ep23) | no_improve=15
[eval] n=740 loss=0.3341 top1=94.59% top5=99.73% macroF1=94.61% balAcc=94.59% (37 类随机水平 2.70%)
[Epoch 039/039] train_loss=0.7815 train_acc1=98.19% | val_loss=0.3341 val_top1=94.59% val_top5=99.73% macroF1=0.9461 | lr_bb=1.00e-05 lr_head=1.00e-05 | gnorm=1.77 | 11.0s | best=0.9488(ep23) | no_improve=16
Traceback (most recent call last):
  File "C:\Users\14675\Desktop\one团队秋招ai算法\RepViT-Reproduction\tools\train.py", line 798, in <module>
    main()
    ~~~~^^
  File "C:\Users\14675\Desktop\one团队秋招ai算法\RepViT-Reproduction\tools\train.py", line 760, in main
    te = evaluate(model, test_loader, device, K, collect_extra=True)
  File "C:\Users\14675\AppData\Roaming\Python\Python314\site-packages\torch\utils\_contextlib.py", line 124, in decorate_context
    return func(*args, **kwargs)
  File "C:\Users\14675\Desktop\one团队秋招ai算法\RepViT-Reproduction\tools\train.py", line 454, in evaluate
    for x, y, stem in loader:
                      ^^^^^^
  File "C:\Users\14675\AppData\Roaming\Python\Python314\site-packages\torch\utils\data\dataloader.py", line 725, in __next__
    data = self._next_data()
  File "C:\Users\14675\AppData\Roaming\Python\Python314\site-packages\torch\utils\data\dataloader.py", line 1531, in _next_data
    return self._process_data(data, worker_id)
           ~~~~~~~~~~~~~~~~~~^^^^^^^^^^^^^^^^^
  File "C:\Users\14675\AppData\Roaming\Python\Python314\site-packages\torch\utils\data\dataloader.py", line 1569, in _process_data
    data.reraise()
    ~~~~~~~~~~~~^^
  File "C:\Users\14675\AppData\Roaming\Python\Python314\site-packages\torch\_utils.py", line 803, in reraise
    raise exception
RuntimeError: Caught RuntimeError in DataLoader worker process 0.
Original Traceback (most recent call last):
  File "C:\Users\14675\AppData\Roaming\Python\Python314\site-packages\torch\utils\data\_utils\worker.py", line 375, in _worker_loop
    data = fetcher.fetch(index)  # type: ignore[possibly-undefined]
  File "C:\Users\14675\AppData\Roaming\Python\Python314\site-packages\torch\utils\data\_utils\fetch.py", line 57, in fetch
    return self.collate_fn(data)
           ~~~~~~~~~~~~~~~^^^^^^
  File "C:\Users\14675\AppData\Roaming\Python\Python314\site-packages\torch\utils\data\_utils\collate.py", line 401, in default_collate
    return collate(batch, collate_fn_map=default_collate_fn_map)
  File "C:\Users\14675\AppData\Roaming\Python\Python314\site-packages\torch\utils\data\_utils\collate.py", line 215, in collate
    collate(samples, collate_fn_map=collate_fn_map)
    ~~~~~~~^^^^^^^^^^^^^^^^^^^^^^^^^^^^^^^^^^^^^^^^
  File "C:\Users\14675\AppData\Roaming\Python\Python314\site-packages\torch\utils\data\_utils\collate.py", line 155, in collate
    return collate_fn_map[elem_type](batch, collate_fn_map=collate_fn_map)
           ~~~~~~~~~~~~~~~~~~~~~~~~~^^^^^^^^^^^^^^^^^^^^^^^^^^^^^^^^^^^^^^
  File "C:\Users\14675\AppData\Roaming\Python\Python314\site-packages\torch\utils\data\_utils\collate.py", line 273, in collate_tensor_fn
    storage = elem._typed_storage()._new_shared(numel, device=elem.device)
  File "C:\Users\14675\AppData\Roaming\Python\Python314\site-packages\torch\storage.py", line 1220, in _new_shared
    untyped_storage = torch.UntypedStorage._new_shared(
        size * self._element_size(), device=device
    )
  File "C:\Users\14675\AppData\Roaming\Python\Python314\site-packages\torch\storage.py", line 421, in _new_shared
    return cls._new_using_filename_cpu(size)
           ~~~~~~~~~~~~~~~~~~~~~~~~~~~^^^^^^
RuntimeError: Couldn't open shared file mapping: <torch_6924_3346218920_6>, error code: <1455>

