Warning: You are sending unauthenticated requests to the HF Hub. Please set a HF_TOKEN to enable higher rate limits and faster downloads.
Unexpected keys (head.head_dist.bn.num_batches_tracked, head.head_dist.bn.bias, head.head_dist.bn.running_mean, head.head_dist.bn.running_var, head.head_dist.bn.weight) found while loading pretrained weights. This may be expected if model is being adapted.
[env] torch=2.14.0+cu126 timm=1.0.29 cuda=True device=cuda | python=3.14.5
[label] K=37 | 0=Abyssinian | 1=American Bulldog | 36=Yorkshire Terrier
[data] train=2940 val=740 test=3669 | 类别覆盖 train=37/val=37/test=37 (K=37)
[data] root=data/oxford-iiit-pet train_list=datasets/lists/pet_train.txt val_list=datasets/lists/pet_val.txt test_list=datasets/lists/pet_test.txt
[model] name=repvit_m0_9 tag=dist_300e_in1k hf_hub_id=timm/repvit_m0_9.dist_300e_in1k distillation=False
[model] 参数量 total=4,732,805 trainable=4,732,805 head=15,013
[model] 口径：未融合、单头、C=37 = 4,732,805（≈4.73M），本任务应命中此值；timm 裸 create_model 的未融合蒸馏双头 C=1000 = 5,489,328（≈5.49M）；未融合、单头、C=1000 = 5,103,560（≈5.10M）；融合后单头 = 5,067,056（C=1000，融合后单头）/ 4,696,301（C=37，融合后单头），净减 36,504，以本机实测为准
[optim] group=backbone_decay     n_params=126  lr=5.000e-05 wd=0.05
[optim] group=backbone_no_decay  n_params=255  lr=5.000e-05 wd=0.0
[optim] group=head_no_decay      n_params=3    lr=1.000e-03 wd=0.0
[optim] group=head_decay         n_params=1    lr=1.000e-03 wd=0.05
[eval] n=740 loss=3.6510 top1=1.35% top5=12.03% macroF1=1.38% balAcc=1.35% (37 类随机水平 2.70%)
[Epoch 000/039] train_loss=3.6450 train_acc1=2.71% | val_loss=3.6510 val_top1=1.35% val_top5=12.03% macroF1=0.0138 | lr_bb=1.70e-05 lr_head=3.40e-04 | gnorm=1.77 | 59.4s | best=0.0138(ep0) | no_improve=0
[eval] n=740 loss=3.0947 top1=54.86% top5=86.89% macroF1=52.88% balAcc=54.86% (37 类随机水平 2.70%)
[Epoch 001/039] train_loss=3.4663 train_acc1=11.08% | val_loss=3.0947 val_top1=54.86% val_top5=86.89% macroF1=0.5288 | lr_bb=3.35e-05 lr_head=6.70e-04 | gnorm=1.82 | 10.8s | best=0.5288(ep1) | no_improve=0
[eval] n=740 loss=2.0012 top1=80.00% top5=98.65% macroF1=78.59% balAcc=80.00% (37 类随机水平 2.70%)
[Epoch 002/039] train_loss=2.9955 train_acc1=33.72% | val_loss=2.0012 val_top1=80.00% val_top5=98.65% macroF1=0.7859 | lr_bb=5.00e-05 lr_head=1.00e-03 | gnorm=1.98 | 11.0s | best=0.7859(ep2) | no_improve=0
[eval] n=740 loss=0.9277 top1=88.24% top5=99.86% macroF1=87.87% balAcc=88.24% (37 类随机水平 2.70%)
[Epoch 003/039] train_loss=2.3725 train_acc1=44.10% | val_loss=0.9277 val_top1=88.24% val_top5=99.86% macroF1=0.8787 | lr_bb=4.99e-05 lr_head=9.98e-04 | gnorm=2.30 | 9.9s | best=0.8787(ep3) | no_improve=0
[eval] n=740 loss=0.6520 top1=90.68% top5=99.86% macroF1=90.51% balAcc=90.68% (37 类随机水平 2.70%)
[Epoch 004/039] train_loss=1.9502 train_acc1=49.69% | val_loss=0.6520 val_top1=90.68% val_top5=99.86% macroF1=0.9051 | lr_bb=4.97e-05 lr_head=9.93e-04 | gnorm=2.61 | 9.9s | best=0.9051(ep4) | no_improve=0
[eval] n=740 loss=0.5933 top1=91.49% top5=99.86% macroF1=91.44% balAcc=91.49% (37 类随机水平 2.70%)
[Epoch 005/039] train_loss=1.9558 train_acc1=46.35% | val_loss=0.5933 val_top1=91.49% val_top5=99.86% macroF1=0.9144 | lr_bb=4.94e-05 lr_head=9.84e-04 | gnorm=2.83 | 10.0s | best=0.9144(ep5) | no_improve=0
[eval] n=740 loss=0.5289 top1=92.03% top5=99.86% macroF1=91.96% balAcc=92.03% (37 类随机水平 2.70%)
[Epoch 006/039] train_loss=1.7766 train_acc1=51.60% | val_loss=0.5289 val_top1=92.03% val_top5=99.86% macroF1=0.9196 | lr_bb=4.89e-05 lr_head=9.72e-04 | gnorm=2.82 | 10.6s | best=0.9196(ep6) | no_improve=0
[eval] n=740 loss=0.5317 top1=91.49% top5=99.73% macroF1=91.38% balAcc=91.49% (37 类随机水平 2.70%)
[Epoch 007/039] train_loss=1.7098 train_acc1=49.58% | val_loss=0.5317 val_top1=91.49% val_top5=99.73% macroF1=0.9138 | lr_bb=4.82e-05 lr_head=9.56e-04 | gnorm=2.69 | 10.7s | best=0.9196(ep6) | no_improve=1
[eval] n=740 loss=0.5280 top1=92.43% top5=99.86% macroF1=92.39% balAcc=92.43% (37 类随机水平 2.70%)
[Epoch 008/039] train_loss=1.8344 train_acc1=59.20% | val_loss=0.5280 val_top1=92.43% val_top5=99.86% macroF1=0.9239 | lr_bb=4.75e-05 lr_head=9.37e-04 | gnorm=3.04 | 10.3s | best=0.9239(ep8) | no_improve=0
[eval] n=740 loss=0.5053 top1=92.97% top5=99.73% macroF1=92.93% balAcc=92.97% (37 类随机水平 2.70%)
[Epoch 009/039] train_loss=1.6925 train_acc1=59.90% | val_loss=0.5053 val_top1=92.97% val_top5=99.73% macroF1=0.9293 | lr_bb=4.66e-05 lr_head=9.15e-04 | gnorm=2.93 | 12.8s | best=0.9293(ep9) | no_improve=0
[eval] n=740 loss=0.5040 top1=92.16% top5=99.86% macroF1=92.15% balAcc=92.16% (37 类随机水平 2.70%)
[Epoch 010/039] train_loss=1.7806 train_acc1=60.56% | val_loss=0.5040 val_top1=92.16% val_top5=99.86% macroF1=0.9215 | lr_bb=4.56e-05 lr_head=8.90e-04 | gnorm=3.27 | 11.5s | best=0.9293(ep9) | no_improve=1
[eval] n=740 loss=0.5201 top1=92.97% top5=99.86% macroF1=92.97% balAcc=92.97% (37 类随机水平 2.70%)
[Epoch 011/039] train_loss=1.6385 train_acc1=51.77% | val_loss=0.5201 val_top1=92.97% val_top5=99.86% macroF1=0.9297 | lr_bb=4.44e-05 lr_head=8.62e-04 | gnorm=2.94 | 12.1s | best=0.9297(ep11) | no_improve=0
[eval] n=740 loss=0.4888 top1=93.65% top5=99.59% macroF1=93.67% balAcc=93.65% (37 类随机水平 2.70%)
[Epoch 012/039] train_loss=1.6414 train_acc1=60.35% | val_loss=0.4888 val_top1=93.65% val_top5=99.59% macroF1=0.9367 | lr_bb=4.32e-05 lr_head=8.32e-04 | gnorm=2.92 | 10.8s | best=0.9367(ep12) | no_improve=0
[eval] n=740 loss=0.5076 top1=92.70% top5=99.59% macroF1=92.71% balAcc=92.70% (37 类随机水平 2.70%)
[Epoch 013/039] train_loss=1.7111 train_acc1=59.06% | val_loss=0.5076 val_top1=92.70% val_top5=99.59% macroF1=0.9271 | lr_bb=4.19e-05 lr_head=7.99e-04 | gnorm=2.85 | 11.3s | best=0.9367(ep12) | no_improve=1
[eval] n=740 loss=0.4705 top1=92.57% top5=99.86% macroF1=92.55% balAcc=92.57% (37 类随机水平 2.70%)
[Epoch 014/039] train_loss=1.6261 train_acc1=51.67% | val_loss=0.4705 val_top1=92.57% val_top5=99.86% macroF1=0.9255 | lr_bb=4.05e-05 lr_head=7.65e-04 | gnorm=2.95 | 11.7s | best=0.9367(ep12) | no_improve=2
[eval] n=740 loss=0.4701 top1=93.24% top5=99.86% macroF1=93.22% balAcc=93.24% (37 类随机水平 2.70%)
[Epoch 015/039] train_loss=1.5435 train_acc1=62.40% | val_loss=0.4701 val_top1=93.24% val_top5=99.86% macroF1=0.9322 | lr_bb=3.90e-05 lr_head=7.28e-04 | gnorm=2.93 | 11.2s | best=0.9367(ep12) | no_improve=3
[eval] n=740 loss=0.4465 top1=94.19% top5=99.86% macroF1=94.20% balAcc=94.19% (37 类随机水平 2.70%)
[Epoch 016/039] train_loss=1.5548 train_acc1=47.29% | val_loss=0.4465 val_top1=94.19% val_top5=99.86% macroF1=0.9420 | lr_bb=3.75e-05 lr_head=6.90e-04 | gnorm=2.69 | 12.8s | best=0.9420(ep16) | no_improve=0
[eval] n=740 loss=0.4196 top1=93.65% top5=99.73% macroF1=93.65% balAcc=93.65% (37 类随机水平 2.70%)
[Epoch 017/039] train_loss=1.5009 train_acc1=54.03% | val_loss=0.4196 val_top1=93.65% val_top5=99.73% macroF1=0.9365 | lr_bb=3.59e-05 lr_head=6.50e-04 | gnorm=2.89 | 11.8s | best=0.9420(ep16) | no_improve=1
[eval] n=740 loss=0.4751 top1=93.38% top5=99.86% macroF1=93.38% balAcc=93.38% (37 类随机水平 2.70%)
[Epoch 018/039] train_loss=1.5341 train_acc1=52.67% | val_loss=0.4751 val_top1=93.38% val_top5=99.86% macroF1=0.9338 | lr_bb=3.42e-05 lr_head=6.09e-04 | gnorm=3.04 | 12.6s | best=0.9420(ep16) | no_improve=2
[eval] n=740 loss=0.4672 top1=94.46% top5=99.73% macroF1=94.49% balAcc=94.46% (37 类随机水平 2.70%)
[Epoch 019/039] train_loss=1.6950 train_acc1=48.72% | val_loss=0.4672 val_top1=94.46% val_top5=99.73% macroF1=0.9449 | lr_bb=3.25e-05 lr_head=5.68e-04 | gnorm=3.09 | 12.2s | best=0.9449(ep19) | no_improve=0
[eval] n=740 loss=0.5437 top1=94.73% top5=99.59% macroF1=94.74% balAcc=94.73% (37 类随机水平 2.70%)
[Epoch 020/039] train_loss=1.6827 train_acc1=62.05% | val_loss=0.5437 val_top1=94.73% val_top5=99.59% macroF1=0.9474 | lr_bb=3.08e-05 lr_head=5.26e-04 | gnorm=3.11 | 12.9s | best=0.9474(ep20) | no_improve=0
[eval] n=740 loss=0.4802 top1=94.32% top5=99.73% macroF1=94.35% balAcc=94.32% (37 类随机水平 2.70%)
[Epoch 021/039] train_loss=1.6000 train_acc1=58.82% | val_loss=0.4802 val_top1=94.32% val_top5=99.73% macroF1=0.9435 | lr_bb=2.92e-05 lr_head=4.84e-04 | gnorm=3.24 | 12.5s | best=0.9474(ep20) | no_improve=1
[eval] n=740 loss=0.4204 top1=94.19% top5=99.86% macroF1=94.21% balAcc=94.19% (37 类随机水平 2.70%)
[Epoch 022/039] train_loss=1.5762 train_acc1=55.90% | val_loss=0.4204 val_top1=94.19% val_top5=99.86% macroF1=0.9421 | lr_bb=2.75e-05 lr_head=4.42e-04 | gnorm=2.96 | 12.5s | best=0.9474(ep20) | no_improve=2
[eval] n=740 loss=0.4724 top1=94.46% top5=99.86% macroF1=94.47% balAcc=94.46% (37 类随机水平 2.70%)
[Epoch 023/039] train_loss=1.4899 train_acc1=51.84% | val_loss=0.4724 val_top1=94.46% val_top5=99.86% macroF1=0.9447 | lr_bb=2.58e-05 lr_head=4.01e-04 | gnorm=2.82 | 17.7s | best=0.9474(ep20) | no_improve=3
[eval] n=740 loss=0.4636 top1=93.78% top5=99.73% macroF1=93.81% balAcc=93.78% (37 类随机水平 2.70%)
[Epoch 024/039] train_loss=1.5528 train_acc1=51.88% | val_loss=0.4636 val_top1=93.78% val_top5=99.73% macroF1=0.9381 | lr_bb=2.41e-05 lr_head=3.60e-04 | gnorm=2.90 | 11.3s | best=0.9474(ep20) | no_improve=4
[eval] n=740 loss=0.4767 top1=94.05% top5=99.86% macroF1=94.08% balAcc=94.05% (37 类随机水平 2.70%)
[Epoch 025/039] train_loss=1.5534 train_acc1=55.03% | val_loss=0.4767 val_top1=94.05% val_top5=99.86% macroF1=0.9408 | lr_bb=2.25e-05 lr_head=3.20e-04 | gnorm=2.95 | 11.8s | best=0.9474(ep20) | no_improve=5
[eval] n=740 loss=0.4696 top1=93.92% top5=99.73% macroF1=93.93% balAcc=93.92% (37 类随机水平 2.70%)
[Epoch 026/039] train_loss=1.5559 train_acc1=56.18% | val_loss=0.4696 val_top1=93.92% val_top5=99.73% macroF1=0.9393 | lr_bb=2.10e-05 lr_head=2.82e-04 | gnorm=2.99 | 12.0s | best=0.9474(ep20) | no_improve=6
[eval] n=740 loss=0.4916 top1=94.19% top5=99.86% macroF1=94.20% balAcc=94.19% (37 类随机水平 2.70%)
[Epoch 027/039] train_loss=1.7002 train_acc1=60.21% | val_loss=0.4916 val_top1=94.19% val_top5=99.86% macroF1=0.9420 | lr_bb=1.95e-05 lr_head=2.45e-04 | gnorm=3.09 | 12.3s | best=0.9474(ep20) | no_improve=7
[eval] n=740 loss=0.4432 top1=94.05% top5=99.73% macroF1=94.07% balAcc=94.05% (37 类随机水平 2.70%)
[Epoch 028/039] train_loss=1.5484 train_acc1=49.06% | val_loss=0.4432 val_top1=94.05% val_top5=99.73% macroF1=0.9407 | lr_bb=1.81e-05 lr_head=2.11e-04 | gnorm=2.88 | 12.5s | best=0.9474(ep20) | no_improve=8
[eval] n=740 loss=0.4775 top1=94.59% top5=99.73% macroF1=94.61% balAcc=94.59% (37 类随机水平 2.70%)
[Epoch 029/039] train_loss=1.5153 train_acc1=56.56% | val_loss=0.4775 val_top1=94.59% val_top5=99.73% macroF1=0.9461 | lr_bb=1.68e-05 lr_head=1.78e-04 | gnorm=2.90 | 11.8s | best=0.9474(ep20) | no_improve=9
[eval] n=740 loss=0.4557 top1=94.46% top5=99.86% macroF1=94.47% balAcc=94.46% (37 类随机水平 2.70%)
[Epoch 030/039] train_loss=1.6061 train_acc1=57.57% | val_loss=0.4557 val_top1=94.46% val_top5=99.86% macroF1=0.9447 | lr_bb=1.56e-05 lr_head=1.48e-04 | gnorm=2.86 | 12.2s | best=0.9474(ep20) | no_improve=10
[eval] n=740 loss=0.4673 top1=94.59% top5=99.73% macroF1=94.60% balAcc=94.59% (37 类随机水平 2.70%)
[Epoch 031/039] train_loss=1.6080 train_acc1=65.10% | val_loss=0.4673 val_top1=94.59% val_top5=99.73% macroF1=0.9460 | lr_bb=1.44e-05 lr_head=1.20e-04 | gnorm=2.73 | 12.1s | best=0.9474(ep20) | no_improve=11
[eval] n=740 loss=0.4135 top1=94.59% top5=99.73% macroF1=94.63% balAcc=94.59% (37 类随机水平 2.70%)
[Epoch 032/039] train_loss=1.4429 train_acc1=57.60% | val_loss=0.4135 val_top1=94.59% val_top5=99.73% macroF1=0.9463 | lr_bb=1.34e-05 lr_head=9.49e-05 | gnorm=2.53 | 12.3s | best=0.9474(ep20) | no_improve=12
[eval] n=740 loss=0.4027 top1=93.92% top5=99.73% macroF1=93.93% balAcc=93.92% (37 类随机水平 2.70%)
[Epoch 033/039] train_loss=1.4209 train_acc1=56.18% | val_loss=0.4027 val_top1=93.92% val_top5=99.73% macroF1=0.9393 | lr_bb=1.25e-05 lr_head=7.29e-05 | gnorm=2.59 | 12.7s | best=0.9474(ep20) | no_improve=13
[eval] n=740 loss=0.4161 top1=94.46% top5=99.73% macroF1=94.47% balAcc=94.46% (37 类随机水平 2.70%)
[Epoch 034/039] train_loss=1.5546 train_acc1=60.10% | val_loss=0.4161 val_top1=94.46% val_top5=99.73% macroF1=0.9447 | lr_bb=1.18e-05 lr_head=5.39e-05 | gnorm=2.93 | 11.7s | best=0.9474(ep20) | no_improve=14
[eval] n=740 loss=0.4179 top1=94.59% top5=99.86% macroF1=94.59% balAcc=94.59% (37 类随机水平 2.70%)
[Epoch 035/039] train_loss=1.4139 train_acc1=64.34% | val_loss=0.4179 val_top1=94.59% val_top5=99.86% macroF1=0.9459 | lr_bb=1.11e-05 lr_head=3.83e-05 | gnorm=2.74 | 12.7s | best=0.9474(ep20) | no_improve=15
[eval] n=740 loss=0.4518 top1=95.00% top5=99.86% macroF1=95.02% balAcc=95.00% (37 类随机水平 2.70%)
[Epoch 036/039] train_loss=1.4847 train_acc1=61.91% | val_loss=0.4518 val_top1=95.00% val_top5=99.86% macroF1=0.9502 | lr_bb=1.06e-05 lr_head=2.60e-05 | gnorm=2.58 | 13.0s | best=0.9502(ep36) | no_improve=0
[eval] n=740 loss=0.4007 top1=94.46% top5=99.86% macroF1=94.47% balAcc=94.46% (37 类随机水平 2.70%)
[Epoch 037/039] train_loss=1.3824 train_acc1=50.00% | val_loss=0.4007 val_top1=94.46% val_top5=99.86% macroF1=0.9447 | lr_bb=1.03e-05 lr_head=1.71e-05 | gnorm=2.45 | 12.5s | best=0.9502(ep36) | no_improve=1
[eval] n=740 loss=0.4166 top1=94.73% top5=99.86% macroF1=94.74% balAcc=94.73% (37 类随机水平 2.70%)
[Epoch 038/039] train_loss=1.4920 train_acc1=54.34% | val_loss=0.4166 val_top1=94.73% val_top5=99.86% macroF1=0.9474 | lr_bb=1.01e-05 lr_head=1.18e-05 | gnorm=2.70 | 12.7s | best=0.9502(ep36) | no_improve=2
[eval] n=740 loss=0.4500 top1=95.00% top5=99.73% macroF1=95.02% balAcc=95.00% (37 类随机水平 2.70%)
[Epoch 039/039] train_loss=1.5294 train_acc1=59.24% | val_loss=0.4500 val_top1=95.00% val_top5=99.73% macroF1=0.9502 | lr_bb=1.00e-05 lr_head=1.00e-05 | gnorm=2.62 | 12.7s | best=0.9502(ep36) | no_improve=3
Traceback (most recent call last):
  File "C:\Users\14675\Desktop\one团队秋招ai算法\RepViT-Reproduction\tools\train.py", line 798, in <module>
    main()
    ~~~~^^
  File "C:\Users\14675\Desktop\one团队秋招ai算法\RepViT-Reproduction\tools\train.py", line 760, in main
    te = evaluate(model, test_loader, device, K, collect_extra=True)
  File "C:\Users\14675\AppData\Roaming\Python\Python314\site-packages\torch\utils\_contextlib.py", line 124, in decorate_context
    return func(*args, **kwargs)
  File "C:\Users\14675\Desktop\one团队秋招ai算法\RepViT-Reproduction\tools\train.py", line 454, in evaluate
    for x, y, stem in loader:
                      ^^^^^^
  File "C:\Users\14675\AppData\Roaming\Python\Python314\site-packages\torch\utils\data\dataloader.py", line 725, in __next__
    data = self._next_data()
  File "C:\Users\14675\AppData\Roaming\Python\Python314\site-packages\torch\utils\data\dataloader.py", line 1531, in _next_data
    return self._process_data(data, worker_id)
           ~~~~~~~~~~~~~~~~~~^^^^^^^^^^^^^^^^^
  File "C:\Users\14675\AppData\Roaming\Python\Python314\site-packages\torch\utils\data\dataloader.py", line 1569, in _process_data
    data.reraise()
    ~~~~~~~~~~~~^^
  File "C:\Users\14675\AppData\Roaming\Python\Python314\site-packages\torch\_utils.py", line 803, in reraise
    raise exception
RuntimeError: Caught RuntimeError in DataLoader worker process 0.
Original Traceback (most recent call last):
  File "C:\Users\14675\AppData\Roaming\Python\Python314\site-packages\torch\utils\data\_utils\worker.py", line 375, in _worker_loop
    data = fetcher.fetch(index)  # type: ignore[possibly-undefined]
  File "C:\Users\14675\AppData\Roaming\Python\Python314\site-packages\torch\utils\data\_utils\fetch.py", line 57, in fetch
    return self.collate_fn(data)
           ~~~~~~~~~~~~~~~^^^^^^
  File "C:\Users\14675\AppData\Roaming\Python\Python314\site-packages\torch\utils\data\_utils\collate.py", line 401, in default_collate
    return collate(batch, collate_fn_map=default_collate_fn_map)
  File "C:\Users\14675\AppData\Roaming\Python\Python314\site-packages\torch\utils\data\_utils\collate.py", line 215, in collate
    collate(samples, collate_fn_map=collate_fn_map)
    ~~~~~~~^^^^^^^^^^^^^^^^^^^^^^^^^^^^^^^^^^^^^^^^
  File "C:\Users\14675\AppData\Roaming\Python\Python314\site-packages\torch\utils\data\_utils\collate.py", line 155, in collate
    return collate_fn_map[elem_type](batch, collate_fn_map=collate_fn_map)
           ~~~~~~~~~~~~~~~~~~~~~~~~~^^^^^^^^^^^^^^^^^^^^^^^^^^^^^^^^^^^^^^
  File "C:\Users\14675\AppData\Roaming\Python\Python314\site-packages\torch\utils\data\_utils\collate.py", line 273, in collate_tensor_fn
    storage = elem._typed_storage()._new_shared(numel, device=elem.device)
  File "C:\Users\14675\AppData\Roaming\Python\Python314\site-packages\torch\storage.py", line 1220, in _new_shared
    untyped_storage = torch.UntypedStorage._new_shared(
        size * self._element_size(), device=device
    )
  File "C:\Users\14675\AppData\Roaming\Python\Python314\site-packages\torch\storage.py", line 421, in _new_shared
    return cls._new_using_filename_cpu(size)
           ~~~~~~~~~~~~~~~~~~~~~~~~~~~^^^^^^
RuntimeError: Couldn't open shared file mapping: <torch_26284_1173505054_0>, error code: <1455>

