Unexpected keys (head.head_dist.bn.num_batches_tracked, head.head_dist.bn.bias, head.head_dist.bn.running_mean, head.head_dist.bn.running_var, head.head_dist.bn.weight) found while loading pretrained weights. This may be expected if model is being adapted.
[env] torch=2.14.0+cu126 timm=1.0.29 cuda=True device=cuda | python=3.14.5
[label] K=37 | 0=Abyssinian | 1=American Bulldog | 36=Yorkshire Terrier
[data] train=2940 val=740 test=3669 | 类别覆盖 train=37/val=37/test=37 (K=37)
[data] root=data/oxford-iiit-pet train_list=datasets/lists/pet_train.txt val_list=datasets/lists/pet_val.txt test_list=datasets/lists/pet_test.txt
[model] name=repvit_m0_9 tag=dist_300e_in1k hf_hub_id=timm/repvit_m0_9.dist_300e_in1k distillation=False
[model] 参数量 total=4,732,805 trainable=4,732,805 head=15,013
[model] 口径：未融合、单头、C=37 = 4,732,805（≈4.73M），本任务应命中此值；timm 裸 create_model 的未融合蒸馏双头 C=1000 = 5,489,328（≈5.49M）；未融合、单头、C=1000 = 5,103,560（≈5.10M）；融合后单头 = 5,067,056（C=1000，融合后单头）/ 4,696,301（C=37，融合后单头），净减 36,504，以本机实测为准
[optim] group=backbone_decay     n_params=126  lr=5.000e-05 wd=0.05
[optim] group=backbone_no_decay  n_params=255  lr=5.000e-05 wd=0.0
[optim] group=head_no_decay      n_params=3    lr=1.000e-03 wd=0.0
[optim] group=head_decay         n_params=1    lr=1.000e-03 wd=0.05
[eval] n=740 loss=3.6507 top1=1.35% top5=12.43% macroF1=1.47% balAcc=1.35% (37 类随机水平 2.70%)
[Epoch 000/039] train_loss=3.6505 train_acc1=1.94% | val_loss=3.6507 val_top1=1.35% val_top5=12.43% macroF1=0.0147 | lr_bb=1.70e-05 lr_head=3.40e-04 | gnorm=1.99 | 53.6s | best=0.0147(ep0) | no_improve=0
[eval] n=740 loss=3.0144 top1=59.32% top5=89.32% macroF1=57.64% balAcc=59.32% (37 类随机水平 2.70%)
[Epoch 001/039] train_loss=3.4000 train_acc1=23.75% | val_loss=3.0144 val_top1=59.32% val_top5=89.32% macroF1=0.5764 | lr_bb=3.35e-05 lr_head=6.70e-04 | gnorm=2.13 | 7.9s | best=0.5764(ep1) | no_improve=0
[eval] n=740 loss=1.7024 top1=82.84% top5=99.32% macroF1=81.80% balAcc=82.84% (37 类随机水平 2.70%)
[Epoch 002/039] train_loss=2.6779 train_acc1=64.51% | val_loss=1.7024 val_top1=82.84% val_top5=99.32% macroF1=0.8180 | lr_bb=5.00e-05 lr_head=1.00e-03 | gnorm=2.21 | 8.0s | best=0.8180(ep2) | no_improve=0
[eval] n=740 loss=0.7132 top1=89.73% top5=99.86% macroF1=89.44% balAcc=89.73% (37 类随机水平 2.70%)
[Epoch 003/039] train_loss=1.7450 train_acc1=79.24% | val_loss=0.7132 val_top1=89.73% val_top5=99.86% macroF1=0.8944 | lr_bb=4.99e-05 lr_head=9.98e-04 | gnorm=2.73 | 7.9s | best=0.8944(ep3) | no_improve=0
[eval] n=740 loss=0.4827 top1=91.22% top5=99.86% macroF1=91.09% balAcc=91.22% (37 类随机水平 2.70%)
[Epoch 004/039] train_loss=1.2903 train_acc1=85.00% | val_loss=0.4827 val_top1=91.22% val_top5=99.86% macroF1=0.9109 | lr_bb=4.97e-05 lr_head=9.93e-04 | gnorm=2.73 | 7.9s | best=0.9109(ep4) | no_improve=0
[eval] n=740 loss=0.4081 top1=91.22% top5=99.86% macroF1=91.11% balAcc=91.22% (37 类随机水平 2.70%)
[Epoch 005/039] train_loss=1.1598 train_acc1=86.46% | val_loss=0.4081 val_top1=91.22% val_top5=99.86% macroF1=0.9111 | lr_bb=4.94e-05 lr_head=9.84e-04 | gnorm=2.81 | 7.6s | best=0.9111(ep5) | no_improve=0
[eval] n=740 loss=0.3776 top1=92.03% top5=99.86% macroF1=91.97% balAcc=92.03% (37 类随机水平 2.70%)
[Epoch 006/039] train_loss=1.0765 train_acc1=89.27% | val_loss=0.3776 val_top1=92.03% val_top5=99.86% macroF1=0.9197 | lr_bb=4.89e-05 lr_head=9.72e-04 | gnorm=2.89 | 8.0s | best=0.9197(ep6) | no_improve=0
[eval] n=740 loss=0.3634 top1=91.76% top5=99.86% macroF1=91.65% balAcc=91.76% (37 类随机水平 2.70%)
[Epoch 007/039] train_loss=1.0330 train_acc1=90.56% | val_loss=0.3634 val_top1=91.76% val_top5=99.86% macroF1=0.9165 | lr_bb=4.82e-05 lr_head=9.56e-04 | gnorm=2.94 | 7.8s | best=0.9197(ep6) | no_improve=1
[eval] n=740 loss=0.3332 top1=92.30% top5=99.86% macroF1=92.23% balAcc=92.30% (37 类随机水平 2.70%)
[Epoch 008/039] train_loss=0.9936 train_acc1=92.05% | val_loss=0.3332 val_top1=92.30% val_top5=99.86% macroF1=0.9223 | lr_bb=4.75e-05 lr_head=9.37e-04 | gnorm=2.73 | 7.8s | best=0.9223(ep8) | no_improve=0
[eval] n=740 loss=0.3450 top1=93.38% top5=99.86% macroF1=93.33% balAcc=93.38% (37 类随机水平 2.70%)
[Epoch 009/039] train_loss=0.9785 train_acc1=91.63% | val_loss=0.3450 val_top1=93.38% val_top5=99.86% macroF1=0.9333 | lr_bb=4.66e-05 lr_head=9.15e-04 | gnorm=2.87 | 7.9s | best=0.9333(ep9) | no_improve=0
[eval] n=740 loss=0.3381 top1=93.11% top5=100.00% macroF1=93.09% balAcc=93.11% (37 类随机水平 2.70%)
[Epoch 010/039] train_loss=0.9763 train_acc1=92.05% | val_loss=0.3381 val_top1=93.11% val_top5=100.00% macroF1=0.9309 | lr_bb=4.56e-05 lr_head=8.90e-04 | gnorm=3.15 | 7.8s | best=0.9333(ep9) | no_improve=1
[eval] n=740 loss=0.3407 top1=93.24% top5=99.86% macroF1=93.20% balAcc=93.24% (37 类随机水平 2.70%)
[Epoch 011/039] train_loss=0.9535 train_acc1=92.95% | val_loss=0.3407 val_top1=93.24% val_top5=99.86% macroF1=0.9320 | lr_bb=4.44e-05 lr_head=8.62e-04 | gnorm=2.69 | 8.0s | best=0.9333(ep9) | no_improve=2
[eval] n=740 loss=0.3292 top1=94.46% top5=99.86% macroF1=94.49% balAcc=94.46% (37 类随机水平 2.70%)
[Epoch 012/039] train_loss=0.9303 train_acc1=94.13% | val_loss=0.3292 val_top1=94.46% val_top5=99.86% macroF1=0.9449 | lr_bb=4.32e-05 lr_head=8.32e-04 | gnorm=2.68 | 8.0s | best=0.9449(ep12) | no_improve=0
[eval] n=740 loss=0.3303 top1=93.24% top5=99.59% macroF1=93.23% balAcc=93.24% (37 类随机水平 2.70%)
[Epoch 013/039] train_loss=0.9060 train_acc1=95.00% | val_loss=0.3303 val_top1=93.24% val_top5=99.59% macroF1=0.9323 | lr_bb=4.19e-05 lr_head=7.99e-04 | gnorm=2.44 | 8.1s | best=0.9449(ep12) | no_improve=1
[eval] n=740 loss=0.3289 top1=93.51% top5=99.86% macroF1=93.50% balAcc=93.51% (37 类随机水平 2.70%)
[Epoch 014/039] train_loss=0.8937 train_acc1=95.42% | val_loss=0.3289 val_top1=93.51% val_top5=99.86% macroF1=0.9350 | lr_bb=4.05e-05 lr_head=7.65e-04 | gnorm=2.57 | 7.9s | best=0.9449(ep12) | no_improve=2
[eval] n=740 loss=0.3325 top1=94.19% top5=99.73% macroF1=94.19% balAcc=94.19% (37 类随机水平 2.70%)
[Epoch 015/039] train_loss=0.8967 train_acc1=95.45% | val_loss=0.3325 val_top1=94.19% val_top5=99.73% macroF1=0.9419 | lr_bb=3.90e-05 lr_head=7.28e-04 | gnorm=2.76 | 7.9s | best=0.9449(ep12) | no_improve=3
[eval] n=740 loss=0.3256 top1=94.46% top5=99.73% macroF1=94.44% balAcc=94.46% (37 类随机水平 2.70%)
[Epoch 016/039] train_loss=0.8897 train_acc1=95.66% | val_loss=0.3256 val_top1=94.46% val_top5=99.73% macroF1=0.9444 | lr_bb=3.75e-05 lr_head=6.90e-04 | gnorm=2.48 | 7.9s | best=0.9449(ep12) | no_improve=4
[eval] n=740 loss=0.3261 top1=93.78% top5=99.73% macroF1=93.78% balAcc=93.78% (37 类随机水平 2.70%)
[Epoch 017/039] train_loss=0.8804 train_acc1=95.62% | val_loss=0.3261 val_top1=93.78% val_top5=99.73% macroF1=0.9378 | lr_bb=3.59e-05 lr_head=6.50e-04 | gnorm=2.55 | 8.1s | best=0.9449(ep12) | no_improve=5
[eval] n=740 loss=0.3344 top1=93.92% top5=99.73% macroF1=93.88% balAcc=93.92% (37 类随机水平 2.70%)
[Epoch 018/039] train_loss=0.8714 train_acc1=95.94% | val_loss=0.3344 val_top1=93.92% val_top5=99.73% macroF1=0.9388 | lr_bb=3.42e-05 lr_head=6.09e-04 | gnorm=2.25 | 8.0s | best=0.9449(ep12) | no_improve=6
[eval] n=740 loss=0.3254 top1=94.32% top5=99.73% macroF1=94.31% balAcc=94.32% (37 类随机水平 2.70%)
[Epoch 019/039] train_loss=0.8712 train_acc1=95.94% | val_loss=0.3254 val_top1=94.32% val_top5=99.73% macroF1=0.9431 | lr_bb=3.25e-05 lr_head=5.68e-04 | gnorm=2.67 | 8.0s | best=0.9449(ep12) | no_improve=7
[eval] n=740 loss=0.3251 top1=94.05% top5=99.73% macroF1=94.07% balAcc=94.05% (37 类随机水平 2.70%)
[Epoch 020/039] train_loss=0.8658 train_acc1=96.39% | val_loss=0.3251 val_top1=94.05% val_top5=99.73% macroF1=0.9407 | lr_bb=3.08e-05 lr_head=5.26e-04 | gnorm=2.68 | 7.9s | best=0.9449(ep12) | no_improve=8
[eval] n=740 loss=0.3135 top1=94.59% top5=99.86% macroF1=94.60% balAcc=94.59% (37 类随机水平 2.70%)
[Epoch 021/039] train_loss=0.8617 train_acc1=96.28% | val_loss=0.3135 val_top1=94.59% val_top5=99.86% macroF1=0.9460 | lr_bb=2.92e-05 lr_head=4.84e-04 | gnorm=2.64 | 7.9s | best=0.9460(ep21) | no_improve=0
[eval] n=740 loss=0.3167 top1=94.86% top5=99.73% macroF1=94.87% balAcc=94.86% (37 类随机水平 2.70%)
[Epoch 022/039] train_loss=0.8543 train_acc1=96.32% | val_loss=0.3167 val_top1=94.86% val_top5=99.73% macroF1=0.9487 | lr_bb=2.75e-05 lr_head=4.42e-04 | gnorm=2.73 | 7.9s | best=0.9487(ep22) | no_improve=0
[eval] n=740 loss=0.3229 top1=94.59% top5=99.59% macroF1=94.59% balAcc=94.59% (37 类随机水平 2.70%)
[Epoch 023/039] train_loss=0.8491 train_acc1=96.88% | val_loss=0.3229 val_top1=94.59% val_top5=99.59% macroF1=0.9459 | lr_bb=2.58e-05 lr_head=4.01e-04 | gnorm=2.41 | 8.0s | best=0.9487(ep22) | no_improve=1
[eval] n=740 loss=0.3389 top1=94.46% top5=99.59% macroF1=94.44% balAcc=94.46% (37 类随机水平 2.70%)
[Epoch 024/039] train_loss=0.8493 train_acc1=96.49% | val_loss=0.3389 val_top1=94.46% val_top5=99.59% macroF1=0.9444 | lr_bb=2.41e-05 lr_head=3.60e-04 | gnorm=2.55 | 7.9s | best=0.9487(ep22) | no_improve=2
[eval] n=740 loss=0.3213 top1=94.19% top5=99.86% macroF1=94.19% balAcc=94.19% (37 类随机水平 2.70%)
[Epoch 025/039] train_loss=0.8526 train_acc1=96.15% | val_loss=0.3213 val_top1=94.19% val_top5=99.86% macroF1=0.9419 | lr_bb=2.25e-05 lr_head=3.20e-04 | gnorm=2.55 | 7.9s | best=0.9487(ep22) | no_improve=3
[eval] n=740 loss=0.3237 top1=94.19% top5=99.86% macroF1=94.19% balAcc=94.19% (37 类随机水平 2.70%)
[Epoch 026/039] train_loss=0.8356 train_acc1=97.22% | val_loss=0.3237 val_top1=94.19% val_top5=99.86% macroF1=0.9419 | lr_bb=2.10e-05 lr_head=2.82e-04 | gnorm=2.60 | 8.0s | best=0.9487(ep22) | no_improve=4
[eval] n=740 loss=0.3146 top1=93.78% top5=99.73% macroF1=93.77% balAcc=93.78% (37 类随机水平 2.70%)
[Epoch 027/039] train_loss=0.8336 train_acc1=97.47% | val_loss=0.3146 val_top1=93.78% val_top5=99.73% macroF1=0.9377 | lr_bb=1.95e-05 lr_head=2.45e-04 | gnorm=2.25 | 8.0s | best=0.9487(ep22) | no_improve=5
[eval] n=740 loss=0.3249 top1=93.92% top5=99.73% macroF1=93.92% balAcc=93.92% (37 类随机水平 2.70%)
[Epoch 028/039] train_loss=0.8372 train_acc1=97.22% | val_loss=0.3249 val_top1=93.92% val_top5=99.73% macroF1=0.9392 | lr_bb=1.81e-05 lr_head=2.11e-04 | gnorm=2.26 | 8.0s | best=0.9487(ep22) | no_improve=6
[eval] n=740 loss=0.3266 top1=94.05% top5=99.73% macroF1=94.06% balAcc=94.05% (37 类随机水平 2.70%)
[Epoch 029/039] train_loss=0.8325 train_acc1=97.08% | val_loss=0.3266 val_top1=94.05% val_top5=99.73% macroF1=0.9406 | lr_bb=1.68e-05 lr_head=1.78e-04 | gnorm=2.29 | 8.0s | best=0.9487(ep22) | no_improve=7
[eval] n=740 loss=0.3229 top1=94.59% top5=99.86% macroF1=94.61% balAcc=94.59% (37 类随机水平 2.70%)
[Epoch 030/039] train_loss=0.8330 train_acc1=97.26% | val_loss=0.3229 val_top1=94.59% val_top5=99.86% macroF1=0.9461 | lr_bb=1.56e-05 lr_head=1.48e-04 | gnorm=2.46 | 7.9s | best=0.9487(ep22) | no_improve=8
[eval] n=740 loss=0.3266 top1=94.86% top5=99.86% macroF1=94.88% balAcc=94.86% (37 类随机水平 2.70%)
[Epoch 031/039] train_loss=0.8360 train_acc1=96.94% | val_loss=0.3266 val_top1=94.86% val_top5=99.86% macroF1=0.9488 | lr_bb=1.44e-05 lr_head=1.20e-04 | gnorm=2.28 | 7.9s | best=0.9488(ep31) | no_improve=0
[eval] n=740 loss=0.3195 top1=94.32% top5=99.86% macroF1=94.34% balAcc=94.32% (37 类随机水平 2.70%)
[Epoch 032/039] train_loss=0.8260 train_acc1=97.01% | val_loss=0.3195 val_top1=94.32% val_top5=99.86% macroF1=0.9434 | lr_bb=1.34e-05 lr_head=9.49e-05 | gnorm=2.30 | 7.9s | best=0.9488(ep31) | no_improve=1
[eval] n=740 loss=0.3210 top1=94.32% top5=99.73% macroF1=94.34% balAcc=94.32% (37 类随机水平 2.70%)
[Epoch 033/039] train_loss=0.8251 train_acc1=97.50% | val_loss=0.3210 val_top1=94.32% val_top5=99.73% macroF1=0.9434 | lr_bb=1.25e-05 lr_head=7.29e-05 | gnorm=2.00 | 7.9s | best=0.9488(ep31) | no_improve=2
[eval] n=740 loss=0.3235 top1=94.32% top5=99.86% macroF1=94.35% balAcc=94.32% (37 类随机水平 2.70%)
[Epoch 034/039] train_loss=0.8280 train_acc1=97.29% | val_loss=0.3235 val_top1=94.32% val_top5=99.86% macroF1=0.9435 | lr_bb=1.18e-05 lr_head=5.39e-05 | gnorm=2.29 | 7.9s | best=0.9488(ep31) | no_improve=3
[eval] n=740 loss=0.3275 top1=94.32% top5=99.86% macroF1=94.35% balAcc=94.32% (37 类随机水平 2.70%)
[Epoch 035/039] train_loss=0.8254 train_acc1=97.12% | val_loss=0.3275 val_top1=94.32% val_top5=99.86% macroF1=0.9435 | lr_bb=1.11e-05 lr_head=3.83e-05 | gnorm=2.28 | 8.0s | best=0.9488(ep31) | no_improve=4
[eval] n=740 loss=0.3285 top1=94.46% top5=99.86% macroF1=94.47% balAcc=94.46% (37 类随机水平 2.70%)
[Epoch 036/039] train_loss=0.8277 train_acc1=97.19% | val_loss=0.3285 val_top1=94.46% val_top5=99.86% macroF1=0.9447 | lr_bb=1.06e-05 lr_head=2.60e-05 | gnorm=2.12 | 8.0s | best=0.9488(ep31) | no_improve=5
[eval] n=740 loss=0.3231 top1=94.73% top5=99.86% macroF1=94.75% balAcc=94.73% (37 类随机水平 2.70%)
[Epoch 037/039] train_loss=0.8175 train_acc1=97.67% | val_loss=0.3231 val_top1=94.73% val_top5=99.86% macroF1=0.9475 | lr_bb=1.03e-05 lr_head=1.71e-05 | gnorm=2.13 | 8.0s | best=0.9488(ep31) | no_improve=6
[eval] n=740 loss=0.3204 top1=94.32% top5=99.86% macroF1=94.32% balAcc=94.32% (37 类随机水平 2.70%)
[Epoch 038/039] train_loss=0.8240 train_acc1=97.67% | val_loss=0.3204 val_top1=94.32% val_top5=99.86% macroF1=0.9432 | lr_bb=1.01e-05 lr_head=1.18e-05 | gnorm=2.29 | 8.0s | best=0.9488(ep31) | no_improve=7
[eval] n=740 loss=0.3297 top1=94.19% top5=99.73% macroF1=94.20% balAcc=94.19% (37 类随机水平 2.70%)
[Epoch 039/039] train_loss=0.8171 train_acc1=97.40% | val_loss=0.3297 val_top1=94.19% val_top5=99.73% macroF1=0.9420 | lr_bb=1.00e-05 lr_head=1.00e-05 | gnorm=2.02 | 8.0s | best=0.9488(ep31) | no_improve=8
[eval] n=3669 loss=0.4103 top1=91.93% top5=99.48% macroF1=91.83% balAcc=91.89% (37 类随机水平 2.70%)
[done] test Top-1=91.93% Top-5=99.48% Macro-F1=91.83% | 结果写入 outputs\metrics\opt_abl_ab_test.json
