Warning: You are sending unauthenticated requests to the HF Hub. Please set a HF_TOKEN to enable higher rate limits and faster downloads.
Unexpected keys (head.head_dist.bn.num_batches_tracked, head.head_dist.bn.bias, head.head_dist.bn.running_mean, head.head_dist.bn.running_var, head.head_dist.bn.weight) found while loading pretrained weights. This may be expected if model is being adapted.
[env] torch=2.14.0+cu126 timm=1.0.29 cuda=True device=cuda | python=3.14.5
[label] K=37 | 0=Abyssinian | 1=American Bulldog | 36=Yorkshire Terrier
[data] train=2940 val=740 test=3669 | 类别覆盖 train=37/val=37/test=37 (K=37)
[data] root=data/oxford-iiit-pet train_list=datasets/lists/pet_train.txt val_list=datasets/lists/pet_val.txt test_list=datasets/lists/pet_test.txt
[model] name=repvit_m0_9 tag=dist_300e_in1k hf_hub_id=timm/repvit_m0_9.dist_300e_in1k distillation=False
[model] 参数量 total=4,732,805 trainable=4,732,805 head=15,013
[model] 口径：未融合、单头、C=37 = 4,732,805（≈4.73M），本任务应命中此值；timm 裸 create_model 的未融合蒸馏双头 C=1000 = 5,489,328（≈5.49M）；未融合、单头、C=1000 = 5,103,560（≈5.10M）；融合后单头 = 5,067,056（C=1000，融合后单头）/ 4,696,301（C=37，融合后单头），净减 36,504，以本机实测为准
[optim] group=backbone_decay     n_params=126  lr=1.000e-04 wd=0.05
[optim] group=backbone_no_decay  n_params=255  lr=1.000e-04 wd=0.0
[optim] group=head_no_decay      n_params=3    lr=1.000e-03 wd=0.0
[optim] group=head_decay         n_params=1    lr=1.000e-03 wd=0.05
[eval] n=740 loss=3.6488 top1=1.35% top5=12.43% macroF1=1.47% balAcc=1.35% (37 类随机水平 2.70%)
[Epoch 000/039] train_loss=3.6499 train_acc1=2.19% | val_loss=3.6488 val_top1=1.35% val_top5=12.43% macroF1=0.0147 | lr_bb=3.40e-05 lr_head=3.40e-04 | gnorm=2.01 | 53.8s | best=0.0147(ep0) | no_improve=0
[eval] n=740 loss=2.9413 top1=62.97% top5=90.95% macroF1=61.36% balAcc=62.97% (37 类随机水平 2.70%)
[Epoch 001/039] train_loss=3.3758 train_acc1=26.15% | val_loss=2.9413 val_top1=62.97% val_top5=90.95% macroF1=0.6136 | lr_bb=6.70e-05 lr_head=6.70e-04 | gnorm=2.11 | 8.0s | best=0.6136(ep1) | no_improve=0
[eval] n=740 loss=1.3844 top1=84.32% top5=99.46% macroF1=83.44% balAcc=84.32% (37 类随机水平 2.70%)
[Epoch 002/039] train_loss=2.5371 train_acc1=67.47% | val_loss=1.3844 val_top1=84.32% val_top5=99.46% macroF1=0.8344 | lr_bb=1.00e-04 lr_head=1.00e-03 | gnorm=2.21 | 8.2s | best=0.8344(ep2) | no_improve=0
[eval] n=740 loss=0.5523 top1=89.73% top5=99.86% macroF1=89.63% balAcc=89.73% (37 类随机水平 2.70%)
[Epoch 003/039] train_loss=1.5430 train_acc1=81.81% | val_loss=0.5523 val_top1=89.73% val_top5=99.86% macroF1=0.8963 | lr_bb=9.98e-05 lr_head=9.98e-04 | gnorm=2.47 | 7.9s | best=0.8963(ep3) | no_improve=0
[eval] n=740 loss=0.4366 top1=91.49% top5=99.86% macroF1=91.38% balAcc=91.49% (37 类随机水平 2.70%)
[Epoch 004/039] train_loss=1.1654 train_acc1=87.01% | val_loss=0.4366 val_top1=91.49% val_top5=99.86% macroF1=0.9138 | lr_bb=9.94e-05 lr_head=9.93e-04 | gnorm=2.60 | 7.9s | best=0.9138(ep4) | no_improve=0
[eval] n=740 loss=0.3837 top1=92.03% top5=99.86% macroF1=91.98% balAcc=92.03% (37 类随机水平 2.70%)
[Epoch 005/039] train_loss=1.0751 train_acc1=89.20% | val_loss=0.3837 val_top1=92.03% val_top5=99.86% macroF1=0.9198 | lr_bb=9.85e-05 lr_head=9.84e-04 | gnorm=2.78 | 7.7s | best=0.9198(ep5) | no_improve=0
[eval] n=740 loss=0.3581 top1=92.70% top5=99.86% macroF1=92.62% balAcc=92.70% (37 类随机水平 2.70%)
[Epoch 006/039] train_loss=1.0077 train_acc1=90.90% | val_loss=0.3581 val_top1=92.70% val_top5=99.86% macroF1=0.9262 | lr_bb=9.74e-05 lr_head=9.72e-04 | gnorm=2.63 | 8.0s | best=0.9262(ep6) | no_improve=0
[eval] n=740 loss=0.3517 top1=92.43% top5=99.73% macroF1=92.35% balAcc=92.43% (37 类随机水平 2.70%)
[Epoch 007/039] train_loss=0.9684 train_acc1=92.15% | val_loss=0.3517 val_top1=92.43% val_top5=99.73% macroF1=0.9235 | lr_bb=9.60e-05 lr_head=9.56e-04 | gnorm=2.69 | 7.9s | best=0.9262(ep6) | no_improve=1
[eval] n=740 loss=0.3127 top1=93.24% top5=99.86% macroF1=93.28% balAcc=93.24% (37 类随机水平 2.70%)
[Epoch 008/039] train_loss=0.9352 train_acc1=93.40% | val_loss=0.3127 val_top1=93.24% val_top5=99.86% macroF1=0.9328 | lr_bb=9.43e-05 lr_head=9.37e-04 | gnorm=2.74 | 7.9s | best=0.9328(ep8) | no_improve=0
[eval] n=740 loss=0.3395 top1=93.65% top5=99.86% macroF1=93.66% balAcc=93.65% (37 类随机水平 2.70%)
[Epoch 009/039] train_loss=0.9190 train_acc1=93.44% | val_loss=0.3395 val_top1=93.65% val_top5=99.86% macroF1=0.9366 | lr_bb=9.23e-05 lr_head=9.15e-04 | gnorm=2.71 | 7.9s | best=0.9366(ep9) | no_improve=0
[eval] n=740 loss=0.3308 top1=93.11% top5=99.73% macroF1=93.16% balAcc=93.11% (37 类随机水平 2.70%)
[Epoch 010/039] train_loss=0.9205 train_acc1=93.72% | val_loss=0.3308 val_top1=93.11% val_top5=99.73% macroF1=0.9316 | lr_bb=9.00e-05 lr_head=8.90e-04 | gnorm=2.83 | 7.9s | best=0.9366(ep9) | no_improve=1
[eval] n=740 loss=0.3396 top1=93.51% top5=99.86% macroF1=93.49% balAcc=93.51% (37 类随机水平 2.70%)
[Epoch 011/039] train_loss=0.9026 train_acc1=94.72% | val_loss=0.3396 val_top1=93.51% val_top5=99.86% macroF1=0.9349 | lr_bb=8.75e-05 lr_head=8.62e-04 | gnorm=2.67 | 8.0s | best=0.9366(ep9) | no_improve=2
[eval] n=740 loss=0.3331 top1=94.46% top5=99.73% macroF1=94.52% balAcc=94.46% (37 类随机水平 2.70%)
[Epoch 012/039] train_loss=0.8741 train_acc1=95.90% | val_loss=0.3331 val_top1=94.46% val_top5=99.73% macroF1=0.9452 | lr_bb=8.47e-05 lr_head=8.32e-04 | gnorm=2.59 | 8.1s | best=0.9452(ep12) | no_improve=0
[eval] n=740 loss=0.3368 top1=94.32% top5=99.59% macroF1=94.32% balAcc=94.32% (37 类随机水平 2.70%)
[Epoch 013/039] train_loss=0.8547 train_acc1=96.49% | val_loss=0.3368 val_top1=94.32% val_top5=99.59% macroF1=0.9432 | lr_bb=8.18e-05 lr_head=7.99e-04 | gnorm=2.28 | 8.0s | best=0.9452(ep12) | no_improve=1
[eval] n=740 loss=0.3202 top1=93.78% top5=99.73% macroF1=93.84% balAcc=93.78% (37 类随机水平 2.70%)
[Epoch 014/039] train_loss=0.8450 train_acc1=96.35% | val_loss=0.3202 val_top1=93.78% val_top5=99.73% macroF1=0.9384 | lr_bb=7.86e-05 lr_head=7.65e-04 | gnorm=2.35 | 8.0s | best=0.9452(ep12) | no_improve=2
[eval] n=740 loss=0.3232 top1=94.59% top5=99.86% macroF1=94.62% balAcc=94.59% (37 类随机水平 2.70%)
[Epoch 015/039] train_loss=0.8502 train_acc1=96.46% | val_loss=0.3232 val_top1=94.59% val_top5=99.86% macroF1=0.9462 | lr_bb=7.53e-05 lr_head=7.28e-04 | gnorm=2.58 | 7.8s | best=0.9462(ep15) | no_improve=0
[eval] n=740 loss=0.3231 top1=94.59% top5=99.86% macroF1=94.62% balAcc=94.59% (37 类随机水平 2.70%)
[Epoch 016/039] train_loss=0.8440 train_acc1=96.46% | val_loss=0.3231 val_top1=94.59% val_top5=99.86% macroF1=0.9462 | lr_bb=7.18e-05 lr_head=6.90e-04 | gnorm=2.35 | 8.0s | best=0.9462(ep15) | no_improve=1
[eval] n=740 loss=0.3165 top1=94.59% top5=99.73% macroF1=94.60% balAcc=94.59% (37 类随机水平 2.70%)
[Epoch 017/039] train_loss=0.8361 train_acc1=96.98% | val_loss=0.3165 val_top1=94.59% val_top5=99.73% macroF1=0.9460 | lr_bb=6.82e-05 lr_head=6.50e-04 | gnorm=2.34 | 8.0s | best=0.9462(ep15) | no_improve=2
[eval] n=740 loss=0.3378 top1=94.05% top5=99.59% macroF1=94.03% balAcc=94.05% (37 类随机水平 2.70%)
[Epoch 018/039] train_loss=0.8255 train_acc1=97.15% | val_loss=0.3378 val_top1=94.05% val_top5=99.59% macroF1=0.9403 | lr_bb=6.45e-05 lr_head=6.09e-04 | gnorm=2.00 | 8.1s | best=0.9462(ep15) | no_improve=3
[eval] n=740 loss=0.3351 top1=94.32% top5=99.73% macroF1=94.34% balAcc=94.32% (37 类随机水平 2.70%)
[Epoch 019/039] train_loss=0.8261 train_acc1=97.01% | val_loss=0.3351 val_top1=94.32% val_top5=99.73% macroF1=0.9434 | lr_bb=6.07e-05 lr_head=5.68e-04 | gnorm=2.42 | 8.2s | best=0.9462(ep15) | no_improve=4
[eval] n=740 loss=0.3375 top1=93.92% top5=99.59% macroF1=93.89% balAcc=93.92% (37 类随机水平 2.70%)
[Epoch 020/039] train_loss=0.8228 train_acc1=97.47% | val_loss=0.3375 val_top1=93.92% val_top5=99.59% macroF1=0.9389 | lr_bb=5.69e-05 lr_head=5.26e-04 | gnorm=2.38 | 8.0s | best=0.9462(ep15) | no_improve=5
[eval] n=740 loss=0.3182 top1=94.86% top5=99.86% macroF1=94.88% balAcc=94.86% (37 类随机水平 2.70%)
[Epoch 021/039] train_loss=0.8188 train_acc1=97.15% | val_loss=0.3182 val_top1=94.86% val_top5=99.86% macroF1=0.9488 | lr_bb=5.31e-05 lr_head=4.84e-04 | gnorm=2.28 | 8.0s | best=0.9488(ep21) | no_improve=0
[eval] n=740 loss=0.3252 top1=94.73% top5=99.86% macroF1=94.73% balAcc=94.73% (37 类随机水平 2.70%)
[Epoch 022/039] train_loss=0.8142 train_acc1=97.43% | val_loss=0.3252 val_top1=94.73% val_top5=99.86% macroF1=0.9473 | lr_bb=4.93e-05 lr_head=4.42e-04 | gnorm=2.47 | 8.0s | best=0.9488(ep21) | no_improve=1
[eval] n=740 loss=0.3253 top1=94.86% top5=99.73% macroF1=94.88% balAcc=94.86% (37 类随机水平 2.70%)
[Epoch 023/039] train_loss=0.8097 train_acc1=97.33% | val_loss=0.3253 val_top1=94.86% val_top5=99.73% macroF1=0.9488 | lr_bb=4.55e-05 lr_head=4.01e-04 | gnorm=2.12 | 7.9s | best=0.9488(ep23) | no_improve=0
[eval] n=740 loss=0.3432 top1=94.05% top5=99.73% macroF1=94.06% balAcc=94.05% (37 类随机水平 2.70%)
[Epoch 024/039] train_loss=0.8120 train_acc1=97.40% | val_loss=0.3432 val_top1=94.05% val_top5=99.73% macroF1=0.9406 | lr_bb=4.18e-05 lr_head=3.60e-04 | gnorm=2.39 | 7.9s | best=0.9488(ep23) | no_improve=1
[eval] n=740 loss=0.3275 top1=94.32% top5=99.86% macroF1=94.33% balAcc=94.32% (37 类随机水平 2.70%)
[Epoch 025/039] train_loss=0.8094 train_acc1=97.15% | val_loss=0.3275 val_top1=94.32% val_top5=99.86% macroF1=0.9433 | lr_bb=3.82e-05 lr_head=3.20e-04 | gnorm=2.13 | 7.9s | best=0.9488(ep23) | no_improve=2
[eval] n=740 loss=0.3355 top1=93.92% top5=100.00% macroF1=93.90% balAcc=93.92% (37 类随机水平 2.70%)
[Epoch 026/039] train_loss=0.7951 train_acc1=97.78% | val_loss=0.3355 val_top1=93.92% val_top5=100.00% macroF1=0.9390 | lr_bb=3.47e-05 lr_head=2.82e-04 | gnorm=2.06 | 8.0s | best=0.9488(ep23) | no_improve=3
[eval] n=740 loss=0.3246 top1=94.19% top5=99.73% macroF1=94.21% balAcc=94.19% (37 类随机水平 2.70%)
[Epoch 027/039] train_loss=0.7962 train_acc1=98.19% | val_loss=0.3246 val_top1=94.19% val_top5=99.73% macroF1=0.9421 | lr_bb=3.14e-05 lr_head=2.45e-04 | gnorm=1.87 | 25.5s | best=0.9488(ep23) | no_improve=4
[eval] n=740 loss=0.3262 top1=94.59% top5=99.86% macroF1=94.59% balAcc=94.59% (37 类随机水平 2.70%)
[Epoch 028/039] train_loss=0.7960 train_acc1=97.71% | val_loss=0.3262 val_top1=94.59% val_top5=99.86% macroF1=0.9459 | lr_bb=2.82e-05 lr_head=2.11e-04 | gnorm=2.00 | 8.0s | best=0.9488(ep23) | no_improve=5
[eval] n=740 loss=0.3296 top1=94.32% top5=99.86% macroF1=94.33% balAcc=94.32% (37 类随机水平 2.70%)
[Epoch 029/039] train_loss=0.7922 train_acc1=98.12% | val_loss=0.3296 val_top1=94.32% val_top5=99.86% macroF1=0.9433 | lr_bb=2.53e-05 lr_head=1.78e-04 | gnorm=1.92 | 8.0s | best=0.9488(ep23) | no_improve=6
[eval] n=740 loss=0.3307 top1=95.00% top5=99.86% macroF1=95.02% balAcc=95.00% (37 类随机水平 2.70%)
[Epoch 030/039] train_loss=0.7958 train_acc1=98.02% | val_loss=0.3307 val_top1=95.00% val_top5=99.86% macroF1=0.9502 | lr_bb=2.25e-05 lr_head=1.48e-04 | gnorm=2.13 | 7.8s | best=0.9502(ep30) | no_improve=0
[eval] n=740 loss=0.3254 top1=95.00% top5=100.00% macroF1=95.02% balAcc=95.00% (37 类随机水平 2.70%)
[Epoch 031/039] train_loss=0.7971 train_acc1=97.60% | val_loss=0.3254 val_top1=95.00% val_top5=100.00% macroF1=0.9502 | lr_bb=2.00e-05 lr_head=1.20e-04 | gnorm=2.02 | 7.9s | best=0.9502(ep31) | no_improve=0
[eval] n=740 loss=0.3221 top1=94.86% top5=99.86% macroF1=94.89% balAcc=94.86% (37 类随机水平 2.70%)
[Epoch 032/039] train_loss=0.7860 train_acc1=98.19% | val_loss=0.3221 val_top1=94.86% val_top5=99.86% macroF1=0.9489 | lr_bb=1.77e-05 lr_head=9.49e-05 | gnorm=1.88 | 7.9s | best=0.9502(ep31) | no_improve=1
[eval] n=740 loss=0.3237 top1=94.46% top5=99.86% macroF1=94.46% balAcc=94.46% (37 类随机水平 2.70%)
[Epoch 033/039] train_loss=0.7860 train_acc1=98.12% | val_loss=0.3237 val_top1=94.46% val_top5=99.86% macroF1=0.9446 | lr_bb=1.57e-05 lr_head=7.29e-05 | gnorm=1.70 | 8.0s | best=0.9502(ep31) | no_improve=2
[eval] n=740 loss=0.3203 top1=94.59% top5=99.86% macroF1=94.61% balAcc=94.59% (37 类随机水平 2.70%)
[Epoch 034/039] train_loss=0.7913 train_acc1=97.85% | val_loss=0.3203 val_top1=94.59% val_top5=99.86% macroF1=0.9461 | lr_bb=1.40e-05 lr_head=5.39e-05 | gnorm=1.96 | 8.1s | best=0.9502(ep31) | no_improve=3
[eval] n=740 loss=0.3261 top1=94.73% top5=99.86% macroF1=94.75% balAcc=94.73% (37 类随机水平 2.70%)
[Epoch 035/039] train_loss=0.7861 train_acc1=98.16% | val_loss=0.3261 val_top1=94.73% val_top5=99.86% macroF1=0.9475 | lr_bb=1.26e-05 lr_head=3.83e-05 | gnorm=1.87 | 8.1s | best=0.9502(ep31) | no_improve=4
[eval] n=740 loss=0.3282 top1=94.59% top5=99.86% macroF1=94.61% balAcc=94.59% (37 类随机水平 2.70%)
[Epoch 036/039] train_loss=0.7880 train_acc1=98.26% | val_loss=0.3282 val_top1=94.59% val_top5=99.86% macroF1=0.9461 | lr_bb=1.15e-05 lr_head=2.60e-05 | gnorm=1.71 | 8.1s | best=0.9502(ep31) | no_improve=5
[eval] n=740 loss=0.3257 top1=94.73% top5=99.86% macroF1=94.74% balAcc=94.73% (37 类随机水平 2.70%)
[Epoch 037/039] train_loss=0.7821 train_acc1=98.12% | val_loss=0.3257 val_top1=94.73% val_top5=99.86% macroF1=0.9474 | lr_bb=1.06e-05 lr_head=1.71e-05 | gnorm=1.86 | 8.0s | best=0.9502(ep31) | no_improve=6
[eval] n=740 loss=0.3235 top1=94.73% top5=100.00% macroF1=94.73% balAcc=94.73% (37 类随机水平 2.70%)
[Epoch 038/039] train_loss=0.7848 train_acc1=98.23% | val_loss=0.3235 val_top1=94.73% val_top5=100.00% macroF1=0.9473 | lr_bb=1.02e-05 lr_head=1.18e-05 | gnorm=1.87 | 8.1s | best=0.9502(ep31) | no_improve=7
[eval] n=740 loss=0.3342 top1=94.59% top5=99.86% macroF1=94.61% balAcc=94.59% (37 类随机水平 2.70%)
[Epoch 039/039] train_loss=0.7821 train_acc1=97.99% | val_loss=0.3342 val_top1=94.59% val_top5=99.86% macroF1=0.9461 | lr_bb=1.00e-05 lr_head=1.00e-05 | gnorm=1.76 | 7.9s | best=0.9502(ep31) | no_improve=8
[eval] n=3669 loss=0.4144 top1=92.48% top5=99.40% macroF1=92.36% balAcc=92.42% (37 类随机水平 2.70%)
[done] test Top-1=92.48% Top-5=99.40% Macro-F1=92.36% | 结果写入 outputs\metrics\opt_abl_a_test.json
