Warning: You are sending unauthenticated requests to the HF Hub. Please set a HF_TOKEN to enable higher rate limits and faster downloads.
Unexpected keys (head.head_dist.bn.num_batches_tracked, head.head_dist.bn.bias, head.head_dist.bn.running_mean, head.head_dist.bn.running_var, head.head_dist.bn.weight) found while loading pretrained weights. This may be expected if model is being adapted.
[env] torch=2.14.0+cu126 timm=1.0.29 cuda=True device=cuda | python=3.14.5
[label] K=37 | 0=Abyssinian | 1=American Bulldog | 36=Yorkshire Terrier
[data] train=2940 val=740 test=3669 | 类别覆盖 train=37/val=37/test=37 (K=37)
[data] root=data/oxford-iiit-pet train_list=datasets/lists/pet_train.txt val_list=datasets/lists/pet_val.txt test_list=datasets/lists/pet_test.txt
[model] name=repvit_m0_9 tag=dist_300e_in1k hf_hub_id=timm/repvit_m0_9.dist_300e_in1k distillation=False
[model] 参数量 total=4,732,805 trainable=4,732,805 head=15,013
[model] 口径：未融合、单头、C=37 = 4,732,805（≈4.73M），本任务应命中此值；timm 裸 create_model 的未融合蒸馏双头 C=1000 = 5,489,328（≈5.49M）；未融合、单头、C=1000 = 5,103,560（≈5.10M）；融合后单头 = 5,067,056（C=1000，融合后单头）/ 4,696,301（C=37，融合后单头），净减 36,504，以本机实测为准
[optim] group=backbone_decay     n_params=126  lr=5.000e-05 wd=0.05
[optim] group=backbone_no_decay  n_params=255  lr=5.000e-05 wd=0.0
[optim] group=head_no_decay      n_params=3    lr=1.000e-03 wd=0.0
[optim] group=head_decay         n_params=1    lr=1.000e-03 wd=0.05
[eval] n=740 loss=3.6490 top1=1.62% top5=11.62% macroF1=1.64% balAcc=1.62% (37 类随机水平 2.70%)
[Epoch 000/039] train_loss=3.6507 train_acc1=1.77% | val_loss=3.6490 val_top1=1.62% val_top5=11.62% macroF1=0.0164 | lr_bb=1.70e-05 lr_head=3.40e-04 | gnorm=2.04 | 52.3s | best=0.0164(ep0) | no_improve=0
[eval] n=740 loss=2.9493 top1=63.78% top5=90.14% macroF1=62.47% balAcc=63.78% (37 类随机水平 2.70%)
[Epoch 001/039] train_loss=3.3677 train_acc1=27.57% | val_loss=2.9493 val_top1=63.78% val_top5=90.14% macroF1=0.6247 | lr_bb=3.35e-05 lr_head=6.70e-04 | gnorm=1.99 | 5.9s | best=0.6247(ep1) | no_improve=0
[eval] n=740 loss=1.6280 top1=82.30% top5=99.59% macroF1=81.42% balAcc=82.30% (37 类随机水平 2.70%)
[Epoch 002/039] train_loss=2.5670 train_acc1=70.76% | val_loss=1.6280 val_top1=82.30% val_top5=99.59% macroF1=0.8142 | lr_bb=5.00e-05 lr_head=1.00e-03 | gnorm=2.26 | 5.9s | best=0.8142(ep2) | no_improve=0
[eval] n=740 loss=0.6568 top1=89.05% top5=99.86% macroF1=88.93% balAcc=89.05% (37 类随机水平 2.70%)
[Epoch 003/039] train_loss=1.5944 train_acc1=83.51% | val_loss=0.6568 val_top1=89.05% val_top5=99.86% macroF1=0.8893 | lr_bb=4.99e-05 lr_head=9.98e-04 | gnorm=2.43 | 6.6s | best=0.8893(ep3) | no_improve=0
[eval] n=740 loss=0.4563 top1=90.95% top5=99.86% macroF1=90.88% balAcc=90.95% (37 类随机水平 2.70%)
[Epoch 004/039] train_loss=1.1697 train_acc1=88.12% | val_loss=0.4563 val_top1=90.95% val_top5=99.86% macroF1=0.9088 | lr_bb=4.97e-05 lr_head=9.93e-04 | gnorm=2.35 | 7.0s | best=0.9088(ep4) | no_improve=0
[eval] n=740 loss=0.3874 top1=91.49% top5=99.86% macroF1=91.43% balAcc=91.49% (37 类随机水平 2.70%)
[Epoch 005/039] train_loss=1.0301 train_acc1=91.32% | val_loss=0.3874 val_top1=91.49% val_top5=99.86% macroF1=0.9143 | lr_bb=4.94e-05 lr_head=9.84e-04 | gnorm=2.29 | 6.6s | best=0.9143(ep5) | no_improve=0
[eval] n=740 loss=0.3593 top1=92.43% top5=99.86% macroF1=92.42% balAcc=92.43% (37 类随机水平 2.70%)
[Epoch 006/039] train_loss=0.9767 train_acc1=92.74% | val_loss=0.3593 val_top1=92.43% val_top5=99.86% macroF1=0.9242 | lr_bb=4.89e-05 lr_head=9.72e-04 | gnorm=2.40 | 6.0s | best=0.9242(ep6) | no_improve=0
[eval] n=740 loss=0.3552 top1=91.76% top5=99.86% macroF1=91.70% balAcc=91.76% (37 类随机水平 2.70%)
[Epoch 007/039] train_loss=0.9433 train_acc1=93.58% | val_loss=0.3552 val_top1=91.76% val_top5=99.86% macroF1=0.9170 | lr_bb=4.82e-05 lr_head=9.56e-04 | gnorm=2.22 | 5.9s | best=0.9242(ep6) | no_improve=1
[eval] n=740 loss=0.3379 top1=92.57% top5=99.86% macroF1=92.51% balAcc=92.57% (37 类随机水平 2.70%)
[Epoch 008/039] train_loss=0.9054 train_acc1=94.90% | val_loss=0.3379 val_top1=92.57% val_top5=99.86% macroF1=0.9251 | lr_bb=4.75e-05 lr_head=9.37e-04 | gnorm=2.18 | 6.0s | best=0.9251(ep8) | no_improve=0
[eval] n=740 loss=0.3447 top1=92.84% top5=99.86% macroF1=92.81% balAcc=92.84% (37 类随机水平 2.70%)
[Epoch 009/039] train_loss=0.8905 train_acc1=95.35% | val_loss=0.3447 val_top1=92.84% val_top5=99.86% macroF1=0.9281 | lr_bb=4.66e-05 lr_head=9.15e-04 | gnorm=2.03 | 5.9s | best=0.9281(ep9) | no_improve=0
[eval] n=740 loss=0.3358 top1=92.84% top5=99.86% macroF1=92.80% balAcc=92.84% (37 类随机水平 2.70%)
[Epoch 010/039] train_loss=0.8698 train_acc1=96.11% | val_loss=0.3358 val_top1=92.84% val_top5=99.86% macroF1=0.9280 | lr_bb=4.56e-05 lr_head=8.90e-04 | gnorm=1.98 | 6.0s | best=0.9281(ep9) | no_improve=1
[eval] n=740 loss=0.3436 top1=93.51% top5=99.86% macroF1=93.51% balAcc=93.51% (37 类随机水平 2.70%)
[Epoch 011/039] train_loss=0.8506 train_acc1=96.60% | val_loss=0.3436 val_top1=93.51% val_top5=99.86% macroF1=0.9351 | lr_bb=4.44e-05 lr_head=8.62e-04 | gnorm=1.93 | 5.9s | best=0.9351(ep11) | no_improve=0
[eval] n=740 loss=0.3357 top1=93.65% top5=99.86% macroF1=93.68% balAcc=93.65% (37 类随机水平 2.70%)
[Epoch 012/039] train_loss=0.8419 train_acc1=97.12% | val_loss=0.3357 val_top1=93.65% val_top5=99.86% macroF1=0.9368 | lr_bb=4.32e-05 lr_head=8.32e-04 | gnorm=1.96 | 6.0s | best=0.9368(ep12) | no_improve=0
[eval] n=740 loss=0.3321 top1=93.51% top5=99.86% macroF1=93.51% balAcc=93.51% (37 类随机水平 2.70%)
[Epoch 013/039] train_loss=0.8257 train_acc1=97.85% | val_loss=0.3321 val_top1=93.51% val_top5=99.86% macroF1=0.9351 | lr_bb=4.19e-05 lr_head=7.99e-04 | gnorm=1.80 | 5.8s | best=0.9368(ep12) | no_improve=1
[eval] n=740 loss=0.3314 top1=93.65% top5=99.86% macroF1=93.67% balAcc=93.65% (37 类随机水平 2.70%)
[Epoch 014/039] train_loss=0.8244 train_acc1=97.78% | val_loss=0.3314 val_top1=93.65% val_top5=99.86% macroF1=0.9367 | lr_bb=4.05e-05 lr_head=7.65e-04 | gnorm=1.81 | 6.1s | best=0.9368(ep12) | no_improve=2
[eval] n=740 loss=0.3351 top1=94.19% top5=99.86% macroF1=94.20% balAcc=94.19% (37 类随机水平 2.70%)
[Epoch 015/039] train_loss=0.8193 train_acc1=97.71% | val_loss=0.3351 val_top1=94.19% val_top5=99.86% macroF1=0.9420 | lr_bb=3.90e-05 lr_head=7.28e-04 | gnorm=1.71 | 6.0s | best=0.9420(ep15) | no_improve=0
[eval] n=740 loss=0.3344 top1=93.92% top5=99.73% macroF1=93.92% balAcc=93.92% (37 类随机水平 2.70%)
[Epoch 016/039] train_loss=0.8106 train_acc1=98.19% | val_loss=0.3344 val_top1=93.92% val_top5=99.73% macroF1=0.9392 | lr_bb=3.75e-05 lr_head=6.90e-04 | gnorm=1.74 | 5.9s | best=0.9420(ep15) | no_improve=1
[eval] n=740 loss=0.3351 top1=93.92% top5=99.73% macroF1=93.93% balAcc=93.92% (37 类随机水平 2.70%)
[Epoch 017/039] train_loss=0.8035 train_acc1=98.19% | val_loss=0.3351 val_top1=93.92% val_top5=99.73% macroF1=0.9393 | lr_bb=3.59e-05 lr_head=6.50e-04 | gnorm=1.70 | 6.1s | best=0.9420(ep15) | no_improve=2
[eval] n=740 loss=0.3304 top1=93.92% top5=99.59% macroF1=93.93% balAcc=93.92% (37 类随机水平 2.70%)
[Epoch 018/039] train_loss=0.7946 train_acc1=98.54% | val_loss=0.3304 val_top1=93.92% val_top5=99.59% macroF1=0.9393 | lr_bb=3.42e-05 lr_head=6.09e-04 | gnorm=1.58 | 6.0s | best=0.9420(ep15) | no_improve=3
[eval] n=740 loss=0.3330 top1=94.05% top5=99.73% macroF1=94.07% balAcc=94.05% (37 类随机水平 2.70%)
[Epoch 019/039] train_loss=0.7886 train_acc1=98.82% | val_loss=0.3330 val_top1=94.05% val_top5=99.73% macroF1=0.9407 | lr_bb=3.25e-05 lr_head=5.68e-04 | gnorm=1.59 | 6.2s | best=0.9420(ep15) | no_improve=4
[eval] n=740 loss=0.3458 top1=94.05% top5=99.73% macroF1=94.04% balAcc=94.05% (37 类随机水平 2.70%)
[Epoch 020/039] train_loss=0.7916 train_acc1=98.40% | val_loss=0.3458 val_top1=94.05% val_top5=99.73% macroF1=0.9404 | lr_bb=3.08e-05 lr_head=5.26e-04 | gnorm=1.65 | 6.0s | best=0.9420(ep15) | no_improve=5
[eval] n=740 loss=0.3285 top1=93.65% top5=99.73% macroF1=93.67% balAcc=93.65% (37 类随机水平 2.70%)
[Epoch 021/039] train_loss=0.7876 train_acc1=98.61% | val_loss=0.3285 val_top1=93.65% val_top5=99.73% macroF1=0.9367 | lr_bb=2.92e-05 lr_head=4.84e-04 | gnorm=1.60 | 6.0s | best=0.9420(ep15) | no_improve=6
[eval] n=740 loss=0.3411 top1=93.78% top5=99.59% macroF1=93.78% balAcc=93.78% (37 类随机水平 2.70%)
[Epoch 022/039] train_loss=0.7826 train_acc1=98.85% | val_loss=0.3411 val_top1=93.78% val_top5=99.59% macroF1=0.9378 | lr_bb=2.75e-05 lr_head=4.42e-04 | gnorm=1.45 | 5.9s | best=0.9420(ep15) | no_improve=7
[eval] n=740 loss=0.3435 top1=93.92% top5=99.73% macroF1=93.89% balAcc=93.92% (37 类随机水平 2.70%)
[Epoch 023/039] train_loss=0.7794 train_acc1=98.78% | val_loss=0.3435 val_top1=93.92% val_top5=99.73% macroF1=0.9389 | lr_bb=2.58e-05 lr_head=4.01e-04 | gnorm=1.60 | 5.9s | best=0.9420(ep15) | no_improve=8
[eval] n=740 loss=0.3460 top1=93.51% top5=99.46% macroF1=93.53% balAcc=93.51% (37 类随机水平 2.70%)
[Epoch 024/039] train_loss=0.7762 train_acc1=98.75% | val_loss=0.3460 val_top1=93.51% val_top5=99.46% macroF1=0.9353 | lr_bb=2.41e-05 lr_head=3.60e-04 | gnorm=1.53 | 5.9s | best=0.9420(ep15) | no_improve=9
[eval] n=740 loss=0.3491 top1=94.05% top5=99.73% macroF1=94.07% balAcc=94.05% (37 类随机水平 2.70%)
[Epoch 025/039] train_loss=0.7745 train_acc1=98.85% | val_loss=0.3491 val_top1=94.05% val_top5=99.73% macroF1=0.9407 | lr_bb=2.25e-05 lr_head=3.20e-04 | gnorm=1.41 | 6.0s | best=0.9420(ep15) | no_improve=10
[eval] n=740 loss=0.3416 top1=93.92% top5=99.59% macroF1=93.92% balAcc=93.92% (37 类随机水平 2.70%)
[Epoch 026/039] train_loss=0.7677 train_acc1=98.96% | val_loss=0.3416 val_top1=93.92% val_top5=99.59% macroF1=0.9392 | lr_bb=2.10e-05 lr_head=2.82e-04 | gnorm=1.47 | 6.0s | best=0.9420(ep15) | no_improve=11
[eval] n=740 loss=0.3391 top1=93.51% top5=99.46% macroF1=93.52% balAcc=93.51% (37 类随机水平 2.70%)
[Epoch 027/039] train_loss=0.7759 train_acc1=98.51% | val_loss=0.3391 val_top1=93.51% val_top5=99.46% macroF1=0.9352 | lr_bb=1.95e-05 lr_head=2.45e-04 | gnorm=1.60 | 5.9s | best=0.9420(ep15) | no_improve=12
[eval] n=740 loss=0.3406 top1=93.92% top5=99.46% macroF1=93.93% balAcc=93.92% (37 类随机水平 2.70%)
[Epoch 028/039] train_loss=0.7707 train_acc1=98.68% | val_loss=0.3406 val_top1=93.92% val_top5=99.46% macroF1=0.9393 | lr_bb=1.81e-05 lr_head=2.11e-04 | gnorm=1.51 | 5.9s | best=0.9420(ep15) | no_improve=13
[eval] n=740 loss=0.3416 top1=93.65% top5=99.59% macroF1=93.66% balAcc=93.65% (37 类随机水平 2.70%)
[Epoch 029/039] train_loss=0.7680 train_acc1=99.06% | val_loss=0.3416 val_top1=93.65% val_top5=99.59% macroF1=0.9366 | lr_bb=1.68e-05 lr_head=1.78e-04 | gnorm=1.42 | 6.1s | best=0.9420(ep15) | no_improve=14
[eval] n=740 loss=0.3391 top1=94.05% top5=99.46% macroF1=94.05% balAcc=94.05% (37 类随机水平 2.70%)
[Epoch 030/039] train_loss=0.7657 train_acc1=99.17% | val_loss=0.3391 val_top1=94.05% val_top5=99.46% macroF1=0.9405 | lr_bb=1.56e-05 lr_head=1.48e-04 | gnorm=1.29 | 6.0s | best=0.9420(ep15) | no_improve=15
[eval] n=740 loss=0.3337 top1=93.92% top5=99.59% macroF1=93.93% balAcc=93.92% (37 类随机水平 2.70%)
[Epoch 031/039] train_loss=0.7636 train_acc1=99.20% | val_loss=0.3337 val_top1=93.92% val_top5=99.59% macroF1=0.9393 | lr_bb=1.44e-05 lr_head=1.20e-04 | gnorm=1.38 | 5.9s | best=0.9420(ep15) | no_improve=16
[eval] n=740 loss=0.3385 top1=94.32% top5=99.46% macroF1=94.33% balAcc=94.32% (37 类随机水平 2.70%)
[Epoch 032/039] train_loss=0.7609 train_acc1=99.13% | val_loss=0.3385 val_top1=94.32% val_top5=99.46% macroF1=0.9433 | lr_bb=1.34e-05 lr_head=9.49e-05 | gnorm=1.30 | 6.1s | best=0.9433(ep32) | no_improve=0
[eval] n=740 loss=0.3357 top1=93.78% top5=99.46% macroF1=93.79% balAcc=93.78% (37 类随机水平 2.70%)
[Epoch 033/039] train_loss=0.7649 train_acc1=98.92% | val_loss=0.3357 val_top1=93.78% val_top5=99.46% macroF1=0.9379 | lr_bb=1.25e-05 lr_head=7.29e-05 | gnorm=1.34 | 6.1s | best=0.9433(ep32) | no_improve=1
[eval] n=740 loss=0.3418 top1=93.92% top5=99.59% macroF1=93.93% balAcc=93.92% (37 类随机水平 2.70%)
[Epoch 034/039] train_loss=0.7653 train_acc1=99.13% | val_loss=0.3418 val_top1=93.92% val_top5=99.59% macroF1=0.9393 | lr_bb=1.18e-05 lr_head=5.39e-05 | gnorm=1.44 | 5.9s | best=0.9433(ep32) | no_improve=2
[eval] n=740 loss=0.3412 top1=93.65% top5=99.46% macroF1=93.67% balAcc=93.65% (37 类随机水平 2.70%)
[Epoch 035/039] train_loss=0.7600 train_acc1=99.20% | val_loss=0.3412 val_top1=93.65% val_top5=99.46% macroF1=0.9367 | lr_bb=1.11e-05 lr_head=3.83e-05 | gnorm=1.32 | 5.9s | best=0.9433(ep32) | no_improve=3
[eval] n=740 loss=0.3473 top1=93.92% top5=99.46% macroF1=93.93% balAcc=93.92% (37 类随机水平 2.70%)
[Epoch 036/039] train_loss=0.7596 train_acc1=99.13% | val_loss=0.3473 val_top1=93.92% val_top5=99.46% macroF1=0.9393 | lr_bb=1.06e-05 lr_head=2.60e-05 | gnorm=1.33 | 6.0s | best=0.9433(ep32) | no_improve=4
[eval] n=740 loss=0.3420 top1=93.65% top5=99.59% macroF1=93.66% balAcc=93.65% (37 类随机水平 2.70%)
[Epoch 037/039] train_loss=0.7556 train_acc1=99.27% | val_loss=0.3420 val_top1=93.65% val_top5=99.59% macroF1=0.9366 | lr_bb=1.03e-05 lr_head=1.71e-05 | gnorm=1.23 | 6.0s | best=0.9433(ep32) | no_improve=5
[eval] n=740 loss=0.3408 top1=93.78% top5=99.59% macroF1=93.78% balAcc=93.78% (37 类随机水平 2.70%)
[Epoch 038/039] train_loss=0.7574 train_acc1=99.03% | val_loss=0.3408 val_top1=93.78% val_top5=99.59% macroF1=0.9378 | lr_bb=1.01e-05 lr_head=1.18e-05 | gnorm=1.34 | 6.1s | best=0.9433(ep32) | no_improve=6
[eval] n=740 loss=0.3474 top1=93.65% top5=99.59% macroF1=93.67% balAcc=93.65% (37 类随机水平 2.70%)
[Epoch 039/039] train_loss=0.7611 train_acc1=98.99% | val_loss=0.3474 val_top1=93.65% val_top5=99.59% macroF1=0.9367 | lr_bb=1.00e-05 lr_head=1.00e-05 | gnorm=1.42 | 6.0s | best=0.9433(ep32) | no_improve=7
[test][警告] 这是第 2 次 test 评价；请确认没有用 test 选模型/调参（第 26 页硬性限制）
[eval] n=3669 loss=0.4143 top1=92.53% top5=99.32% macroF1=92.44% balAcc=92.49% (37 类随机水平 2.70%)
[done] test Top-1=92.53% Top-5=99.32% Macro-F1=92.44% | 结果写入 outputs\metrics\opt_abl_b_test.json
