Warning: You are sending unauthenticated requests to the HF Hub. Please set a HF_TOKEN to enable higher rate limits and faster downloads.
Unexpected keys (head.head_dist.bn.num_batches_tracked, head.head_dist.bn.bias, head.head_dist.bn.running_mean, head.head_dist.bn.running_var, head.head_dist.bn.weight) found while loading pretrained weights. This may be expected if model is being adapted.
[env] torch=2.14.0+cu126 timm=1.0.29 cuda=True device=cuda | python=3.14.5
[label] K=37 | 0=Abyssinian | 1=American Bulldog | 36=Yorkshire Terrier
[data] train=2940 val=740 test=3669 | 类别覆盖 train=37/val=37/test=37 (K=37)
[data] root=data/oxford-iiit-pet train_list=datasets/lists/pet_train.txt val_list=datasets/lists/pet_val.txt test_list=datasets/lists/pet_test.txt
[model] name=repvit_m0_9 tag=dist_300e_in1k hf_hub_id=timm/repvit_m0_9.dist_300e_in1k distillation=False
[model] 参数量 total=4,732,805 trainable=4,732,805 head=15,013
[model] 口径：未融合、单头、C=37 = 4,732,805（≈4.73M），本任务应命中此值；timm 裸 create_model 的未融合蒸馏双头 C=1000 = 5,489,328（≈5.49M）；未融合、单头、C=1000 = 5,103,560（≈5.10M）；融合后单头 = 5,067,056（C=1000，融合后单头）/ 4,696,301（C=37，融合后单头），净减 36,504，以本机实测为准
[optim] group=backbone_decay     n_params=126  lr=1.000e-04 wd=0.05
[optim] group=backbone_no_decay  n_params=255  lr=1.000e-04 wd=0.0
[optim] group=head_no_decay      n_params=3    lr=1.000e-03 wd=0.0
[optim] group=head_decay         n_params=1    lr=1.000e-03 wd=0.05
[eval] n=740 loss=3.6478 top1=1.22% top5=12.03% macroF1=1.27% balAcc=1.22% (37 类随机水平 2.70%)
[Epoch 000/039] train_loss=3.6475 train_acc1=2.40% | val_loss=3.6478 val_top1=1.22% val_top5=12.03% macroF1=0.0127 | lr_bb=3.40e-05 lr_head=3.40e-04 | gnorm=1.74 | 60.5s | best=0.0127(ep0) | no_improve=0
[eval] n=740 loss=2.9783 top1=62.57% top5=90.00% macroF1=60.60% balAcc=62.57% (37 类随机水平 2.70%)
[Epoch 001/039] train_loss=3.4265 train_acc1=13.06% | val_loss=2.9783 val_top1=62.57% val_top5=90.00% macroF1=0.6060 | lr_bb=6.70e-05 lr_head=6.70e-04 | gnorm=1.78 | 8.5s | best=0.6060(ep1) | no_improve=0
[eval] n=740 loss=1.5669 top1=83.38% top5=99.32% macroF1=82.42% balAcc=83.38% (37 类随机水平 2.70%)
[Epoch 002/039] train_loss=2.8115 train_acc1=38.54% | val_loss=1.5669 val_top1=83.38% val_top5=99.32% macroF1=0.8242 | lr_bb=1.00e-04 lr_head=1.00e-03 | gnorm=1.94 | 8.4s | best=0.8242(ep2) | no_improve=0
[eval] n=740 loss=0.6983 top1=89.32% top5=99.73% macroF1=89.21% balAcc=89.32% (37 类随机水平 2.70%)
[Epoch 003/039] train_loss=2.1244 train_acc1=47.74% | val_loss=0.6983 val_top1=89.32% val_top5=99.73% macroF1=0.8921 | lr_bb=9.98e-05 lr_head=9.98e-04 | gnorm=2.14 | 8.6s | best=0.8921(ep3) | no_improve=0
[eval] n=740 loss=0.5625 top1=91.35% top5=99.86% macroF1=91.30% balAcc=91.35% (37 类随机水平 2.70%)
[Epoch 004/039] train_loss=1.7459 train_acc1=54.51% | val_loss=0.5625 val_top1=91.35% val_top5=99.86% macroF1=0.9130 | lr_bb=9.94e-05 lr_head=9.93e-04 | gnorm=2.18 | 8.2s | best=0.9130(ep4) | no_improve=0
[eval] n=740 loss=0.5554 top1=91.35% top5=99.86% macroF1=91.32% balAcc=91.35% (37 类随机水平 2.70%)
[Epoch 005/039] train_loss=1.7541 train_acc1=50.45% | val_loss=0.5554 val_top1=91.35% val_top5=99.86% macroF1=0.9132 | lr_bb=9.85e-05 lr_head=9.84e-04 | gnorm=2.28 | 8.0s | best=0.9132(ep5) | no_improve=0
[eval] n=740 loss=0.4636 top1=91.89% top5=99.86% macroF1=91.87% balAcc=91.89% (37 类随机水平 2.70%)
[Epoch 006/039] train_loss=1.5977 train_acc1=56.22% | val_loss=0.4636 val_top1=91.89% val_top5=99.86% macroF1=0.9187 | lr_bb=9.74e-05 lr_head=9.72e-04 | gnorm=2.42 | 8.3s | best=0.9187(ep6) | no_improve=0
[eval] n=740 loss=0.4755 top1=92.03% top5=99.73% macroF1=91.98% balAcc=92.03% (37 类随机水平 2.70%)
[Epoch 007/039] train_loss=1.5304 train_acc1=53.12% | val_loss=0.4755 val_top1=92.03% val_top5=99.73% macroF1=0.9198 | lr_bb=9.60e-05 lr_head=9.56e-04 | gnorm=2.13 | 8.6s | best=0.9198(ep7) | no_improve=0
[eval] n=740 loss=0.5179 top1=92.43% top5=99.73% macroF1=92.43% balAcc=92.43% (37 类随机水平 2.70%)
[Epoch 008/039] train_loss=1.6611 train_acc1=62.43% | val_loss=0.5179 val_top1=92.43% val_top5=99.73% macroF1=0.9243 | lr_bb=9.43e-05 lr_head=9.37e-04 | gnorm=2.53 | 8.5s | best=0.9243(ep8) | no_improve=0
[eval] n=740 loss=0.4615 top1=92.84% top5=99.59% macroF1=92.84% balAcc=92.84% (37 类随机水平 2.70%)
[Epoch 009/039] train_loss=1.5317 train_acc1=63.65% | val_loss=0.4615 val_top1=92.84% val_top5=99.59% macroF1=0.9284 | lr_bb=9.23e-05 lr_head=9.15e-04 | gnorm=2.44 | 8.3s | best=0.9284(ep9) | no_improve=0
[eval] n=740 loss=0.4910 top1=92.84% top5=99.59% macroF1=92.82% balAcc=92.84% (37 类随机水平 2.70%)
[Epoch 010/039] train_loss=1.6186 train_acc1=64.51% | val_loss=0.4910 val_top1=92.84% val_top5=99.59% macroF1=0.9282 | lr_bb=9.00e-05 lr_head=8.90e-04 | gnorm=2.43 | 8.4s | best=0.9284(ep9) | no_improve=1
[eval] n=740 loss=0.4658 top1=93.38% top5=99.59% macroF1=93.44% balAcc=93.38% (37 类随机水平 2.70%)
[Epoch 011/039] train_loss=1.4709 train_acc1=56.32% | val_loss=0.4657 val_top1=93.38% val_top5=99.59% macroF1=0.9344 | lr_bb=8.75e-05 lr_head=8.62e-04 | gnorm=2.32 | 8.4s | best=0.9344(ep11) | no_improve=0
[eval] n=740 loss=0.4733 top1=93.51% top5=99.86% macroF1=93.58% balAcc=93.51% (37 类随机水平 2.70%)
[Epoch 012/039] train_loss=1.4827 train_acc1=63.99% | val_loss=0.4733 val_top1=93.51% val_top5=99.86% macroF1=0.9358 | lr_bb=8.47e-05 lr_head=8.32e-04 | gnorm=2.43 | 8.2s | best=0.9358(ep12) | no_improve=0
[eval] n=740 loss=0.4618 top1=93.51% top5=99.73% macroF1=93.52% balAcc=93.51% (37 类随机水平 2.70%)
[Epoch 013/039] train_loss=1.5510 train_acc1=62.47% | val_loss=0.4618 val_top1=93.51% val_top5=99.73% macroF1=0.9352 | lr_bb=8.18e-05 lr_head=7.99e-04 | gnorm=2.29 | 8.5s | best=0.9358(ep12) | no_improve=1
[eval] n=740 loss=0.4596 top1=93.24% top5=99.73% macroF1=93.25% balAcc=93.24% (37 类随机水平 2.70%)
[Epoch 014/039] train_loss=1.4782 train_acc1=55.38% | val_loss=0.4596 val_top1=93.24% val_top5=99.73% macroF1=0.9325 | lr_bb=7.86e-05 lr_head=7.65e-04 | gnorm=2.43 | 8.4s | best=0.9358(ep12) | no_improve=2
[eval] n=740 loss=0.4373 top1=93.65% top5=99.73% macroF1=93.67% balAcc=93.65% (37 类随机水平 2.70%)
[Epoch 015/039] train_loss=1.3939 train_acc1=67.22% | val_loss=0.4373 val_top1=93.65% val_top5=99.73% macroF1=0.9367 | lr_bb=7.53e-05 lr_head=7.28e-04 | gnorm=2.30 | 8.2s | best=0.9367(ep15) | no_improve=0
[eval] n=740 loss=0.4459 top1=94.46% top5=99.86% macroF1=94.50% balAcc=94.46% (37 类随机水平 2.70%)
[Epoch 016/039] train_loss=1.3968 train_acc1=50.31% | val_loss=0.4459 val_top1=94.46% val_top5=99.86% macroF1=0.9450 | lr_bb=7.18e-05 lr_head=6.90e-04 | gnorm=2.21 | 9.5s | best=0.9450(ep16) | no_improve=0
[eval] n=740 loss=0.4175 top1=94.46% top5=99.86% macroF1=94.49% balAcc=94.46% (37 类随机水平 2.70%)
[Epoch 017/039] train_loss=1.3604 train_acc1=56.91% | val_loss=0.4175 val_top1=94.46% val_top5=99.86% macroF1=0.9449 | lr_bb=6.82e-05 lr_head=6.50e-04 | gnorm=2.21 | 10.6s | best=0.9450(ep16) | no_improve=1
[eval] n=740 loss=0.4506 top1=94.19% top5=99.86% macroF1=94.22% balAcc=94.19% (37 类随机水平 2.70%)
[Epoch 018/039] train_loss=1.3902 train_acc1=56.84% | val_loss=0.4506 val_top1=94.19% val_top5=99.86% macroF1=0.9422 | lr_bb=6.45e-05 lr_head=6.09e-04 | gnorm=1.97 | 27.5s | best=0.9450(ep16) | no_improve=2
[eval] n=740 loss=0.4487 top1=93.92% top5=99.86% macroF1=93.93% balAcc=93.92% (37 类随机水平 2.70%)
[Epoch 019/039] train_loss=1.5295 train_acc1=52.22% | val_loss=0.4487 val_top1=93.92% val_top5=99.86% macroF1=0.9393 | lr_bb=6.07e-05 lr_head=5.68e-04 | gnorm=2.20 | 24.4s | best=0.9450(ep16) | no_improve=3
[eval] n=740 loss=0.5230 top1=94.19% top5=99.86% macroF1=94.24% balAcc=94.19% (37 类随机水平 2.70%)
[Epoch 020/039] train_loss=1.5360 train_acc1=64.13% | val_loss=0.5230 val_top1=94.19% val_top5=99.86% macroF1=0.9424 | lr_bb=5.69e-05 lr_head=5.26e-04 | gnorm=2.18 | 9.3s | best=0.9450(ep16) | no_improve=4
[eval] n=740 loss=0.4459 top1=94.19% top5=99.86% macroF1=94.24% balAcc=94.19% (37 类随机水平 2.70%)
[Epoch 021/039] train_loss=1.4434 train_acc1=62.01% | val_loss=0.4459 val_top1=94.19% val_top5=99.86% macroF1=0.9424 | lr_bb=5.31e-05 lr_head=4.84e-04 | gnorm=2.16 | 7.8s | best=0.9450(ep16) | no_improve=5
[eval] n=740 loss=0.4322 top1=94.05% top5=99.73% macroF1=94.10% balAcc=94.05% (37 类随机水平 2.70%)
[Epoch 022/039] train_loss=1.4131 train_acc1=58.44% | val_loss=0.4322 val_top1=94.05% val_top5=99.73% macroF1=0.9410 | lr_bb=4.93e-05 lr_head=4.42e-04 | gnorm=2.06 | 7.8s | best=0.9450(ep16) | no_improve=6
[eval] n=740 loss=0.4482 top1=94.46% top5=99.86% macroF1=94.48% balAcc=94.46% (37 类随机水平 2.70%)
[Epoch 023/039] train_loss=1.3454 train_acc1=53.19% | val_loss=0.4482 val_top1=94.46% val_top5=99.86% macroF1=0.9448 | lr_bb=4.55e-05 lr_head=4.01e-04 | gnorm=2.14 | 7.4s | best=0.9450(ep16) | no_improve=7
[eval] n=740 loss=0.4401 top1=94.59% top5=99.86% macroF1=94.62% balAcc=94.59% (37 类随机水平 2.70%)
[Epoch 024/039] train_loss=1.3960 train_acc1=55.76% | val_loss=0.4401 val_top1=94.59% val_top5=99.86% macroF1=0.9462 | lr_bb=4.18e-05 lr_head=3.60e-04 | gnorm=2.02 | 7.1s | best=0.9462(ep24) | no_improve=0
[eval] n=740 loss=0.4868 top1=94.59% top5=99.73% macroF1=94.63% balAcc=94.59% (37 类随机水平 2.70%)
[Epoch 025/039] train_loss=1.4066 train_acc1=58.23% | val_loss=0.4868 val_top1=94.59% val_top5=99.73% macroF1=0.9463 | lr_bb=3.82e-05 lr_head=3.20e-04 | gnorm=2.00 | 7.2s | best=0.9463(ep25) | no_improve=0
[eval] n=740 loss=0.4495 top1=94.59% top5=99.86% macroF1=94.63% balAcc=94.59% (37 类随机水平 2.70%)
[Epoch 026/039] train_loss=1.4059 train_acc1=60.31% | val_loss=0.4495 val_top1=94.59% val_top5=99.86% macroF1=0.9463 | lr_bb=3.47e-05 lr_head=2.82e-04 | gnorm=2.03 | 7.1s | best=0.9463(ep26) | no_improve=0
[eval] n=740 loss=0.4989 top1=94.46% top5=99.73% macroF1=94.52% balAcc=94.46% (37 类随机水平 2.70%)
[Epoch 027/039] train_loss=1.5460 train_acc1=63.68% | val_loss=0.4989 val_top1=94.46% val_top5=99.73% macroF1=0.9452 | lr_bb=3.14e-05 lr_head=2.45e-04 | gnorm=2.30 | 7.1s | best=0.9463(ep26) | no_improve=1
[eval] n=740 loss=0.4530 top1=94.32% top5=99.86% macroF1=94.35% balAcc=94.32% (37 类随机水平 2.70%)
[Epoch 028/039] train_loss=1.4062 train_acc1=50.24% | val_loss=0.4530 val_top1=94.32% val_top5=99.86% macroF1=0.9435 | lr_bb=2.82e-05 lr_head=2.11e-04 | gnorm=2.11 | 7.3s | best=0.9463(ep26) | no_improve=2
[eval] n=740 loss=0.4832 top1=93.92% top5=99.73% macroF1=93.98% balAcc=93.92% (37 类随机水平 2.70%)
[Epoch 029/039] train_loss=1.3686 train_acc1=59.76% | val_loss=0.4832 val_top1=93.92% val_top5=99.73% macroF1=0.9398 | lr_bb=2.53e-05 lr_head=1.78e-04 | gnorm=2.04 | 7.5s | best=0.9463(ep26) | no_improve=3
[eval] n=740 loss=0.4630 top1=94.59% top5=99.86% macroF1=94.63% balAcc=94.59% (37 类随机水平 2.70%)
[Epoch 030/039] train_loss=1.4584 train_acc1=62.12% | val_loss=0.4630 val_top1=94.59% val_top5=99.86% macroF1=0.9463 | lr_bb=2.25e-05 lr_head=1.48e-04 | gnorm=2.26 | 7.3s | best=0.9463(ep26) | no_improve=4
[eval] n=740 loss=0.4714 top1=94.32% top5=99.86% macroF1=94.36% balAcc=94.32% (37 类随机水平 2.70%)
[Epoch 031/039] train_loss=1.4612 train_acc1=68.30% | val_loss=0.4714 val_top1=94.32% val_top5=99.86% macroF1=0.9436 | lr_bb=2.00e-05 lr_head=1.20e-04 | gnorm=2.13 | 7.3s | best=0.9463(ep26) | no_improve=5
[eval] n=740 loss=0.4215 top1=94.46% top5=99.86% macroF1=94.49% balAcc=94.46% (37 类随机水平 2.70%)
[Epoch 032/039] train_loss=1.3080 train_acc1=59.34% | val_loss=0.4215 val_top1=94.46% val_top5=99.86% macroF1=0.9449 | lr_bb=1.77e-05 lr_head=9.49e-05 | gnorm=1.76 | 7.4s | best=0.9463(ep26) | no_improve=6
[eval] n=740 loss=0.4023 top1=94.73% top5=99.86% macroF1=94.76% balAcc=94.73% (37 类随机水平 2.70%)
[Epoch 033/039] train_loss=1.2902 train_acc1=59.03% | val_loss=0.4023 val_top1=94.73% val_top5=99.86% macroF1=0.9476 | lr_bb=1.57e-05 lr_head=7.29e-05 | gnorm=1.91 | 7.5s | best=0.9476(ep33) | no_improve=0
[eval] n=740 loss=0.4213 top1=94.59% top5=99.86% macroF1=94.62% balAcc=94.59% (37 类随机水平 2.70%)
[Epoch 034/039] train_loss=1.4226 train_acc1=63.72% | val_loss=0.4213 val_top1=94.59% val_top5=99.86% macroF1=0.9462 | lr_bb=1.40e-05 lr_head=5.39e-05 | gnorm=2.14 | 7.4s | best=0.9476(ep33) | no_improve=1
[eval] n=740 loss=0.4199 top1=94.73% top5=99.86% macroF1=94.76% balAcc=94.73% (37 类随机水平 2.70%)
[Epoch 035/039] train_loss=1.2758 train_acc1=67.08% | val_loss=0.4199 val_top1=94.73% val_top5=99.86% macroF1=0.9476 | lr_bb=1.26e-05 lr_head=3.83e-05 | gnorm=1.69 | 7.4s | best=0.9476(ep33) | no_improve=2
[eval] n=740 loss=0.4559 top1=94.86% top5=99.86% macroF1=94.89% balAcc=94.86% (37 类随机水平 2.70%)
[Epoch 036/039] train_loss=1.3479 train_acc1=63.89% | val_loss=0.4559 val_top1=94.86% val_top5=99.86% macroF1=0.9489 | lr_bb=1.15e-05 lr_head=2.60e-05 | gnorm=1.79 | 7.4s | best=0.9489(ep36) | no_improve=0
[eval] n=740 loss=0.4157 top1=94.59% top5=99.86% macroF1=94.64% balAcc=94.59% (37 类随机水平 2.70%)
[Epoch 037/039] train_loss=1.2510 train_acc1=52.15% | val_loss=0.4157 val_top1=94.59% val_top5=99.86% macroF1=0.9464 | lr_bb=1.06e-05 lr_head=1.71e-05 | gnorm=1.75 | 7.4s | best=0.9489(ep36) | no_improve=1
[eval] n=740 loss=0.4250 top1=94.32% top5=99.86% macroF1=94.35% balAcc=94.32% (37 类随机水平 2.70%)
[Epoch 038/039] train_loss=1.3591 train_acc1=57.81% | val_loss=0.4250 val_top1=94.32% val_top5=99.86% macroF1=0.9435 | lr_bb=1.02e-05 lr_head=1.18e-05 | gnorm=1.97 | 7.4s | best=0.9489(ep36) | no_improve=2
[eval] n=740 loss=0.4554 top1=94.59% top5=99.86% macroF1=94.63% balAcc=94.59% (37 类随机水平 2.70%)
[Epoch 039/039] train_loss=1.3866 train_acc1=62.57% | val_loss=0.4554 val_top1=94.59% val_top5=99.86% macroF1=0.9463 | lr_bb=1.00e-05 lr_head=1.00e-05 | gnorm=1.87 | 7.3s | best=0.9489(ep36) | no_improve=3
[test][警告] 这是第 2 次 test 评价；请确认没有用 test 选模型/调参（第 26 页硬性限制）
[eval] n=3669 loss=0.5432 top1=92.42% top5=99.43% macroF1=92.27% balAcc=92.38% (37 类随机水平 2.70%)
[done] test Top-1=92.42% Top-5=99.43% Macro-F1=92.27% | 结果写入 outputs\metrics\opt_mix_test.json
