Warning: You are sending unauthenticated requests to the HF Hub. Please set a HF_TOKEN to enable higher rate limits and faster downloads.
Unexpected keys (head.head_dist.bn.num_batches_tracked, head.head_dist.bn.bias, head.head_dist.bn.running_mean, head.head_dist.bn.running_var, head.head_dist.bn.weight) found while loading pretrained weights. This may be expected if model is being adapted.
[env] torch=2.14.0+cu126 timm=1.0.29 cuda=True device=cuda | python=3.14.5
[label] K=37 | 0=Abyssinian | 1=American Bulldog | 36=Yorkshire Terrier
[data] train=2940 val=740 test=3669 | 类别覆盖 train=37/val=37/test=37 (K=37)
[data] root=data/oxford-iiit-pet train_list=datasets/lists/pet_train.txt val_list=datasets/lists/pet_val.txt test_list=datasets/lists/pet_test.txt
[model] name=repvit_m0_9 tag=dist_300e_in1k hf_hub_id=timm/repvit_m0_9.dist_300e_in1k distillation=False
[model] 参数量 total=4,732,805 trainable=4,732,805 head=15,013
[model] 口径：未融合、单头、C=37 = 4,732,805（≈4.73M），本任务应命中此值；timm 裸 create_model 的未融合蒸馏双头 C=1000 = 5,489,328（≈5.49M）；未融合、单头、C=1000 = 5,103,560（≈5.10M）；融合后单头 = 5,067,056（C=1000，融合后单头）/ 4,696,301（C=37，融合后单头），净减 36,504，以本机实测为准
[optim] group=backbone_decay     n_params=126  lr=5.000e-05 wd=0.05
[optim] group=backbone_no_decay  n_params=255  lr=5.000e-05 wd=0.0
[optim] group=head_no_decay      n_params=3    lr=1.000e-03 wd=0.0
[optim] group=head_decay         n_params=1    lr=1.000e-03 wd=0.05
[eval] n=740 loss=3.6510 top1=1.35% top5=12.03% macroF1=1.38% balAcc=1.35% (37 类随机水平 2.70%)
[Epoch 000/039] train_loss=3.6450 train_acc1=2.67% | val_loss=3.6510 val_top1=1.35% val_top5=12.03% macroF1=0.0138 | lr_bb=1.70e-05 lr_head=3.40e-04 | gnorm=1.76 | 130.6s | best=0.0138(ep0) | no_improve=0
Traceback (most recent call last):
  File "C:\Users\14675\Desktop\one团队秋招ai算法\RepViT-Reproduction\tools\train.py", line 798, in <module>
    main()
    ~~~~^^
  File "C:\Users\14675\Desktop\one团队秋招ai算法\RepViT-Reproduction\tools\train.py", line 680, in main
    tr = train_one_epoch(model, train_loader, criterion, optimizer, scaler, device,
                         cfg, epoch, steps_jsonl, global_step, limit_batches)
  File "C:\Users\14675\Desktop\one团队秋招ai算法\RepViT-Reproduction\tools\train.py", line 540, in train_one_epoch
    for step, (x, y, _) in enumerate(loader):
                           ~~~~~~~~~^^^^^^^^
  File "C:\Users\14675\AppData\Roaming\Python\Python314\site-packages\torch\utils\data\dataloader.py", line 725, in __next__
    data = self._next_data()
  File "C:\Users\14675\AppData\Roaming\Python\Python314\site-packages\torch\utils\data\dataloader.py", line 1531, in _next_data
    return self._process_data(data, worker_id)
           ~~~~~~~~~~~~~~~~~~^^^^^^^^^^^^^^^^^
  File "C:\Users\14675\AppData\Roaming\Python\Python314\site-packages\torch\utils\data\dataloader.py", line 1569, in _process_data
    data.reraise()
    ~~~~~~~~~~~~^^
  File "C:\Users\14675\AppData\Roaming\Python\Python314\site-packages\torch\_utils.py", line 803, in reraise
    raise exception
RuntimeError: Caught RuntimeError in DataLoader worker process 0.
Original Traceback (most recent call last):
  File "C:\Users\14675\AppData\Roaming\Python\Python314\site-packages\torch\utils\data\_utils\worker.py", line 375, in _worker_loop
    data = fetcher.fetch(index)  # type: ignore[possibly-undefined]
  File "C:\Users\14675\AppData\Roaming\Python\Python314\site-packages\torch\utils\data\_utils\fetch.py", line 57, in fetch
    return self.collate_fn(data)
           ~~~~~~~~~~~~~~~^^^^^^
  File "C:\Users\14675\AppData\Roaming\Python\Python314\site-packages\torch\utils\data\_utils\collate.py", line 401, in default_collate
    return collate(batch, collate_fn_map=default_collate_fn_map)
  File "C:\Users\14675\AppData\Roaming\Python\Python314\site-packages\torch\utils\data\_utils\collate.py", line 215, in collate
    collate(samples, collate_fn_map=collate_fn_map)
    ~~~~~~~^^^^^^^^^^^^^^^^^^^^^^^^^^^^^^^^^^^^^^^^
  File "C:\Users\14675\AppData\Roaming\Python\Python314\site-packages\torch\utils\data\_utils\collate.py", line 155, in collate
    return collate_fn_map[elem_type](batch, collate_fn_map=collate_fn_map)
           ~~~~~~~~~~~~~~~~~~~~~~~~~^^^^^^^^^^^^^^^^^^^^^^^^^^^^^^^^^^^^^^
  File "C:\Users\14675\AppData\Roaming\Python\Python314\site-packages\torch\utils\data\_utils\collate.py", line 273, in collate_tensor_fn
    storage = elem._typed_storage()._new_shared(numel, device=elem.device)
  File "C:\Users\14675\AppData\Roaming\Python\Python314\site-packages\torch\storage.py", line 1220, in _new_shared
    untyped_storage = torch.UntypedStorage._new_shared(
        size * self._element_size(), device=device
    )
  File "C:\Users\14675\AppData\Roaming\Python\Python314\site-packages\torch\storage.py", line 421, in _new_shared
    return cls._new_using_filename_cpu(size)
           ~~~~~~~~~~~~~~~~~~~~~~~~~~~^^^^^^
RuntimeError: Couldn't open shared file mapping: <torch_22932_3052306905_28>, error code: <1455>

