Unexpected keys (head.head_dist.bn.num_batches_tracked, head.head_dist.bn.bias, head.head_dist.bn.running_mean, head.head_dist.bn.running_var, head.head_dist.bn.weight) found while loading pretrained weights. This may be expected if model is being adapted.
[env] torch=2.14.0+cu126 timm=1.0.29 cuda=True device=cuda | python=3.14.5
[label] K=37 | 0=Abyssinian | 1=american_bulldog | 36=yorkshire_terrier
[data] train=2940 val=740 test=3669 | 类别覆盖 train=37/val=37/test=37 (K=37)
[data] root=data/oxford-iiit-pet train_list=datasets/lists/pet_train.txt val_list=datasets/lists/pet_val.txt test_list=datasets/lists/pet_test.txt
[model] name=repvit_m0_9 tag=dist_300e_in1k hf_hub_id=timm/repvit_m0_9.dist_300e_in1k distillation=False
[model] 参数量 total=4,732,805 trainable=4,732,805 head=15,013
[model] 口径：未融合、单头、C=37 = 4,732,805（≈4.73M），本任务应命中此值；timm 裸 create_model 的未融合蒸馏双头 C=1000 = 5,489,328（≈5.49M）；未融合、单头、C=1000 = 5,103,560（≈5.10M）；融合后单头 = 5,067,056（C=1000，融合后单头）/ 4,696,301（C=37，融合后单头），净减 36,504，以本机实测为准
[optim] group=backbone_decay     n_params=126  lr=1.000e-04 wd=0.05
[optim] group=backbone_no_decay  n_params=255  lr=1.000e-04 wd=0.0
[optim] group=head_no_decay      n_params=3    lr=1.000e-03 wd=0.0
[optim] group=head_decay         n_params=1    lr=1.000e-03 wd=0.05
[eval] n=740 loss=3.6469 top1=1.62% top5=11.62% macroF1=1.64% balAcc=1.62% (37 类随机水平 2.70%)
[Epoch 000/039] train_loss=3.6498 train_acc1=1.84% | val_loss=3.6469 val_top1=1.62% val_top5=11.62% macroF1=0.0164 | lr_bb=3.40e-05 lr_head=3.40e-04 | gnorm=2.02 | 62.3s | best=0.0164(ep0) | no_improve=0
[eval] n=740 loss=2.8730 top1=66.22% top5=91.76% macroF1=64.82% balAcc=66.22% (37 类随机水平 2.70%)
[Epoch 001/039] train_loss=3.3396 train_acc1=29.76% | val_loss=2.8730 val_top1=66.22% val_top5=91.76% macroF1=0.6482 | lr_bb=6.70e-05 lr_head=6.70e-04 | gnorm=2.00 | 9.2s | best=0.6482(ep1) | no_improve=0
[eval] n=740 loss=1.3499 top1=84.32% top5=99.59% macroF1=83.65% balAcc=84.32% (37 类随机水平 2.70%)
[Epoch 002/039] train_loss=2.4192 train_acc1=73.75% | val_loss=1.3499 val_top1=84.32% val_top5=99.59% macroF1=0.8365 | lr_bb=1.00e-04 lr_head=1.00e-03 | gnorm=2.32 | 7.1s | best=0.8365(ep2) | no_improve=0
[eval] n=740 loss=0.5242 top1=89.59% top5=99.86% macroF1=89.51% balAcc=89.59% (37 类随机水平 2.70%)
[Epoch 003/039] train_loss=1.4161 train_acc1=85.52% | val_loss=0.5242 val_top1=89.59% val_top5=99.86% macroF1=0.8951 | lr_bb=9.98e-05 lr_head=9.98e-04 | gnorm=2.17 | 7.0s | best=0.8951(ep3) | no_improve=0
[eval] n=740 loss=0.4053 top1=91.49% top5=99.73% macroF1=91.44% balAcc=91.49% (37 类随机水平 2.70%)
[Epoch 004/039] train_loss=1.0709 train_acc1=89.62% | val_loss=0.4053 val_top1=91.49% val_top5=99.73% macroF1=0.9144 | lr_bb=9.94e-05 lr_head=9.93e-04 | gnorm=2.26 | 7.0s | best=0.9144(ep4) | no_improve=0
[eval] n=740 loss=0.3616 top1=92.43% top5=100.00% macroF1=92.38% balAcc=92.43% (37 类随机水平 2.70%)
[Epoch 005/039] train_loss=0.9602 train_acc1=93.16% | val_loss=0.3616 val_top1=92.43% val_top5=100.00% macroF1=0.9238 | lr_bb=9.85e-05 lr_head=9.84e-04 | gnorm=2.12 | 7.0s | best=0.9238(ep5) | no_improve=0
[eval] n=740 loss=0.3405 top1=92.84% top5=99.86% macroF1=92.83% balAcc=92.84% (37 类随机水平 2.70%)
[Epoch 006/039] train_loss=0.9139 train_acc1=94.62% | val_loss=0.3405 val_top1=92.84% val_top5=99.86% macroF1=0.9283 | lr_bb=9.74e-05 lr_head=9.72e-04 | gnorm=2.21 | 7.1s | best=0.9283(ep6) | no_improve=0
[eval] n=740 loss=0.3420 top1=92.97% top5=99.59% macroF1=92.97% balAcc=92.97% (37 类随机水平 2.70%)
[Epoch 007/039] train_loss=0.8841 train_acc1=95.42% | val_loss=0.3420 val_top1=92.97% val_top5=99.59% macroF1=0.9297 | lr_bb=9.60e-05 lr_head=9.56e-04 | gnorm=2.09 | 15.7s | best=0.9297(ep7) | no_improve=0
[eval] n=740 loss=0.3342 top1=92.70% top5=99.86% macroF1=92.68% balAcc=92.70% (37 类随机水平 2.70%)
[Epoch 008/039] train_loss=0.8506 train_acc1=96.67% | val_loss=0.3342 val_top1=92.70% val_top5=99.86% macroF1=0.9268 | lr_bb=9.43e-05 lr_head=9.37e-04 | gnorm=1.83 | 7.1s | best=0.9297(ep7) | no_improve=1
[eval] n=740 loss=0.3342 top1=92.97% top5=99.86% macroF1=92.97% balAcc=92.97% (37 类随机水平 2.70%)
[Epoch 009/039] train_loss=0.8387 train_acc1=96.88% | val_loss=0.3342 val_top1=92.97% val_top5=99.86% macroF1=0.9297 | lr_bb=9.23e-05 lr_head=9.15e-04 | gnorm=1.86 | 7.0s | best=0.9297(ep7) | no_improve=2
[eval] n=740 loss=0.3430 top1=93.11% top5=99.73% macroF1=93.07% balAcc=93.11% (37 类随机水平 2.70%)
[Epoch 010/039] train_loss=0.8190 train_acc1=97.47% | val_loss=0.3430 val_top1=93.11% val_top5=99.73% macroF1=0.9307 | lr_bb=9.00e-05 lr_head=8.90e-04 | gnorm=1.78 | 7.1s | best=0.9307(ep10) | no_improve=0
[eval] n=740 loss=0.3438 top1=94.19% top5=99.86% macroF1=94.21% balAcc=94.19% (37 类随机水平 2.70%)
[Epoch 011/039] train_loss=0.8031 train_acc1=97.95% | val_loss=0.3438 val_top1=94.19% val_top5=99.86% macroF1=0.9421 | lr_bb=8.75e-05 lr_head=8.62e-04 | gnorm=1.75 | 7.1s | best=0.9421(ep11) | no_improve=0
[eval] n=740 loss=0.3330 top1=93.65% top5=100.00% macroF1=93.68% balAcc=93.65% (37 类随机水平 2.70%)
[Epoch 012/039] train_loss=0.7981 train_acc1=97.99% | val_loss=0.3330 val_top1=93.65% val_top5=100.00% macroF1=0.9368 | lr_bb=8.47e-05 lr_head=8.32e-04 | gnorm=1.78 | 7.1s | best=0.9421(ep11) | no_improve=1
[eval] n=740 loss=0.3358 top1=93.92% top5=99.86% macroF1=93.92% balAcc=93.92% (37 类随机水平 2.70%)
[Epoch 013/039] train_loss=0.7830 train_acc1=98.89% | val_loss=0.3358 val_top1=93.92% val_top5=99.86% macroF1=0.9392 | lr_bb=8.18e-05 lr_head=7.99e-04 | gnorm=1.52 | 7.0s | best=0.9421(ep11) | no_improve=2
[eval] n=740 loss=0.3230 top1=93.65% top5=99.86% macroF1=93.68% balAcc=93.65% (37 类随机水平 2.70%)
[Epoch 014/039] train_loss=0.7867 train_acc1=98.16% | val_loss=0.3230 val_top1=93.65% val_top5=99.86% macroF1=0.9368 | lr_bb=7.86e-05 lr_head=7.65e-04 | gnorm=1.56 | 7.2s | best=0.9421(ep11) | no_improve=3
[eval] n=740 loss=0.3296 top1=94.19% top5=99.86% macroF1=94.19% balAcc=94.19% (37 类随机水平 2.70%)
[Epoch 015/039] train_loss=0.7821 train_acc1=98.30% | val_loss=0.3296 val_top1=94.19% val_top5=99.86% macroF1=0.9419 | lr_bb=7.53e-05 lr_head=7.28e-04 | gnorm=1.53 | 7.2s | best=0.9421(ep11) | no_improve=4
[eval] n=740 loss=0.3430 top1=93.51% top5=99.73% macroF1=93.51% balAcc=93.51% (37 类随机水平 2.70%)
[Epoch 016/039] train_loss=0.7723 train_acc1=98.85% | val_loss=0.3430 val_top1=93.51% val_top5=99.73% macroF1=0.9351 | lr_bb=7.18e-05 lr_head=6.90e-04 | gnorm=1.44 | 7.2s | best=0.9421(ep11) | no_improve=5
[eval] n=740 loss=0.3334 top1=93.38% top5=99.86% macroF1=93.35% balAcc=93.38% (37 类随机水平 2.70%)
[Epoch 017/039] train_loss=0.7701 train_acc1=98.68% | val_loss=0.3334 val_top1=93.38% val_top5=99.86% macroF1=0.9335 | lr_bb=6.82e-05 lr_head=6.50e-04 | gnorm=1.43 | 7.1s | best=0.9421(ep11) | no_improve=6
[eval] n=740 loss=0.3322 top1=93.65% top5=99.86% macroF1=93.67% balAcc=93.65% (37 类随机水平 2.70%)
[Epoch 018/039] train_loss=0.7622 train_acc1=98.99% | val_loss=0.3322 val_top1=93.65% val_top5=99.86% macroF1=0.9367 | lr_bb=6.45e-05 lr_head=6.09e-04 | gnorm=1.38 | 7.2s | best=0.9421(ep11) | no_improve=7
[eval] n=740 loss=0.3356 top1=94.19% top5=99.86% macroF1=94.23% balAcc=94.19% (37 类随机水平 2.70%)
[Epoch 019/039] train_loss=0.7564 train_acc1=99.10% | val_loss=0.3356 val_top1=94.19% val_top5=99.86% macroF1=0.9423 | lr_bb=6.07e-05 lr_head=5.68e-04 | gnorm=1.34 | 7.3s | best=0.9423(ep19) | no_improve=0
[eval] n=740 loss=0.3467 top1=94.32% top5=99.86% macroF1=94.32% balAcc=94.32% (37 类随机水平 2.70%)
[Epoch 020/039] train_loss=0.7600 train_acc1=98.78% | val_loss=0.3467 val_top1=94.32% val_top5=99.86% macroF1=0.9432 | lr_bb=5.69e-05 lr_head=5.26e-04 | gnorm=1.40 | 7.2s | best=0.9432(ep20) | no_improve=0
[eval] n=740 loss=0.3220 top1=94.19% top5=99.73% macroF1=94.23% balAcc=94.19% (37 类随机水平 2.70%)
[Epoch 021/039] train_loss=0.7561 train_acc1=98.82% | val_loss=0.3220 val_top1=94.19% val_top5=99.73% macroF1=0.9423 | lr_bb=5.31e-05 lr_head=4.84e-04 | gnorm=1.41 | 7.2s | best=0.9432(ep20) | no_improve=1
[eval] n=740 loss=0.3420 top1=94.32% top5=99.86% macroF1=94.35% balAcc=94.32% (37 类随机水平 2.70%)
[Epoch 022/039] train_loss=0.7516 train_acc1=99.34% | val_loss=0.3420 val_top1=94.32% val_top5=99.86% macroF1=0.9435 | lr_bb=4.93e-05 lr_head=4.42e-04 | gnorm=1.16 | 7.2s | best=0.9435(ep22) | no_improve=0
[eval] n=740 loss=0.3428 top1=94.19% top5=99.86% macroF1=94.19% balAcc=94.19% (37 类随机水平 2.70%)
[Epoch 023/039] train_loss=0.7525 train_acc1=98.89% | val_loss=0.3428 val_top1=94.19% val_top5=99.86% macroF1=0.9419 | lr_bb=4.55e-05 lr_head=4.01e-04 | gnorm=1.36 | 7.2s | best=0.9435(ep22) | no_improve=1
[eval] n=740 loss=0.3433 top1=93.65% top5=99.59% macroF1=93.62% balAcc=93.65% (37 类随机水平 2.70%)
[Epoch 024/039] train_loss=0.7471 train_acc1=99.10% | val_loss=0.3433 val_top1=93.65% val_top5=99.59% macroF1=0.9362 | lr_bb=4.18e-05 lr_head=3.60e-04 | gnorm=1.25 | 7.2s | best=0.9435(ep22) | no_improve=2
[eval] n=740 loss=0.3434 top1=94.32% top5=99.86% macroF1=94.35% balAcc=94.32% (37 类随机水平 2.70%)
[Epoch 025/039] train_loss=0.7461 train_acc1=99.24% | val_loss=0.3434 val_top1=94.32% val_top5=99.86% macroF1=0.9435 | lr_bb=3.82e-05 lr_head=3.20e-04 | gnorm=1.14 | 7.2s | best=0.9435(ep25) | no_improve=0
[eval] n=740 loss=0.3359 top1=94.46% top5=99.86% macroF1=94.47% balAcc=94.46% (37 类随机水平 2.70%)
[Epoch 026/039] train_loss=0.7415 train_acc1=99.34% | val_loss=0.3359 val_top1=94.46% val_top5=99.86% macroF1=0.9447 | lr_bb=3.47e-05 lr_head=2.82e-04 | gnorm=1.20 | 7.2s | best=0.9447(ep26) | no_improve=0
[eval] n=740 loss=0.3365 top1=93.92% top5=100.00% macroF1=93.94% balAcc=93.92% (37 类随机水平 2.70%)
[Epoch 027/039] train_loss=0.7465 train_acc1=98.75% | val_loss=0.3365 val_top1=93.92% val_top5=100.00% macroF1=0.9394 | lr_bb=3.14e-05 lr_head=2.45e-04 | gnorm=1.25 | 7.2s | best=0.9447(ep26) | no_improve=1
[eval] n=740 loss=0.3401 top1=94.32% top5=100.00% macroF1=94.33% balAcc=94.32% (37 类随机水平 2.70%)
[Epoch 028/039] train_loss=0.7421 train_acc1=99.13% | val_loss=0.3401 val_top1=94.32% val_top5=100.00% macroF1=0.9433 | lr_bb=2.82e-05 lr_head=2.11e-04 | gnorm=1.21 | 7.2s | best=0.9447(ep26) | no_improve=2
[eval] n=740 loss=0.3349 top1=94.19% top5=100.00% macroF1=94.22% balAcc=94.19% (37 类随机水平 2.70%)
[Epoch 029/039] train_loss=0.7394 train_acc1=99.41% | val_loss=0.3349 val_top1=94.19% val_top5=100.00% macroF1=0.9422 | lr_bb=2.53e-05 lr_head=1.78e-04 | gnorm=1.16 | 7.3s | best=0.9447(ep26) | no_improve=3
[eval] n=740 loss=0.3379 top1=94.59% top5=99.86% macroF1=94.61% balAcc=94.59% (37 类随机水平 2.70%)
[Epoch 030/039] train_loss=0.7378 train_acc1=99.41% | val_loss=0.3379 val_top1=94.59% val_top5=99.86% macroF1=0.9461 | lr_bb=2.25e-05 lr_head=1.48e-04 | gnorm=1.06 | 7.2s | best=0.9461(ep30) | no_improve=0
[eval] n=740 loss=0.3314 top1=94.05% top5=100.00% macroF1=94.09% balAcc=94.05% (37 类随机水平 2.70%)
[Epoch 031/039] train_loss=0.7368 train_acc1=99.44% | val_loss=0.3314 val_top1=94.05% val_top5=100.00% macroF1=0.9409 | lr_bb=2.00e-05 lr_head=1.20e-04 | gnorm=1.09 | 7.2s | best=0.9461(ep30) | no_improve=1
[eval] n=740 loss=0.3400 top1=94.73% top5=100.00% macroF1=94.75% balAcc=94.73% (37 类随机水平 2.70%)
[Epoch 032/039] train_loss=0.7342 train_acc1=99.51% | val_loss=0.3400 val_top1=94.73% val_top5=100.00% macroF1=0.9475 | lr_bb=1.77e-05 lr_head=9.49e-05 | gnorm=1.03 | 7.2s | best=0.9475(ep32) | no_improve=0
[eval] n=740 loss=0.3357 top1=94.46% top5=100.00% macroF1=94.47% balAcc=94.46% (37 类随机水平 2.70%)
[Epoch 033/039] train_loss=0.7392 train_acc1=99.20% | val_loss=0.3357 val_top1=94.46% val_top5=100.00% macroF1=0.9447 | lr_bb=1.57e-05 lr_head=7.29e-05 | gnorm=1.08 | 7.2s | best=0.9475(ep32) | no_improve=1
[eval] n=740 loss=0.3438 top1=95.00% top5=99.86% macroF1=95.02% balAcc=95.00% (37 类随机水平 2.70%)
[Epoch 034/039] train_loss=0.7399 train_acc1=99.24% | val_loss=0.3438 val_top1=95.00% val_top5=99.86% macroF1=0.9502 | lr_bb=1.40e-05 lr_head=5.39e-05 | gnorm=1.15 | 7.2s | best=0.9502(ep34) | no_improve=0
[eval] n=740 loss=0.3395 top1=94.73% top5=99.73% macroF1=94.76% balAcc=94.73% (37 类随机水平 2.70%)
[Epoch 035/039] train_loss=0.7344 train_acc1=99.51% | val_loss=0.3395 val_top1=94.73% val_top5=99.73% macroF1=0.9476 | lr_bb=1.26e-05 lr_head=3.83e-05 | gnorm=1.03 | 7.1s | best=0.9502(ep34) | no_improve=1
[eval] n=740 loss=0.3461 top1=94.19% top5=99.86% macroF1=94.20% balAcc=94.19% (37 类随机水平 2.70%)
[Epoch 036/039] train_loss=0.7335 train_acc1=99.51% | val_loss=0.3461 val_top1=94.19% val_top5=99.86% macroF1=0.9420 | lr_bb=1.15e-05 lr_head=2.60e-05 | gnorm=1.09 | 7.1s | best=0.9502(ep34) | no_improve=2
[eval] n=740 loss=0.3440 top1=94.32% top5=99.73% macroF1=94.34% balAcc=94.32% (37 类随机水平 2.70%)
[Epoch 037/039] train_loss=0.7303 train_acc1=99.31% | val_loss=0.3440 val_top1=94.32% val_top5=99.73% macroF1=0.9434 | lr_bb=1.06e-05 lr_head=1.71e-05 | gnorm=1.02 | 7.1s | best=0.9502(ep34) | no_improve=3
[eval] n=740 loss=0.3386 top1=94.32% top5=99.86% macroF1=94.34% balAcc=94.32% (37 类随机水平 2.70%)
[Epoch 038/039] train_loss=0.7320 train_acc1=99.38% | val_loss=0.3386 val_top1=94.32% val_top5=99.86% macroF1=0.9434 | lr_bb=1.02e-05 lr_head=1.18e-05 | gnorm=1.03 | 7.2s | best=0.9502(ep34) | no_improve=4
[eval] n=740 loss=0.3474 top1=94.19% top5=99.86% macroF1=94.21% balAcc=94.19% (37 类随机水平 2.70%)
[Epoch 039/039] train_loss=0.7363 train_acc1=99.34% | val_loss=0.3474 val_top1=94.19% val_top5=99.86% macroF1=0.9421 | lr_bb=1.00e-05 lr_head=1.00e-05 | gnorm=1.15 | 7.1s | best=0.9502(ep34) | no_improve=5
[eval] n=3669 loss=0.4217 top1=92.26% top5=99.24% macroF1=92.14% balAcc=92.19% (37 类随机水平 2.70%)
[done] test Top-1=92.26% Top-5=99.24% Macro-F1=92.14% | 结果写入 outputs\metrics\baseline_test.json
